Component: ARM Compiler 5.05 update 1 (build 106) Tool: armlink [4d0efa]

==============================================================================

Section Cross References

    sample-cli-commands.o(i.prvFmcTestCommand) refers to malloc.o(i.malloc) for malloc
    sample-cli-commands.o(i.prvFmcTestCommand) refers to printfa.o(i.__0printf) for __2printf
    sample-cli-commands.o(i.prvFmcTestCommand) refers to memseta.o(.text) for __aeabi_memclr
    sample-cli-commands.o(i.prvFmcTestCommand) refers to strcpy.o(.text) for strcpy
    sample-cli-commands.o(i.prvFmcTestCommand) refers to printfa.o(i.__0sprintf) for __2sprintf
    sample-cli-commands.o(i.prvFmcTestCommand) refers to strlen.o(.text) for strlen
    sample-cli-commands.o(i.prvFmcTestCommand) refers to strncat.o(.text) for strncat
    sample-cli-commands.o(i.prvFmcTestCommand) refers to fmc.o(i.flash_read) for flash_read
    sample-cli-commands.o(i.prvFmcTestCommand) refers to fmc.o(i.flash_write) for flash_write
    sample-cli-commands.o(i.prvFmcTestCommand) refers to fmc.o(i.flash_erase_sector) for flash_erase_sector
    sample-cli-commands.o(i.prvFmcTestCommand) refers to malloc.o(i.free) for free
    sample-cli-commands.o(i.prvGetClkCommand) refers to printfa.o(i.__0printf) for __2printf
    sample-cli-commands.o(i.prvGetClkCommand) refers to gd32f4xx_rcu.o(i.rcu_clock_freq_get) for rcu_clock_freq_get
    sample-cli-commands.o(i.prvGetClkCommand) refers to memseta.o(.text) for __aeabi_memclr
    sample-cli-commands.o(i.prvGetClkCommand) refers to strcpy.o(.text) for strcpy
    sample-cli-commands.o(i.prvGetPhyCommand) refers to printfa.o(i.__0printf) for __2printf
    sample-cli-commands.o(i.prvGetPhyCommand) refers to gd32f4xx_enet.o(i.enet_phy_write_read) for enet_phy_write_read
    sample-cli-commands.o(i.prvGetPhyCommand) refers to memseta.o(.text) for __aeabi_memclr
    sample-cli-commands.o(i.prvGetPhyCommand) refers to strcpy.o(.text) for strcpy
    sample-cli-commands.o(i.prvMdioReadCommand) refers to freertos_cli.o(i.FreeRTOS_CLIGetParameter) for FreeRTOS_CLIGetParameter
    sample-cli-commands.o(i.prvMdioReadCommand) refers to strncat.o(.text) for strncat
    sample-cli-commands.o(i.prvMdioReadCommand) refers to strtoul.o(.text) for strtoul
    sample-cli-commands.o(i.prvMdioReadCommand) refers to gd32f4xx_enet.o(i.enet_phy_write_read) for enet_phy_write_read
    sample-cli-commands.o(i.prvMdioReadCommand) refers to printfa.o(i.__0printf) for __2printf
    sample-cli-commands.o(i.prvMdioReadCommand) refers to memseta.o(.text) for __aeabi_memclr
    sample-cli-commands.o(i.prvMdioReadCommand) refers to strcpy.o(.text) for strcpy
    sample-cli-commands.o(i.prvMdioReadCommand) refers to sample-cli-commands.o(.data) for uxParameterNumber
    sample-cli-commands.o(i.prvMdioWriteCommand) refers to memseta.o(.text) for __aeabi_memclr
    sample-cli-commands.o(i.prvMdioWriteCommand) refers to freertos_cli.o(i.FreeRTOS_CLIGetParameter) for FreeRTOS_CLIGetParameter
    sample-cli-commands.o(i.prvMdioWriteCommand) refers to strncat.o(.text) for strncat
    sample-cli-commands.o(i.prvMdioWriteCommand) refers to strtoul.o(.text) for strtoul
    sample-cli-commands.o(i.prvMdioWriteCommand) refers to gd32f4xx_enet.o(i.enet_phy_write_read) for enet_phy_write_read
    sample-cli-commands.o(i.prvMdioWriteCommand) refers to printfa.o(i.__0printf) for __2printf
    sample-cli-commands.o(i.prvMdioWriteCommand) refers to strcpy.o(.text) for strcpy
    sample-cli-commands.o(i.prvMdioWriteCommand) refers to sample-cli-commands.o(.constdata) for .constdata
    sample-cli-commands.o(i.prvMdioWriteCommand) refers to sample-cli-commands.o(.data) for uxParameterNumber
    sample-cli-commands.o(i.prvParameterEchoCommand) refers to printfa.o(i.__0sprintf) for __2sprintf
    sample-cli-commands.o(i.prvParameterEchoCommand) refers to freertos_cli.o(i.FreeRTOS_CLIGetParameter) for FreeRTOS_CLIGetParameter
    sample-cli-commands.o(i.prvParameterEchoCommand) refers to memseta.o(.text) for __aeabi_memclr
    sample-cli-commands.o(i.prvParameterEchoCommand) refers to strncat.o(.text) for strncat
    sample-cli-commands.o(i.prvParameterEchoCommand) refers to sample-cli-commands.o(.data) for uxParameterNumber
    sample-cli-commands.o(i.prvPowerOffCommand) refers to basecpld.o(i.bc_cpu_power_off) for bc_cpu_power_off
    sample-cli-commands.o(i.prvPowerOffCommand) refers to memseta.o(.text) for __aeabi_memclr
    sample-cli-commands.o(i.prvPowerOffCommand) refers to strncat.o(.text) for strncat
    sample-cli-commands.o(i.prvPowerOnCommand) refers to basecpld.o(i.bc_cpu_power_on) for bc_cpu_power_on
    sample-cli-commands.o(i.prvPowerOnCommand) refers to memseta.o(.text) for __aeabi_memclr
    sample-cli-commands.o(i.prvPowerOnCommand) refers to strncat.o(.text) for strncat
    sample-cli-commands.o(i.prvQueryHeapCommand) refers to heap_4.o(i.xPortGetMinimumEverFreeHeapSize) for xPortGetMinimumEverFreeHeapSize
[...]
    Removing gd32f4xx_rtc.o(i.rtc_subsecond_get), (20 bytes).
    Removing gd32f4xx_rtc.o(i.rtc_tamper0_pin_map), (28 bytes).
    Removing gd32f4xx_rtc.o(i.rtc_tamper_disable), (16 bytes).
    Removing gd32f4xx_rtc.o(i.rtc_tamper_enable), (200 bytes).
    Removing gd32f4xx_rtc.o(i.rtc_timestamp_disable), (40 bytes).
    Removing gd32f4xx_rtc.o(i.rtc_timestamp_enable), (48 bytes).
    Removing gd32f4xx_rtc.o(i.rtc_timestamp_get), (60 bytes).
    Removing gd32f4xx_rtc.o(i.rtc_timestamp_pin_map), (28 bytes).
    Removing gd32f4xx_rtc.o(i.rtc_timestamp_subsecond_get), (12 bytes).
    Removing gd32f4xx_rtc.o(i.rtc_wakeup_clock_set), (92 bytes).
    Removing gd32f4xx_rtc.o(i.rtc_wakeup_disable), (84 bytes).
    Removing gd32f4xx_rtc.o(i.rtc_wakeup_enable), (40 bytes).
    Removing gd32f4xx_rtc.o(i.rtc_wakeup_timer_get), (12 bytes).
    Removing gd32f4xx_rtc.o(i.rtc_wakeup_timer_set), (76 bytes).
    Removing gd32f4xx_sdio.o(.rev16_text), (4 bytes).
    Removing gd32f4xx_sdio.o(.revsh_text), (4 bytes).
    Removing gd32f4xx_sdio.o(i.sdio_bus_mode_set), (28 bytes).
    Removing gd32f4xx_sdio.o(i.sdio_ceata_command_completion_disable), (20 bytes).
    Removing gd32f4xx_sdio.o(i.sdio_ceata_command_completion_enable), (20 bytes).
    Removing gd32f4xx_sdio.o(i.sdio_ceata_command_disable), (20 bytes).
    Removing gd32f4xx_sdio.o(i.sdio_ceata_command_enable), (20 bytes).
    Removing gd32f4xx_sdio.o(i.sdio_ceata_interrupt_disable), (20 bytes).
    Removing gd32f4xx_sdio.o(i.sdio_ceata_interrupt_enable), (20 bytes).
    Removing gd32f4xx_sdio.o(i.sdio_clock_config), (52 bytes).
    Removing gd32f4xx_sdio.o(i.sdio_clock_disable), (20 bytes).
    Removing gd32f4xx_sdio.o(i.sdio_clock_enable), (20 bytes).
    Removing gd32f4xx_sdio.o(i.sdio_command_index_get), (12 bytes).
    Removing gd32f4xx_sdio.o(i.sdio_command_response_config), (56 bytes).
    Removing gd32f4xx_sdio.o(i.sdio_csm_disable), (20 bytes).
    Removing gd32f4xx_sdio.o(i.sdio_csm_enable), (20 bytes).
    Removing gd32f4xx_sdio.o(i.sdio_data_config), (60 bytes).
    Removing gd32f4xx_sdio.o(i.sdio_data_counter_get), (12 bytes).
    Removing gd32f4xx_sdio.o(i.sdio_data_read), (12 bytes).
    Removing gd32f4xx_sdio.o(i.sdio_data_transfer_config), (28 bytes).
    Removing gd32f4xx_sdio.o(i.sdio_data_write), (12 bytes).
    Removing gd32f4xx_sdio.o(i.sdio_deinit), (20 bytes).
    Removing gd32f4xx_sdio.o(i.sdio_dma_disable), (20 bytes).
    Removing gd32f4xx_sdio.o(i.sdio_dma_enable), (20 bytes).
    Removing gd32f4xx_sdio.o(i.sdio_dsm_disable), (20 bytes).
    Removing gd32f4xx_sdio.o(i.sdio_dsm_enable), (20 bytes).
    Removing gd32f4xx_sdio.o(i.sdio_fifo_counter_get), (12 bytes).
    Removing gd32f4xx_sdio.o(i.sdio_flag_clear), (12 bytes).
    Removing gd32f4xx_sdio.o(i.sdio_flag_get), (20 bytes).
    Removing gd32f4xx_sdio.o(i.sdio_hardware_clock_disable), (20 bytes).
    Removing gd32f4xx_sdio.o(i.sdio_hardware_clock_enable), (20 bytes).
    Removing gd32f4xx_sdio.o(i.sdio_interrupt_enable), (16 bytes).
    Removing gd32f4xx_sdio.o(i.sdio_operation_disable), (20 bytes).
    Removing gd32f4xx_sdio.o(i.sdio_operation_enable), (20 bytes).
    Removing gd32f4xx_sdio.o(i.sdio_power_state_get), (12 bytes).
    Removing gd32f4xx_sdio.o(i.sdio_power_state_set), (12 bytes).
    Removing gd32f4xx_sdio.o(i.sdio_readwait_disable), (20 bytes).
    Removing gd32f4xx_sdio.o(i.sdio_readwait_enable), (20 bytes).
    Removing gd32f4xx_sdio.o(i.sdio_readwait_type_set), (40 bytes).
    Removing gd32f4xx_sdio.o(i.sdio_response_get), (60 bytes).
    Removing gd32f4xx_sdio.o(i.sdio_stop_readwait_disable), (20 bytes).
    Removing gd32f4xx_sdio.o(i.sdio_stop_readwait_enable), (20 bytes).
    Removing gd32f4xx_sdio.o(i.sdio_suspend_disable), (20 bytes).
    Removing gd32f4xx_sdio.o(i.sdio_suspend_enable), (20 bytes).
    Removing gd32f4xx_sdio.o(i.sdio_wait_type_set), (28 bytes).
    Removing gd32f4xx_spi.o(.rev16_text), (4 bytes).
    Removing gd32f4xx_spi.o(.revsh_text), (4 bytes).
    Removing gd32f4xx_spi.o(i.i2s_disable), (10 bytes).
    Removing gd32f4xx_spi.o(i.i2s_enable), (10 bytes).
    Removing gd32f4xx_spi.o(i.i2s_full_duplex_mode_config), (48 bytes).
    Removing gd32f4xx_spi.o(i.i2s_init), (28 bytes).
    Removing gd32f4xx_spi.o(i.i2s_psc_config), (292 bytes).
    Removing gd32f4xx_spi.o(i.qspi_disable), (14 bytes).
    Removing gd32f4xx_spi.o(i.qspi_enable), (14 bytes).
    Removing gd32f4xx_spi.o(i.qspi_io23_output_disable), (14 bytes).
    Removing gd32f4xx_spi.o(i.qspi_io23_output_enable), (14 bytes).
    Removing gd32f4xx_spi.o(i.qspi_read_enable), (14 bytes).
    Removing gd32f4xx_spi.o(i.qspi_write_enable), (14 bytes).
    Removing gd32f4xx_spi.o(i.spi_bidirectional_transfer_config), (26 bytes).
    Removing gd32f4xx_spi.o(i.spi_crc_error_clear), (10 bytes).
    Removing gd32f4xx_spi.o(i.spi_crc_get), (16 bytes).
    Removing gd32f4xx_spi.o(i.spi_crc_next), (10 bytes).
    Removing gd32f4xx_spi.o(i.spi_crc_off), (10 bytes).
    Removing gd32f4xx_spi.o(i.spi_crc_on), (10 bytes).
    Removing gd32f4xx_spi.o(i.spi_crc_polynomial_get), (8 bytes).
    Removing gd32f4xx_spi.o(i.spi_crc_polynomial_set), (4 bytes).
    Removing gd32f4xx_spi.o(i.spi_disable), (10 bytes).
    Removing gd32f4xx_spi.o(i.spi_dma_disable), (22 bytes).
    Removing gd32f4xx_spi.o(i.spi_dma_enable), (22 bytes).
    Removing gd32f4xx_spi.o(i.spi_enable), (10 bytes).
    Removing gd32f4xx_spi.o(i.spi_i2s_data_frame_format_config), (16 bytes).
    Removing gd32f4xx_spi.o(i.spi_i2s_data_receive), (8 bytes).
    Removing gd32f4xx_spi.o(i.spi_i2s_data_transmit), (4 bytes).
    Removing gd32f4xx_spi.o(i.spi_i2s_deinit), (172 bytes).
    Removing gd32f4xx_spi.o(i.spi_i2s_flag_get), (16 bytes).
    Removing gd32f4xx_spi.o(i.spi_i2s_interrupt_disable), (48 bytes).
    Removing gd32f4xx_spi.o(i.spi_i2s_interrupt_enable), (48 bytes).
    Removing gd32f4xx_spi.o(i.spi_i2s_interrupt_flag_get), (112 bytes).
    Removing gd32f4xx_spi.o(i.spi_init), (50 bytes).
    Removing gd32f4xx_spi.o(i.spi_nss_internal_high), (10 bytes).
    Removing gd32f4xx_spi.o(i.spi_nss_internal_low), (10 bytes).
    Removing gd32f4xx_spi.o(i.spi_nss_output_disable), (10 bytes).
    Removing gd32f4xx_spi.o(i.spi_nss_output_enable), (10 bytes).
    Removing gd32f4xx_spi.o(i.spi_struct_para_init), (18 bytes).
    Removing gd32f4xx_spi.o(i.spi_ti_mode_disable), (10 bytes).
    Removing gd32f4xx_spi.o(i.spi_ti_mode_enable), (10 bytes).
    Removing gd32f4xx_syscfg.o(.rev16_text), (4 bytes).
    Removing gd32f4xx_syscfg.o(.revsh_text), (4 bytes).
    Removing gd32f4xx_syscfg.o(i.syscfg_bootmode_config), (28 bytes).
    Removing gd32f4xx_syscfg.o(i.syscfg_compensation_config), (24 bytes).
    Removing gd32f4xx_syscfg.o(i.syscfg_deinit), (20 bytes).
    Removing gd32f4xx_syscfg.o(i.syscfg_enet_phy_interface_config), (24 bytes).
    Removing gd32f4xx_syscfg.o(i.syscfg_exmc_swap_config), (24 bytes).
    Removing gd32f4xx_syscfg.o(i.syscfg_exti_line_config), (172 bytes).
    Removing gd32f4xx_syscfg.o(i.syscfg_flag_get), (24 bytes).
    Removing gd32f4xx_syscfg.o(i.syscfg_fmc_swap_config), (24 bytes).
    Removing gd32f4xx_timer.o(.rev16_text), (4 bytes).
    Removing gd32f4xx_timer.o(.revsh_text), (4 bytes).
    Removing gd32f4xx_timer.o(i.timer_auto_reload_shadow_disable), (10 bytes).
    Removing gd32f4xx_timer.o(i.timer_auto_reload_shadow_enable), (10 bytes).
    Removing gd32f4xx_timer.o(i.timer_automatic_output_disable), (10 bytes).
    Removing gd32f4xx_timer.o(i.timer_automatic_output_enable), (10 bytes).
    Removing gd32f4xx_timer.o(i.timer_autoreload_value_config), (4 bytes).
    Removing gd32f4xx_timer.o(i.timer_break_config), (30 bytes).
    Removing gd32f4xx_timer.o(i.timer_break_disable), (10 bytes).
    Removing gd32f4xx_timer.o(i.timer_break_enable), (10 bytes).
    Removing gd32f4xx_timer.o(i.timer_break_struct_para_init), (18 bytes).
    Removing gd32f4xx_timer.o(i.timer_channel_capture_value_register_read), (42 bytes).
    Removing gd32f4xx_timer.o(i.timer_channel_complementary_output_polarity_config), (70 bytes).
    Removing gd32f4xx_timer.o(i.timer_channel_complementary_output_state_config), (70 bytes).
    Removing gd32f4xx_timer.o(i.timer_channel_control_shadow_config), (24 bytes).
    Removing gd32f4xx_timer.o(i.timer_channel_control_shadow_update_config), (26 bytes).
    Removing gd32f4xx_timer.o(i.timer_channel_dma_request_source_select), (26 bytes).
    Removing gd32f4xx_timer.o(i.timer_channel_input_capture_prescaler_config), (90 bytes).
    Removing gd32f4xx_timer.o(i.timer_channel_input_struct_para_init), (16 bytes).
    Removing gd32f4xx_timer.o(i.timer_channel_output_clear_config), (90 bytes).
    Removing gd32f4xx_timer.o(i.timer_channel_output_config), (492 bytes).
    Removing gd32f4xx_timer.o(i.timer_channel_output_fast_config), (90 bytes).
    Removing gd32f4xx_timer.o(i.timer_channel_output_mode_config), (90 bytes).
    Removing gd32f4xx_timer.o(i.timer_channel_output_polarity_config), (92 bytes).
    Removing gd32f4xx_timer.o(i.timer_channel_output_pulse_value_config), (38 bytes).
    Removing gd32f4xx_timer.o(i.timer_channel_output_shadow_config), (90 bytes).
    Removing gd32f4xx_timer.o(i.timer_channel_output_state_config), (92 bytes).
    Removing gd32f4xx_timer.o(i.timer_channel_output_struct_para_init), (16 bytes).
    Removing gd32f4xx_timer.o(i.timer_channel_remap_config), (4 bytes).
    Removing gd32f4xx_timer.o(i.timer_counter_alignment), (16 bytes).
    Removing gd32f4xx_timer.o(i.timer_counter_down_direction), (10 bytes).
    Removing gd32f4xx_timer.o(i.timer_counter_read), (8 bytes).
    Removing gd32f4xx_timer.o(i.timer_counter_up_direction), (10 bytes).
    Removing gd32f4xx_timer.o(i.timer_counter_value_config), (4 bytes).
    Removing gd32f4xx_timer.o(i.timer_deinit), (388 bytes).
    Removing gd32f4xx_timer.o(i.timer_disable), (10 bytes).
    Removing gd32f4xx_timer.o(i.timer_dma_disable), (8 bytes).
    Removing gd32f4xx_timer.o(i.timer_dma_enable), (8 bytes).
    Removing gd32f4xx_timer.o(i.timer_dma_transfer_config), (24 bytes).
    Removing gd32f4xx_timer.o(i.timer_enable), (10 bytes).
    Removing gd32f4xx_timer.o(i.timer_event_software_generate), (8 bytes).
    Removing gd32f4xx_timer.o(i.timer_external_clock_mode0_config), (40 bytes).
    Removing gd32f4xx_timer.o(i.timer_external_clock_mode1_config), (32 bytes).
    Removing gd32f4xx_timer.o(i.timer_external_clock_mode1_disable), (10 bytes).
    Removing gd32f4xx_timer.o(i.timer_external_trigger_as_external_clock_config), (166 bytes).
    Removing gd32f4xx_timer.o(i.timer_external_trigger_config), (30 bytes).
    Removing gd32f4xx_timer.o(i.timer_flag_clear), (6 bytes).
    Removing gd32f4xx_timer.o(i.timer_flag_get), (16 bytes).
    Removing gd32f4xx_timer.o(i.timer_hall_mode_config), (26 bytes).
    Removing gd32f4xx_timer.o(i.timer_init), (152 bytes).
    Removing gd32f4xx_timer.o(i.timer_input_capture_config), (326 bytes).
    Removing gd32f4xx_timer.o(i.timer_input_pwm_capture_config), (356 bytes).
    Removing gd32f4xx_timer.o(i.timer_input_trigger_source_select), (16 bytes).
    Removing gd32f4xx_timer.o(i.timer_internal_clock_config), (10 bytes).
    Removing gd32f4xx_timer.o(i.timer_internal_trigger_as_external_clock_config), (32 bytes).
    Removing gd32f4xx_timer.o(i.timer_interrupt_disable), (8 bytes).
    Removing gd32f4xx_timer.o(i.timer_interrupt_enable), (8 bytes).
    Removing gd32f4xx_timer.o(i.timer_interrupt_flag_clear), (6 bytes).
    Removing gd32f4xx_timer.o(i.timer_interrupt_flag_get), (24 bytes).
    Removing gd32f4xx_timer.o(i.timer_master_output_trigger_source_select), (16 bytes).
    Removing gd32f4xx_timer.o(i.timer_master_slave_mode_config), (26 bytes).
    Removing gd32f4xx_timer.o(i.timer_output_value_selection_config), (34 bytes).
    Removing gd32f4xx_timer.o(i.timer_prescaler_config), (14 bytes).
    Removing gd32f4xx_timer.o(i.timer_prescaler_read), (10 bytes).
    Removing gd32f4xx_timer.o(i.timer_primary_output_config), (24 bytes).
    Removing gd32f4xx_timer.o(i.timer_quadrature_decoder_mode_config), (64 bytes).
    Removing gd32f4xx_timer.o(i.timer_repetition_value_config), (4 bytes).
    Removing gd32f4xx_timer.o(i.timer_single_pulse_mode_config), (26 bytes).
    Removing gd32f4xx_timer.o(i.timer_slave_mode_select), (16 bytes).
    Removing gd32f4xx_timer.o(i.timer_struct_para_init), (22 bytes).
    Removing gd32f4xx_timer.o(i.timer_update_event_disable), (10 bytes).
    Removing gd32f4xx_timer.o(i.timer_update_event_enable), (10 bytes).
    Removing gd32f4xx_timer.o(i.timer_update_source_config), (26 bytes).
    Removing gd32f4xx_timer.o(i.timer_write_chxval_register_config), (34 bytes).
    Removing gd32f4xx_tli.o(.rev16_text), (4 bytes).
    Removing gd32f4xx_tli.o(.revsh_text), (4 bytes).
    Removing gd32f4xx_tli.o(i.tli_color_key_disable), (14 bytes).
    Removing gd32f4xx_tli.o(i.tli_color_key_enable), (14 bytes).
    Removing gd32f4xx_tli.o(i.tli_color_key_init), (16 bytes).
    Removing gd32f4xx_tli.o(i.tli_current_pos_get), (12 bytes).
    Removing gd32f4xx_tli.o(i.tli_deinit), (20 bytes).
    Removing gd32f4xx_tli.o(i.tli_disable), (20 bytes).
    Removing gd32f4xx_tli.o(i.tli_dither_config), (36 bytes).
    Removing gd32f4xx_tli.o(i.tli_enable), (20 bytes).
    Removing gd32f4xx_tli.o(i.tli_flag_get), (36 bytes).
    Removing gd32f4xx_tli.o(i.tli_init), (188 bytes).
    Removing gd32f4xx_tli.o(i.tli_interrupt_disable), (16 bytes).
    Removing gd32f4xx_tli.o(i.tli_interrupt_enable), (16 bytes).
    Removing gd32f4xx_tli.o(i.tli_interrupt_flag_clear), (16 bytes).
    Removing gd32f4xx_tli.o(i.tli_interrupt_flag_get), (36 bytes).
    Removing gd32f4xx_tli.o(i.tli_layer_disable), (14 bytes).
    Removing gd32f4xx_tli.o(i.tli_layer_enable), (14 bytes).
    Removing gd32f4xx_tli.o(i.tli_layer_init), (152 bytes).
    Removing gd32f4xx_tli.o(i.tli_layer_struct_para_init), (48 bytes).
    Removing gd32f4xx_tli.o(i.tli_layer_window_offset_modify), (228 bytes).
    Removing gd32f4xx_tli.o(i.tli_line_mark_set), (24 bytes).
    Removing gd32f4xx_tli.o(i.tli_lut_disable), (14 bytes).
    Removing gd32f4xx_tli.o(i.tli_lut_enable), (14 bytes).
    Removing gd32f4xx_tli.o(i.tli_lut_init), (28 bytes).
    Removing gd32f4xx_tli.o(i.tli_lut_struct_para_init), (12 bytes).
    Removing gd32f4xx_tli.o(i.tli_reload_config), (36 bytes).
    Removing gd32f4xx_tli.o(i.tli_struct_para_init), (34 bytes).
    Removing gd32f4xx_trng.o(.rev16_text), (4 bytes).
    Removing gd32f4xx_trng.o(.revsh_text), (4 bytes).
    Removing gd32f4xx_trng.o(i.trng_deinit), (20 bytes).
    Removing gd32f4xx_trng.o(i.trng_disable), (20 bytes).
    Removing gd32f4xx_trng.o(i.trng_enable), (20 bytes).
    Removing gd32f4xx_trng.o(i.trng_flag_get), (24 bytes).
    Removing gd32f4xx_trng.o(i.trng_get_true_random_data), (12 bytes).
    Removing gd32f4xx_trng.o(i.trng_interrupt_disable), (20 bytes).
    Removing gd32f4xx_trng.o(i.trng_interrupt_enable), (20 bytes).
    Removing gd32f4xx_trng.o(i.trng_interrupt_flag_clear), (16 bytes).
    Removing gd32f4xx_trng.o(i.trng_interrupt_flag_get), (24 bytes).
    Removing gd32f4xx_usart.o(.rev16_text), (4 bytes).
    Removing gd32f4xx_usart.o(.revsh_text), (4 bytes).
    Removing gd32f4xx_usart.o(i.usart_address_config), (20 bytes).
    Removing gd32f4xx_usart.o(i.usart_block_length_config), (28 bytes).
    Removing gd32f4xx_usart.o(i.usart_break_frame_coherence_config), (24 bytes).
    Removing gd32f4xx_usart.o(i.usart_data_first_config), (20 bytes).
    Removing gd32f4xx_usart.o(i.usart_disable), (10 bytes).
    Removing gd32f4xx_usart.o(i.usart_dma_receive_config), (16 bytes).
    Removing gd32f4xx_usart.o(i.usart_dma_transmit_config), (16 bytes).
    Removing gd32f4xx_usart.o(i.usart_flag_clear), (26 bytes).
    Removing gd32f4xx_usart.o(i.usart_guard_time_config), (24 bytes).
    Removing gd32f4xx_usart.o(i.usart_halfduplex_disable), (10 bytes).
    Removing gd32f4xx_usart.o(i.usart_halfduplex_enable), (10 bytes).
    Removing gd32f4xx_usart.o(i.usart_hardware_flow_coherence_config), (24 bytes).
    Removing gd32f4xx_usart.o(i.usart_hardware_flow_cts_config), (16 bytes).
    Removing gd32f4xx_usart.o(i.usart_hardware_flow_rts_config), (16 bytes).
    Removing gd32f4xx_usart.o(i.usart_interrupt_disable), (26 bytes).
    Removing gd32f4xx_usart.o(i.usart_interrupt_enable), (26 bytes).
    Removing gd32f4xx_usart.o(i.usart_invert_config), (104 bytes).
    Removing gd32f4xx_usart.o(i.usart_irda_lowpower_config), (20 bytes).
    Removing gd32f4xx_usart.o(i.usart_irda_mode_disable), (10 bytes).
    Removing gd32f4xx_usart.o(i.usart_irda_mode_enable), (10 bytes).
    Removing gd32f4xx_usart.o(i.usart_lin_break_detection_length_config), (20 bytes).
    Removing gd32f4xx_usart.o(i.usart_lin_mode_disable), (10 bytes).
    Removing gd32f4xx_usart.o(i.usart_lin_mode_enable), (10 bytes).
    Removing gd32f4xx_usart.o(i.usart_mute_mode_disable), (10 bytes).
    Removing gd32f4xx_usart.o(i.usart_mute_mode_enable), (10 bytes).
    Removing gd32f4xx_usart.o(i.usart_mute_mode_wakeup_config), (16 bytes).
    Removing gd32f4xx_usart.o(i.usart_oversample_config), (16 bytes).
    Removing gd32f4xx_usart.o(i.usart_parity_check_coherence_config), (24 bytes).
    Removing gd32f4xx_usart.o(i.usart_parity_config), (16 bytes).
    Removing gd32f4xx_usart.o(i.usart_prescaler_config), (16 bytes).
    Removing gd32f4xx_usart.o(i.usart_receiver_timeout_disable), (14 bytes).
    Removing gd32f4xx_usart.o(i.usart_receiver_timeout_enable), (14 bytes).
    Removing gd32f4xx_usart.o(i.usart_receiver_timeout_threshold_config), (20 bytes).
    Removing gd32f4xx_usart.o(i.usart_sample_bit_config), (16 bytes).
    Removing gd32f4xx_usart.o(i.usart_send_break), (10 bytes).
    Removing gd32f4xx_usart.o(i.usart_smartcard_autoretry_config), (26 bytes).
    Removing gd32f4xx_usart.o(i.usart_smartcard_mode_disable), (10 bytes).
    Removing gd32f4xx_usart.o(i.usart_smartcard_mode_enable), (10 bytes).
    Removing gd32f4xx_usart.o(i.usart_smartcard_mode_nack_disable), (10 bytes).
    Removing gd32f4xx_usart.o(i.usart_smartcard_mode_nack_enable), (10 bytes).
    Removing gd32f4xx_usart.o(i.usart_stop_bit_set), (16 bytes).
    Removing gd32f4xx_usart.o(i.usart_synchronous_clock_config), (34 bytes).
    Removing gd32f4xx_usart.o(i.usart_synchronous_clock_disable), (10 bytes).
    Removing gd32f4xx_usart.o(i.usart_synchronous_clock_enable), (10 bytes).
    Removing gd32f4xx_usart.o(i.usart_word_length_set), (16 bytes).
    Removing gd32f4xx_wwdgt.o(.rev16_text), (4 bytes).
    Removing gd32f4xx_wwdgt.o(.revsh_text), (4 bytes).
    Removing gd32f4xx_wwdgt.o(i.wwdgt_config), (56 bytes).
    Removing gd32f4xx_wwdgt.o(i.wwdgt_counter_update), (28 bytes).
    Removing gd32f4xx_wwdgt.o(i.wwdgt_deinit), (20 bytes).
    Removing gd32f4xx_wwdgt.o(i.wwdgt_enable), (20 bytes).
    Removing gd32f4xx_wwdgt.o(i.wwdgt_flag_clear), (20 bytes).
    Removing gd32f4xx_wwdgt.o(i.wwdgt_flag_get), (24 bytes).
    Removing gd32f4xx_wwdgt.o(i.wwdgt_interrupt_enable), (20 bytes).
    Removing system_gd32f4xx.o(.rev16_text), (4 bytes).
    Removing system_gd32f4xx.o(.revsh_text), (4 bytes).
    Removing system_gd32f4xx.o(i.SystemCoreClockUpdate), (272 bytes).
    Removing system_gd32f4xx.o(.data), (4 bytes).
    Removing startup_gd32f407_427.o(HEAP), (1024 bytes).
    Removing dfixi.o(.text), (62 bytes).
    Removing f2d.o(.text), (38 bytes).
    Removing d2f.o(.text), (56 bytes).
    Removing fepilogue.o(.text), (110 bytes).
    Removing dfltul.o(.text), (24 bytes).

1446 unused section(s) (total 161183 bytes) removed from the image.

==============================================================================

Image Symbol Table

    Local Symbols

    Symbol Name                              Value     Ov Type        Size  Object(Section)

    ../clib/microlib/ctype/ctype.c           0x00000000   Number         0  ctype_c.o ABSOLUTE
    ../clib/microlib/ctype/ctype.c           0x00000000   Number         0  ispunct_o.o ABSOLUTE
    ../clib/microlib/ctype/ctype.c           0x00000000   Number         0  islower_o.o ABSOLUTE
    ../clib/microlib/ctype/ctype.c           0x00000000   Number         0  isspace_c.o ABSOLUTE
    ../clib/microlib/ctype/ctype.c           0x00000000   Number         0  isdigit_o.o ABSOLUTE
    ../clib/microlib/ctype/ctype.c           0x00000000   Number         0  isprint_o.o ABSOLUTE
    ../clib/microlib/ctype/ctype.c           0x00000000   Number         0  isgraph_o.o ABSOLUTE
    ../clib/microlib/ctype/ctype.c           0x00000000   Number         0  isxdigit_o.o ABSOLUTE
    ../clib/microlib/ctype/ctype.c           0x00000000   Number         0  isspace_o.o ABSOLUTE
    ../clib/microlib/ctype/ctype.c           0x00000000   Number         0  iscntrl_o.o ABSOLUTE
    ../clib/microlib/ctype/ctype.c           0x00000000   Number         0  isblank_o.o ABSOLUTE
    ../clib/microlib/ctype/ctype.c           0x00000000   Number         0  isalnum_o.o ABSOLUTE
    ../clib/microlib/ctype/ctype.c           0x00000000   Number         0  ctype_o.o ABSOLUTE
    ../clib/microlib/ctype/ctype.c           0x00000000   Number         0  isalpha_o.o ABSOLUTE
    ../clib/microlib/ctype/ctype.c           0x00000000   Number         0  isupper_o.o ABSOLUTE
    ../clib/microlib/division.c              0x00000000   Number         0  uidiv.o ABSOLUTE
    ../clib/microlib/division.c              0x00000000   Number         0  uldiv.o ABSOLUTE
    ../clib/microlib/errno.c                 0x00000000   Number         0  errno.o ABSOLUTE
    ../clib/microlib/init/entry.s            0x00000000   Number         0  entry7a.o ABSOLUTE
    ../clib/microlib/init/entry.s            0x00000000   Number         0  entry7b.o ABSOLUTE
    ../clib/microlib/init/entry.s            0x00000000   Number         0  entry11a.o ABSOLUTE
    ../clib/microlib/init/entry.s            0x00000000   Number         0  entry5.o ABSOLUTE
    ../clib/microlib/init/entry.s            0x00000000   Number         0  entry10b.o ABSOLUTE
    ../clib/microlib/init/entry.s            0x00000000   Number         0  entry10a.o ABSOLUTE
    ../clib/microlib/init/entry.s            0x00000000   Number         0  entry2.o ABSOLUTE
    ../clib/microlib/init/entry.s            0x00000000   Number         0  entry9b.o ABSOLUTE
    ../clib/microlib/init/entry.s            0x00000000   Number         0  entry9a.o ABSOLUTE
    ../clib/microlib/init/entry.s            0x00000000   Number         0  entry8b.o ABSOLUTE
    ../clib/microlib/init/entry.s            0x00000000   Number         0  entry8a.o ABSOLUTE
    ../clib/microlib/init/entry.s            0x00000000   Number         0  entry11b.o ABSOLUTE
    ../clib/microlib/init/entry.s            0x00000000   Number         0  entry.o ABSOLUTE
    ../clib/microlib/longlong.c              0x00000000   Number         0  llushr.o ABSOLUTE
    ../clib/microlib/longlong.c              0x00000000   Number         0  llshl.o ABSOLUTE
    ../clib/microlib/longlong.c              0x00000000   Number         0  llsshr.o ABSOLUTE
    ../clib/microlib/malloc/malloc.c         0x00000000   Number         0  malloc.o ABSOLUTE
    ../clib/microlib/malloc/malloc.c         0x00000000   Number         0  malloca.o ABSOLUTE
    ../clib/microlib/malloc/malloc.c         0x00000000   Number         0  mallocr.o ABSOLUTE
    ../clib/microlib/malloc/malloc.c         0x00000000   Number         0  mallocra.o ABSOLUTE
    ../clib/microlib/malloc/mvars.c          0x00000000   Number         0  mvars.o ABSOLUTE
    ../clib/microlib/printf/printf.c         0x00000000   Number         0  printf3.o ABSOLUTE
    ../clib/microlib/printf/printf.c         0x00000000   Number         0  printf0.o ABSOLUTE
    ../clib/microlib/printf/printf.c         0x00000000   Number         0  printfa.o ABSOLUTE
    ../clib/microlib/printf/printf.c         0x00000000   Number         0  printf8.o ABSOLUTE
    ../clib/microlib/printf/printf.c         0x00000000   Number         0  printf1.o ABSOLUTE
    ../clib/microlib/printf/printf.c         0x00000000   Number         0  printfb.o ABSOLUTE
    ../clib/microlib/printf/printf.c         0x00000000   Number         0  printf2.o ABSOLUTE
    ../clib/microlib/printf/printf.c         0x00000000   Number         0  printf7.o ABSOLUTE
    ../clib/microlib/printf/printf.c         0x00000000   Number         0  printf6.o ABSOLUTE
    ../clib/microlib/printf/printf.c         0x00000000   Number         0  printf5.o ABSOLUTE
    ../clib/microlib/printf/printf.c         0x00000000   Number         0  printf4.o ABSOLUTE
    ../clib/microlib/printf/stubs.s          0x00000000   Number         0  stubs.o ABSOLUTE
    ../clib/microlib/stdio/streams.c         0x00000000   Number         0  stdout.o ABSOLUTE
    ../clib/microlib/string/memcpy.c         0x00000000   Number         0  memcpyb.o ABSOLUTE
    ../clib/microlib/string/memcpy.c         0x00000000   Number         0  memcpya.o ABSOLUTE
    ../clib/microlib/string/memset.c         0x00000000   Number         0  memseta.o ABSOLUTE
    ../clib/microlib/string/memset.c         0x00000000   Number         0  memset.o ABSOLUTE
    ../clib/microlib/string/strcat.c         0x00000000   Number         0  strcat.o ABSOLUTE
    ../clib/microlib/string/strcpy.c         0x00000000   Number         0  strcpy.o ABSOLUTE
    ../clib/microlib/string/strlen.c         0x00000000   Number         0  strlen.o ABSOLUTE
    ../clib/microlib/string/strncat.c        0x00000000   Number         0  strncat.o ABSOLUTE
    ../clib/microlib/string/strncmp.c        0x00000000   Number         0  strncmp.o ABSOLUTE
    ../clib/microlib/string/strncpy.c        0x00000000   Number         0  strncpy.o ABSOLUTE
    ../clib/microlib/string/strstr.c         0x00000000   Number         0  strstr.o ABSOLUTE
    ../clib/microlib/string/strtok.c         0x00000000   Number         0  strtok_r.o ABSOLUTE
    ../clib/microlib/string/strtok.c         0x00000000   Number         0  strtok.o ABSOLUTE
    ../clib/microlib/stubs.s                 0x00000000   Number         0  iusefp.o ABSOLUTE
    ../clib/scanf.c                          0x00000000   Number         0  _strtoul.o ABSOLUTE
    ../clib/scanf.c                          0x00000000   Number         0  strtoul.o ABSOLUTE
    ../clib/scanf.c                          0x00000000   Number         0  strtod.o ABSOLUTE
    ../clib/scanf.c                          0x00000000   Number         0  _chval.o ABSOLUTE
    ../clib/scanf.c                          0x00000000   Number         0  scanf_fp.o ABSOLUTE
    ../clib/scanf.c                          0x00000000   Number         0  _sgetc.o ABSOLUTE
    ../fplib/microlib/d2f.c                  0x00000000   Number         0  d2f.o ABSOLUTE
    ../fplib/microlib/f2d.c                  0x00000000   Number         0  f2d.o ABSOLUTE
    ../fplib/microlib/fpadd.c                0x00000000   Number         0  dadd.o ABSOLUTE
    ../fplib/microlib/fpdiv.c                0x00000000   Number         0  ddiv.o ABSOLUTE
    ../fplib/microlib/fpepilogue.c           0x00000000   Number         0  fepilogue.o ABSOLUTE
    ../fplib/microlib/fpepilogue.c           0x00000000   Number         0  depilogue.o ABSOLUTE
    ../fplib/microlib/fpfix.c                0x00000000   Number         0  dfixi.o ABSOLUTE
    ../fplib/microlib/fpfix.c                0x00000000   Number         0  dfixul.o ABSOLUTE
    ../fplib/microlib/fpflt.c                0x00000000   Number         0  dfltul.o ABSOLUTE
    ../fplib/microlib/fpmul.c                0x00000000   Number         0  dmul.o ABSOLUTE
    ../mathlib/strtof.c                      0x00000000   Number         0  strtof.o ABSOLUTE
    ..\\gd32f4xx_it.c                        0x00000000   Number         0  gd32f4xx_it.o ABSOLUTE
    ..\\main.c                               0x00000000   Number         0  main.o ABSOLUTE
    ..\\systick.c                            0x00000000   Number         0  systick.o ABSOLUTE
    ..\gd32f4xx_it.c                         0x00000000   Number         0  gd32f4xx_it.o ABSOLUTE
    ..\main.c                                0x00000000   Number         0  main.o ABSOLUTE
    ..\systick.c                             0x00000000   Number         0  systick.o ABSOLUTE
    Library\Firmware\CMSIS\GD\GD32F4xx\Source\ARM\startup_gd32f407_427.s 0x00000000   Number         0  startup_gd32f407_427.o ABSOLUTE
    Library\Firmware\CMSIS\GD\GD32F4xx\Source\system_gd32f4xx.c 0x00000000   Number         0  system_gd32f4xx.o ABSOLUTE
    Library\Firmware\GD32F4xx_standard_peripheral\Source\gd32f4xx_adc.c 0x00000000   Number         0  gd32f4xx_adc.o ABSOLUTE
    Library\Firmware\GD32F4xx_standard_peripheral\Source\gd32f4xx_can.c 0x00000000   Number         0  gd32f4xx_can.o ABSOLUTE
    Library\Firmware\GD32F4xx_standard_peripheral\Source\gd32f4xx_crc.c 0x00000000   Number         0  gd32f4xx_crc.o ABSOLUTE
    Library\Firmware\GD32F4xx_standard_peripheral\Source\gd32f4xx_ctc.c 0x00000000   Number         0  gd32f4xx_ctc.o ABSOLUTE
    Library\Firmware\GD32F4xx_standard_peripheral\Source\gd32f4xx_dac.c 0x00000000   Number         0  gd32f4xx_dac.o ABSOLUTE
    Library\Firmware\GD32F4xx_standard_peripheral\Source\gd32f4xx_dbg.c 0x00000000   Number         0  gd32f4xx_dbg.o ABSOLUTE
    Library\Firmware\GD32F4xx_standard_peripheral\Source\gd32f4xx_dci.c 0x00000000   Number         0  gd32f4xx_dci.o ABSOLUTE
    Library\Firmware\GD32F4xx_standard_peripheral\Source\gd32f4xx_dma.c 0x00000000   Number         0  gd32f4xx_dma.o ABSOLUTE
    Library\Firmware\GD32F4xx_standard_peripheral\Source\gd32f4xx_enet.c 0x00000000   Number         0  gd32f4xx_enet.o ABSOLUTE
    Library\Firmware\GD32F4xx_standard_peripheral\Source\gd32f4xx_exmc.c 0x00000000   Number         0  gd32f4xx_exmc.o ABSOLUTE
    Library\Firmware\GD32F4xx_standard_peripheral\Source\gd32f4xx_exti.c 0x00000000   Number         0  gd32f4xx_exti.o ABSOLUTE
    Library\Firmware\GD32F4xx_standard_peripheral\Source\gd32f4xx_fmc.c 0x00000000   Number         0  gd32f4xx_fmc.o ABSOLUTE
    Library\Firmware\GD32F4xx_standard_peripheral\Source\gd32f4xx_fwdgt.c 0x00000000   Number         0  gd32f4xx_fwdgt.o ABSOLUTE
    Library\Firmware\GD32F4xx_standard_peripheral\Source\gd32f4xx_gpio.c 0x00000000   Number         0  gd32f4xx_gpio.o ABSOLUTE
    Library\Firmware\GD32F4xx_standard_peripheral\Source\gd32f4xx_i2c.c 0x00000000   Number         0  gd32f4xx_i2c.o ABSOLUTE
    Library\Firmware\GD32F4xx_standard_peripheral\Source\gd32f4xx_ipa.c 0x00000000   Number         0  gd32f4xx_ipa.o ABSOLUTE
    Library\Firmware\GD32F4xx_standard_peripheral\Source\gd32f4xx_iref.c 0x00000000   Number         0  gd32f4xx_iref.o ABSOLUTE
    Library\Firmware\GD32F4xx_standard_peripheral\Source\gd32f4xx_misc.c 0x00000000   Number         0  gd32f4xx_misc.o ABSOLUTE
    Library\Firmware\GD32F4xx_standard_peripheral\Source\gd32f4xx_pmu.c 0x00000000   Number         0  gd32f4xx_pmu.o ABSOLUTE
    Library\Firmware\GD32F4xx_standard_peripheral\Source\gd32f4xx_rcu.c 0x00000000   Number         0  gd32f4xx_rcu.o ABSOLUTE
    Library\Firmware\GD32F4xx_standard_peripheral\Source\gd32f4xx_rtc.c 0x00000000   Number         0  gd32f4xx_rtc.o ABSOLUTE
    Library\Firmware\GD32F4xx_standard_peripheral\Source\gd32f4xx_sdio.c 0x00000000   Number         0  gd32f4xx_sdio.o ABSOLUTE
    Library\Firmware\GD32F4xx_standard_peripheral\Source\gd32f4xx_spi.c 0x00000000   Number         0  gd32f4xx_spi.o ABSOLUTE
    Library\Firmware\GD32F4xx_standard_peripheral\Source\gd32f4xx_syscfg.c 0x00000000   Number         0  gd32f4xx_syscfg.o ABSOLUTE
    Library\Firmware\GD32F4xx_standard_peripheral\Source\gd32f4xx_timer.c 0x00000000   Number         0  gd32f4xx_timer.o ABSOLUTE
    Library\Firmware\GD32F4xx_standard_peripheral\Source\gd32f4xx_tli.c 0x00000000   Number         0  gd32f4xx_tli.o ABSOLUTE
    Library\Firmware\GD32F4xx_standard_peripheral\Source\gd32f4xx_trng.c 0x00000000   Number         0  gd32f4xx_trng.o ABSOLUTE
    Library\Firmware\GD32F4xx_standard_peripheral\Source\gd32f4xx_usart.c 0x00000000   Number         0  gd32f4xx_usart.o ABSOLUTE
    Library\Firmware\GD32F4xx_standard_peripheral\Source\gd32f4xx_wwdgt.c 0x00000000   Number         0  gd32f4xx_wwdgt.o ABSOLUTE
    Library\Utilities\gd32f450z_eval.c       0x00000000   Number         0  gd32f450z_eval.o ABSOLUTE
    Library\\Firmware\\CMSIS\\GD\\GD32F4xx\\Source\\system_gd32f4xx.c 0x00000000   Number         0  system_gd32f4xx.o ABSOLUTE
    Library\\Firmware\\GD32F4xx_standard_peripheral\\Source\\gd32f4xx_adc.c 0x00000000   Number         0  gd32f4xx_adc.o ABSOLUTE
    Library\\Firmware\\GD32F4xx_standard_peripheral\\Source\\gd32f4xx_can.c 0x00000000   Number         0  gd32f4xx_can.o ABSOLUTE
    Library\\Firmware\\GD32F4xx_standard_peripheral\\Source\\gd32f4xx_crc.c 0x00000000   Number         0  gd32f4xx_crc.o ABSOLUTE
    Library\\Firmware\\GD32F4xx_standard_peripheral\\Source\\gd32f4xx_ctc.c 0x00000000   Number         0  gd32f4xx_ctc.o ABSOLUTE
    Library\\Firmware\\GD32F4xx_standard_peripheral\\Source\\gd32f4xx_dac.c 0x00000000   Number         0  gd32f4xx_dac.o ABSOLUTE
    Library\\Firmware\\GD32F4xx_standard_peripheral\\Source\\gd32f4xx_dbg.c 0x00000000   Number         0  gd32f4xx_dbg.o ABSOLUTE
    Library\\Firmware\\GD32F4xx_standard_peripheral\\Source\\gd32f4xx_dci.c 0x00000000   Number         0  gd32f4xx_dci.o ABSOLUTE
    Library\\Firmware\\GD32F4xx_standard_peripheral\\Source\\gd32f4xx_dma.c 0x00000000   Number         0  gd32f4xx_dma.o ABSOLUTE
    Library\\Firmware\\GD32F4xx_standard_peripheral\\Source\\gd32f4xx_enet.c 0x00000000   Number         0  gd32f4xx_enet.o ABSOLUTE
    Library\\Firmware\\GD32F4xx_standard_peripheral\\Source\\gd32f4xx_exmc.c 0x00000000   Number         0  gd32f4xx_exmc.o ABSOLUTE
    Library\\Firmware\\GD32F4xx_standard_peripheral\\Source\\gd32f4xx_exti.c 0x00000000   Number         0  gd32f4xx_exti.o ABSOLUTE
    Library\\Firmware\\GD32F4xx_standard_peripheral\\Source\\gd32f4xx_fmc.c 0x00000000   Number         0  gd32f4xx_fmc.o ABSOLUTE
    Library\\Firmware\\GD32F4xx_standard_peripheral\\Source\\gd32f4xx_fwdgt.c 0x00000000   Number         0  gd32f4xx_fwdgt.o ABSOLUTE
    Library\\Firmware\\GD32F4xx_standard_peripheral\\Source\\gd32f4xx_gpio.c 0x00000000   Number         0  gd32f4xx_gpio.o ABSOLUTE
    Library\\Firmware\\GD32F4xx_standard_peripheral\\Source\\gd32f4xx_i2c.c 0x00000000   Number         0  gd32f4xx_i2c.o ABSOLUTE
    Library\\Firmware\\GD32F4xx_standard_peripheral\\Source\\gd32f4xx_ipa.c 0x00000000   Number         0  gd32f4xx_ipa.o ABSOLUTE
    Library\\Firmware\\GD32F4xx_standard_peripheral\\Source\\gd32f4xx_iref.c 0x00000000   Number         0  gd32f4xx_iref.o ABSOLUTE
    Library\\Firmware\\GD32F4xx_standard_peripheral\\Source\\gd32f4xx_misc.c 0x00000000   Number         0  gd32f4xx_misc.o ABSOLUTE
    Library\\Firmware\\GD32F4xx_standard_peripheral\\Source\\gd32f4xx_pmu.c 0x00000000   Number         0  gd32f4xx_pmu.o ABSOLUTE
    Library\\Firmware\\GD32F4xx_standard_peripheral\\Source\\gd32f4xx_rcu.c 0x00000000   Number         0  gd32f4xx_rcu.o ABSOLUTE
    Library\\Firmware\\GD32F4xx_standard_peripheral\\Source\\gd32f4xx_rtc.c 0x00000000   Number         0  gd32f4xx_rtc.o ABSOLUTE
    Library\\Firmware\\GD32F4xx_standard_peripheral\\Source\\gd32f4xx_sdio.c 0x00000000   Number         0  gd32f4xx_sdio.o ABSOLUTE
    Library\\Firmware\\GD32F4xx_standard_peripheral\\Source\\gd32f4xx_spi.c 0x00000000   Number         0  gd32f4xx_spi.o ABSOLUTE
    Library\\Firmware\\GD32F4xx_standard_peripheral\\Source\\gd32f4xx_syscfg.c 0x00000000   Number         0  gd32f4xx_syscfg.o ABSOLUTE
    Library\\Firmware\\GD32F4xx_standard_peripheral\\Source\\gd32f4xx_timer.c 0x00000000   Number         0  gd32f4xx_timer.o ABSOLUTE
    Library\\Firmware\\GD32F4xx_standard_peripheral\\Source\\gd32f4xx_tli.c 0x00000000   Number         0  gd32f4xx_tli.o ABSOLUTE
    Library\\Firmware\\GD32F4xx_standard_peripheral\\Source\\gd32f4xx_trng.c 0x00000000   Number         0  gd32f4xx_trng.o ABSOLUTE
    Library\\Firmware\\GD32F4xx_standard_peripheral\\Source\\gd32f4xx_usart.c 0x00000000   Number         0  gd32f4xx_usart.o ABSOLUTE
    Library\\Firmware\\GD32F4xx_standard_peripheral\\Source\\gd32f4xx_wwdgt.c 0x00000000   Number         0  gd32f4xx_wwdgt.o ABSOLUTE
    Library\\Utilities\\gd32f450z_eval.c     0x00000000   Number         0  gd32f450z_eval.o ABSOLUTE
    Third_Party\FreeRTOSv10.1.1\FreeRTOS\Source\FreeRTOS_CLI.c 0x00000000   Number         0  freertos_cli.o ABSOLUTE
    Third_Party\FreeRTOSv10.1.1\FreeRTOS\Source\croutine.c 0x00000000   Number         0  croutine.o ABSOLUTE
    Third_Party\FreeRTOSv10.1.1\FreeRTOS\Source\event_groups.c 0x00000000   Number         0  event_groups.o ABSOLUTE
    Third_Party\FreeRTOSv10.1.1\FreeRTOS\Source\list.c 0x00000000   Number         0  list.o ABSOLUTE
    Third_Party\FreeRTOSv10.1.1\FreeRTOS\Source\portable\MemMang\heap_4.c 0x00000000   Number         0  heap_4.o ABSOLUTE
    Third_Party\FreeRTOSv10.1.1\FreeRTOS\Source\portable\RVDS\ARM_CM4F\port.c 0x00000000   Number         0  port.o ABSOLUTE
    Third_Party\FreeRTOSv10.1.1\FreeRTOS\Source\queue.c 0x00000000   Number         0  queue.o ABSOLUTE
    Third_Party\FreeRTOSv10.1.1\FreeRTOS\Source\stream_buffer.c 0x00000000   Number         0  stream_buffer.o ABSOLUTE
    Third_Party\FreeRTOSv10.1.1\FreeRTOS\Source\tasks.c 0x00000000   Number         0  tasks.o ABSOLUTE
    Third_Party\FreeRTOSv10.1.1\FreeRTOS\Source\timers.c 0x00000000   Number         0  timers.o ABSOLUTE
    Third_Party\\FreeRTOSv10.1.1\\FreeRTOS\\Source\\portable\\RVDS\\ARM_CM4F\\port.c 0x00000000   Number         0  port.o ABSOLUTE
    app\\adc\\hk_adc.c                       0x00000000   Number         0  hk_adc.o ABSOLUTE
    app\\comm\\basecpld.c                    0x00000000   Number         0  basecpld.o ABSOLUTE
    app\\console\\Sample-CLI-commands.c      0x00000000   Number         0  sample-cli-commands.o ABSOLUTE
    app\\console\\serial.c                   0x00000000   Number         0  serial.o ABSOLUTE
    app\\emmc\\emmc.c                        0x00000000   Number         0  emmc.o ABSOLUTE
    app\\fatfs\\diskio.c                     0x00000000   Number         0  diskio.o ABSOLUTE
    app\\fatfs\\fatfs_user.c                 0x00000000   Number         0  fatfs_user.o ABSOLUTE
    app\\fatfs\\ff.c                         0x00000000   Number         0  ff.o ABSOLUTE
    app\\fmc\\fmc.c                          0x00000000   Number         0  fmc.o ABSOLUTE
    app\\hk_sensor\\hk_sensor.c              0x00000000   Number         0  hk_sensor.o ABSOLUTE
    app\\i2c\\hk_i2c.c                       0x00000000   Number         0  hk_i2c.o ABSOLUTE
    app\\ipmb\\ipmb.c                        0x00000000   Number         0  ipmb.o ABSOLUTE
    app\\ipmb\\ipmb_slave.c                  0x00000000   Number         0  ipmb_slave.o ABSOLUTE
    app\\online_check\\online_check.c        0x00000000   Number         0  online_check.o ABSOLUTE
    app\\pin.c                               0x00000000   Number         0  pin.o ABSOLUTE
    app\\spi\\gd25qxx.c                      0x00000000   Number         0  gd25qxx.o ABSOLUTE
    app\\upgrade\\biosupgrade.c              0x00000000   Number         0  biosupgrade.o ABSOLUTE
    app\\upgrade\\bmcupgrade.c               0x00000000   Number         0  bmcupgrade.o ABSOLUTE
    app\\upgrade\\bootload.c                 0x00000000   Number         0  bootload.o ABSOLUTE
    app\\wdg\\hk_wdg.c                       0x00000000   Number         0  hk_wdg.o ABSOLUTE
    app\\ymodem\\common.c                    0x00000000   Number         0  common.o ABSOLUTE
    app\\ymodem\\download.c                  0x00000000   Number         0  download.o ABSOLUTE
    app\\ymodem\\hk_ymodem.c                 0x00000000   Number         0  hk_ymodem.o ABSOLUTE
    app\\ymodem\\ymodem.c                    0x00000000   Number         0  ymodem.o ABSOLUTE
    app\adc\hk_adc.c                         0x00000000   Number         0  hk_adc.o ABSOLUTE
    app\comm\basecpld.c                      0x00000000   Number         0  basecpld.o ABSOLUTE
    app\console\Sample-CLI-commands.c        0x00000000   Number         0  sample-cli-commands.o ABSOLUTE
    app\console\UARTCommandConsole.c         0x00000000   Number         0  uartcommandconsole.o ABSOLUTE
    app\console\serial.c                     0x00000000   Number         0  serial.o ABSOLUTE
    app\emmc\emmc.c                          0x00000000   Number         0  emmc.o ABSOLUTE
    app\fatfs\diskio.c                       0x00000000   Number         0  diskio.o ABSOLUTE
    app\fatfs\fatfs_user.c                   0x00000000   Number         0  fatfs_user.o ABSOLUTE
    app\fatfs\ff.c                           0x00000000   Number         0  ff.o ABSOLUTE
    app\fmc\fmc.c                            0x00000000   Number         0  fmc.o ABSOLUTE
    app\hk_sensor\hk_sensor.c                0x00000000   Number         0  hk_sensor.o ABSOLUTE
    app\i2c\hk_i2c.c                         0x00000000   Number         0  hk_i2c.o ABSOLUTE
    app\ipmb\ipmb.c                          0x00000000   Number         0  ipmb.o ABSOLUTE
    app\ipmb\ipmb_slave.c                    0x00000000   Number         0  ipmb_slave.o ABSOLUTE
    app\online_check\online_check.c          0x00000000   Number         0  online_check.o ABSOLUTE
    app\pin.c                                0x00000000   Number         0  pin.o ABSOLUTE
    app\spi\gd25qxx.c                        0x00000000   Number         0  gd25qxx.o ABSOLUTE
    app\syswarn\hk_sys_warn.c                0x00000000   Number         0  hk_sys_warn.o ABSOLUTE
    app\upgrade\biosupgrade.c                0x00000000   Number         0  biosupgrade.o ABSOLUTE
    app\upgrade\bmcupgrade.c                 0x00000000   Number         0  bmcupgrade.o ABSOLUTE
    app\upgrade\bootload.c                   0x00000000   Number         0  bootload.o ABSOLUTE
    app\wdg\hk_wdg.c                         0x00000000   Number         0  hk_wdg.o ABSOLUTE
    app\ymodem\common.c                      0x00000000   Number         0  common.o ABSOLUTE
    app\ymodem\download.c                    0x00000000   Number         0  download.o ABSOLUTE
    app\ymodem\hk_common.c                   0x00000000   Number         0  hk_common.o ABSOLUTE
    app\ymodem\hk_ymodem.c                   0x00000000   Number         0  hk_ymodem.o ABSOLUTE
    app\ymodem\ymodem.c                      0x00000000   Number         0  ymodem.o ABSOLUTE
    cdrcmple.s                               0x00000000   Number         0  cdrcmple.o ABSOLUTE
    dc.s                                     0x00000000   Number         0  dc.o ABSOLUTE
    handlers.s                               0x00000000   Number         0  handlers.o ABSOLUTE
    init.s                                   0x00000000   Number         0  init.o ABSOLUTE
    RESET                                    0x08000000   Section      392  startup_gd32f407_427.o(RESET)
    .ARM.Collect$$$$00000000                 0x08000188   Section        0  entry.o(.ARM.Collect$$$$00000000)
    .ARM.Collect$$$$00000001                 0x08000188   Section        4  entry2.o(.ARM.Collect$$$$00000001)
    .ARM.Collect$$$$00000004                 0x0800018c   Section        4  entry5.o(.ARM.Collect$$$$00000004)
    .ARM.Collect$$$$00000008                 0x08000190   Section        0  entry7b.o(.ARM.Collect$$$$00000008)
    .ARM.Collect$$$$0000000A                 0x08000190   Section        0  entry8b.o(.ARM.Collect$$$$0000000A)
    .ARM.Collect$$$$0000000B                 0x08000190   Section        8  entry9a.o(.ARM.Collect$$$$0000000B)
    .ARM.Collect$$$$0000000D                 0x08000198   Section        0  entry10a.o(.ARM.Collect$$$$0000000D)
    .ARM.Collect$$$$0000000F                 0x08000198   Section        0  entry11a.o(.ARM.Collect$$$$0000000F)
    .ARM.Collect$$$$00002712                 0x08000198   Section        4  entry2.o(.ARM.Collect$$$$00002712)
    __lit__00000000                          0x08000198   Data           4  entry2.o(.ARM.Collect$$$$00002712)
    .emb_text                                0x0800019c   Section      190  port.o(.emb_text)
    $v0                                      0x0800019c   Number         0  port.o(.emb_text)
    .text                                    0x0800025c   Section       36  startup_gd32f407_427.o(.text)
    $v0                                      0x0800025c   Number         0  startup_gd32f407_427.o(.text)
    .text                                    0x08000280   Section        0  uldiv.o(.text)
    .text                                    0x080002e2   Section        0  memcpya.o(.text)
    .text                                    0x08000306   Section        0  dadd.o(.text)
    .text                                    0x08000454   Section        0  dmul.o(.text)
    .text                                    0x08000538   Section        0  ddiv.o(.text)
    .text                                    0x08000616   Section        0  uidiv.o(.text)
    .text                                    0x08000642   Section        0  llshl.o(.text)
    .text                                    0x08000660   Section        0  llushr.o(.text)
    .text                                    0x08000680   Section        0  llsshr.o(.text)
    .text                                    0x080006a4   Section        0  depilogue.o(.text)
    .text                                    0x080006a4   Section        0  iusefp.o(.text)
    .text                                    0x0800075e   Section        0  dfixul.o(.text)
    .text                                    0x08000790   Section       48  cdrcmple.o(.text)
    .text                                    0x080007c0   Section       36  init.o(.text)
    i.BusFault_Handler                       0x080007e4   Section        0  gd32f4xx_it.o(i.BusFault_Handler)
    i.DebugMon_Handler                       0x080007e8   Section        0  gd32f4xx_it.o(i.DebugMon_Handler)
    i.HardFault_Handler                      0x080007ea   Section        0  gd32f4xx_it.o(i.HardFault_Handler)
    i.MemManage_Handler                      0x080007ee   Section        0  gd32f4xx_it.o(i.MemManage_Handler)
    i.NMI_Handler                            0x080007f2   Section        0  gd32f4xx_it.o(i.NMI_Handler)
    i.SDIO_IRQHandler                        0x080007f4   Section        0  gd32f4xx_it.o(i.SDIO_IRQHandler)
    i.SysTick_Handler                        0x080007fc   Section        0  port.o(i.SysTick_Handler)
    i.SystemInit                             0x08000830   Section        0  system_gd32f4xx.o(i.SystemInit)
    i.UART4_IRQHandler                       0x080008f8   Section        0  serial.o(i.UART4_IRQHandler)
    i.UsageFault_Handler                     0x08000954   Section        0  gd32f4xx_it.o(i.UsageFault_Handler)
    i.__0printf                              0x08000958   Section        0  printfa.o(i.__0printf)
    i.__scatterload_copy                     0x08000978   Section       14  handlers.o(i.__scatterload_copy)
    i.__scatterload_null                     0x08000986   Section        2  handlers.o(i.__scatterload_null)
    i.__scatterload_zeroinit                 0x08000988   Section       14  handlers.o(i.__scatterload_zeroinit)
    i._boot_branch_state_get                 0x08000998   Section        0  bootload.o(i._boot_branch_state_get)
    _boot_branch_state_get                   0x08000999   Thumb Code    34  bootload.o(i._boot_branch_state_get)
    i._boot_init_com                         0x080009c4   Section        0  bootload.o(i._boot_init_com)
    _boot_init_com                           0x080009c5   Thumb Code   140  bootload.o(i._boot_init_com)
    i._boot_jump_to_app                      0x08000a5c   Section        0  bootload.o(i._boot_jump_to_app)
    _boot_jump_to_app                        0x08000a5d   Thumb Code    32  bootload.o(i._boot_jump_to_app)
    i._fp_digits                             0x08000a80   Section        0  printfa.o(i._fp_digits)
    _fp_digits                               0x08000a81   Thumb Code   334  printfa.o(i._fp_digits)
    i._printf_core                           0x08000be4   Section        0  printfa.o(i._printf_core)
    _printf_core                             0x08000be5   Thumb Code  1744  printfa.o(i._printf_core)
    i._printf_post_padding                   0x080012c0   Section        0  printfa.o(i._printf_post_padding)
    _printf_post_padding                     0x080012c1   Thumb Code    36  printfa.o(i._printf_post_padding)
    i._printf_pre_padding                    0x080012e4   Section        0  printfa.o(i._printf_pre_padding)
    _printf_pre_padding                      0x080012e5   Thumb Code    46  printfa.o(i._printf_pre_padding)
    i.boot_start                             0x08001314   Section        0  bootload.o(i.boot_start)
    i.fputc                                  0x080013b0   Section        0  serial.o(i.fputc)
    i.gpio_af_set                            0x080013d4   Section        0  gd32f4xx_gpio.o(i.gpio_af_set)
    i.gpio_mode_set                          0x08001432   Section        0  gd32f4xx_gpio.o(i.gpio_mode_set)
    i.gpio_output_options_set                0x08001480   Section        0  gd32f4xx_gpio.o(i.gpio_output_options_set)
    i.main                                   0x080014c2   Section        0  main.o(i.main)
    i.prvCopyDataToQueue                     0x080014ca   Section        0  queue.o(i.prvCopyDataToQueue)
    prvCopyDataToQueue                       0x080014cb   Thumb Code   126  queue.o(i.prvCopyDataToQueue)
    i.prvResetNextTaskUnblockTime            0x08001548   Section        0  tasks.o(i.prvResetNextTaskUnblockTime)
    prvResetNextTaskUnblockTime              0x08001549   Thumb Code    42  tasks.o(i.prvResetNextTaskUnblockTime)
    i.rcu_clock_freq_get                     0x0800157c   Section        0  gd32f4xx_rcu.o(i.rcu_clock_freq_get)
    i.rcu_periph_clock_enable                0x080016a0   Section        0  gd32f4xx_rcu.o(i.rcu_periph_clock_enable)
    i.rcu_periph_reset_disable               0x080016c4   Section        0  gd32f4xx_rcu.o(i.rcu_periph_reset_disable)
    i.rcu_periph_reset_enable                0x080016e8   Section        0  gd32f4xx_rcu.o(i.rcu_periph_reset_enable)
    i.sd_interrupts_process                  0x0800170c   Section        0  emmc.o(i.sd_interrupts_process)
    i.sdio_interrupt_disable                 0x08001820   Section        0  gd32f4xx_sdio.o(i.sdio_interrupt_disable)
    i.sdio_interrupt_flag_clear              0x08001830   Section        0  gd32f4xx_sdio.o(i.sdio_interrupt_flag_clear)
    i.sdio_interrupt_flag_get                0x0800183c   Section        0  gd32f4xx_sdio.o(i.sdio_interrupt_flag_get)
    i.system_clock_200m_25m_hxtal            0x08001850   Section        0  system_gd32f4xx.o(i.system_clock_200m_25m_hxtal)
    system_clock_200m_25m_hxtal              0x08001851   Thumb Code   240  system_gd32f4xx.o(i.system_clock_200m_25m_hxtal)
    i.system_clock_config                    0x0800194c   Section        0  system_gd32f4xx.o(i.system_clock_config)
    system_clock_config                      0x0800194d   Thumb Code     8  system_gd32f4xx.o(i.system_clock_config)
    i.usart_baudrate_set                     0x08001954   Section        0  gd32f4xx_usart.o(i.usart_baudrate_set)
    i.usart_data_receive                     0x08001a3c   Section        0  gd32f4xx_usart.o(i.usart_data_receive)
    i.usart_data_transmit                    0x08001a46   Section        0  gd32f4xx_usart.o(i.usart_data_transmit)
    i.usart_deinit                           0x08001a50   Section        0  gd32f4xx_usart.o(i.usart_deinit)
    i.usart_enable                           0x08001b2c   Section        0  gd32f4xx_usart.o(i.usart_enable)
    i.usart_flag_get                         0x08001b36   Section        0  gd32f4xx_usart.o(i.usart_flag_get)
    i.usart_interrupt_flag_clear             0x08001b54   Section        0  gd32f4xx_usart.o(i.usart_interrupt_flag_clear)
    i.usart_interrupt_flag_get               0x08001b6e   Section        0  gd32f4xx_usart.o(i.usart_interrupt_flag_get)
    i.usart_receive_config                   0x08001ba6   Section        0  gd32f4xx_usart.o(i.usart_receive_config)
    i.usart_transmit_config                  0x08001bb6   Section        0  gd32f4xx_usart.o(i.usart_transmit_config)
    i.uxListRemove                           0x08001bc6   Section        0  list.o(i.uxListRemove)
    i.vListInsertEnd                         0x08001bee   Section        0  list.o(i.vListInsertEnd)
    i.vPortValidateInterruptPriority         0x08001c08   Section        0  port.o(i.vPortValidateInterruptPriority)
    i.vTaskSwitchContext                     0x08001c80   Section        0  tasks.o(i.vTaskSwitchContext)
    i.xQueueGenericSendFromISR               0x08001d0c   Section        0  queue.o(i.xQueueGenericSendFromISR)
    i.xTaskIncrementTick                     0x08001e04   Section        0  tasks.o(i.xTaskIncrementTick)
    i.xTaskPriorityDisinherit                0x08001f4c   Section        0  tasks.o(i.xTaskPriorityDisinherit)
    i.xTaskRemoveFromEventList               0x08002014   Section        0  tasks.o(i.xTaskRemoveFromEventList)
    .data                                    0x20000000   Section        8  serial.o(.data)
    xRxedChars                               0x20000000   Data           4  serial.o(.data)
    xCharsForTx                              0x20000004   Data           4  serial.o(.data)
    .data                                    0x20000008   Section       36  emmc.o(.data)
    cardtype                                 0x20000010   Data           1  emmc.o(.data)
    sd_rca                                   0x20000012   Data           2  emmc.o(.data)
    transmode                                0x20000014   Data           4  emmc.o(.data)
    totalnumber_bytes                        0x20000018   Data           4  emmc.o(.data)
    stopcondition                            0x2000001c   Data           4  emmc.o(.data)
    transerror                               0x20000020   Data           1  emmc.o(.data)
    transend                                 0x20000024   Data           4  emmc.o(.data)
    number_bytes                             0x20000028   Data           4  emmc.o(.data)
    .data                                    0x2000002c   Section       60  tasks.o(.data)
    pxDelayedTaskList                        0x20000030   Data           4  tasks.o(.data)
    pxOverflowDelayedTaskList                0x20000034   Data           4  tasks.o(.data)
    uxDeletedTasksWaitingCleanUp             0x20000038   Data           4  tasks.o(.data)
    uxCurrentNumberOfTasks                   0x2000003c   Data           4  tasks.o(.data)
    xTickCount                               0x20000040   Data           4  tasks.o(.data)
    uxTopReadyPriority                       0x20000044   Data           4  tasks.o(.data)
    xSchedulerRunning                        0x20000048   Data           4  tasks.o(.data)
    uxPendedTicks                            0x2000004c   Data           4  tasks.o(.data)
    xYieldPending                            0x20000050   Data           4  tasks.o(.data)
    xNumOfOverflows                          0x20000054   Data           4  tasks.o(.data)
    uxTaskNumber                             0x20000058   Data           4  tasks.o(.data)
    xNextTaskUnblockTime                     0x2000005c   Data           4  tasks.o(.data)
    xIdleTaskHandle                          0x20000060   Data           4  tasks.o(.data)
    uxSchedulerSuspended                     0x20000064   Data           4  tasks.o(.data)
    .data                                    0x20000068   Section       12  port.o(.data)
    uxCriticalNesting                        0x20000068   Data           4  port.o(.data)
    ucMaxSysCallPriority                     0x2000006c   Data           1  port.o(.data)
    ulMaxPRIGROUPValue                       0x20000070   Data           4  port.o(.data)
    .data                                    0x20000074   Section        4  stdout.o(.data)
    .bss                                     0x20000078   Section      260  tasks.o(.bss)
    pxReadyTasksLists                        0x20000078   Data         160  tasks.o(.bss)
    xDelayedTaskList1                        0x20000118   Data          20  tasks.o(.bss)
    xDelayedTaskList2                        0x2000012c   Data          20  tasks.o(.bss)
    xPendingReadyList                        0x20000140   Data          20  tasks.o(.bss)
    xTasksWaitingTermination                 0x20000154   Data          20  tasks.o(.bss)
    xSuspendedTaskList                       0x20000168   Data          20  tasks.o(.bss)
    STACK                                    0x20000180   Section     1024  startup_gd32f407_427.o(STACK)

    Global Symbols

    Symbol Name                              Value     Ov Type        Size  Object(Section)

    BuildAttributes$$THM_ISAv4$E$P$D$K$B$S$7EM$VFPi3$EXTD16$VFPS$VFMA$PE$A:L22UL41UL21$X:L11$S22US41US21$IEEE1$IW$USESV6$~STKCKD$USESV7$~SHL$OTIME$ROPI$IEEEJ$EBA8$MICROLIB$REQ8$PRES8$EABIv2 0x00000000   Number         0  anon$$obj.o ABSOLUTE
    __ARM_use_no_argv                        0x00000000   Number         0  main.o ABSOLUTE
    _printf_a                                0x00000000   Number         0  stubs.o ABSOLUTE
    _printf_c                                0x00000000   Number         0  stubs.o ABSOLUTE
    _printf_charcount                        0x00000000   Number         0  stubs.o ABSOLUTE
    _printf_d                                0x00000000   Number         0  stubs.o ABSOLUTE
    _printf_e                                0x00000000   Number         0  stubs.o ABSOLUTE
    _printf_f                                0x00000000   Number         0  stubs.o ABSOLUTE
    _printf_flags                            0x00000000   Number         0  stubs.o ABSOLUTE
    _printf_fp_dec                           0x00000000   Number         0  stubs.o ABSOLUTE
    _printf_fp_hex                           0x00000000   Number         0  stubs.o ABSOLUTE
    _printf_g                                0x00000000   Number         0  stubs.o ABSOLUTE
    _printf_i                                0x00000000   Number         0  stubs.o ABSOLUTE
    _printf_int_dec                          0x00000000   Number         0  stubs.o ABSOLUTE
    _printf_l                                0x00000000   Number         0  stubs.o ABSOLUTE
    _printf_lc                               0x00000000   Number         0  stubs.o ABSOLUTE
    _printf_ll                               0x00000000   Number         0  stubs.o ABSOLUTE
    _printf_lld                              0x00000000   Number         0  stubs.o ABSOLUTE
    _printf_lli                              0x00000000   Number         0  stubs.o ABSOLUTE
    _printf_llo                              0x00000000   Number         0  stubs.o ABSOLUTE
    _printf_llu                              0x00000000   Number         0  stubs.o ABSOLUTE
    _printf_llx                              0x00000000   Number         0  stubs.o ABSOLUTE
    _printf_longlong_dec                     0x00000000   Number         0  stubs.o ABSOLUTE
    _printf_longlong_hex                     0x00000000   Number         0  stubs.o ABSOLUTE
    _printf_longlong_oct                     0x00000000   Number         0  stubs.o ABSOLUTE
    _printf_ls                               0x00000000   Number         0  stubs.o ABSOLUTE
    _printf_mbtowc                           0x00000000   Number         0  stubs.o ABSOLUTE
    _printf_n                                0x00000000   Number         0  stubs.o ABSOLUTE
    _printf_o                                0x00000000   Number         0  stubs.o ABSOLUTE
    _printf_p                                0x00000000   Number         0  stubs.o ABSOLUTE
    _printf_percent                          0x00000000   Number         0  stubs.o ABSOLUTE
    _printf_pre_padding                      0x00000000   Number         0  stubs.o ABSOLUTE
    _printf_return_value                     0x00000000   Number         0  stubs.o ABSOLUTE
    _printf_s                                0x00000000   Number         0  stubs.o ABSOLUTE
    _printf_sizespec                         0x00000000   Number         0  stubs.o ABSOLUTE
    _printf_str                              0x00000000   Number         0  stubs.o ABSOLUTE
    _printf_truncate_signed                  0x00000000   Number         0  stubs.o ABSOLUTE
    _printf_truncate_unsigned                0x00000000   Number         0  stubs.o ABSOLUTE
    _printf_u                                0x00000000   Number         0  stubs.o ABSOLUTE
    _printf_wc                               0x00000000   Number         0  stubs.o ABSOLUTE
    _printf_wctomb                           0x00000000   Number         0  stubs.o ABSOLUTE
    _printf_widthprec                        0x00000000   Number         0  stubs.o ABSOLUTE
    _printf_x                                0x00000000   Number         0  stubs.o ABSOLUTE
    __cpp_initialize__aeabi_                  - Undefined Weak Reference
    __cxa_finalize                            - Undefined Weak Reference
    __decompress                              - Undefined Weak Reference
    _clock_init                               - Undefined Weak Reference
    _microlib_exit                            - Undefined Weak Reference
    __Vectors_Size                           0x00000188   Number         0  startup_gd32f407_427.o ABSOLUTE
    __Vectors                                0x08000000   Data           4  startup_gd32f407_427.o(RESET)
    __Vectors_End                            0x08000188   Data           0  startup_gd32f407_427.o(RESET)
    __main                                   0x08000189   Thumb Code     0  entry.o(.ARM.Collect$$$$00000000)
    _main_stk                                0x08000189   Thumb Code     0  entry2.o(.ARM.Collect$$$$00000001)
    _main_scatterload                        0x0800018d   Thumb Code     0  entry5.o(.ARM.Collect$$$$00000004)
    __main_after_scatterload                 0x08000191   Thumb Code     0  entry5.o(.ARM.Collect$$$$00000004)
    _main_clock                              0x08000191   Thumb Code     0  entry7b.o(.ARM.Collect$$$$00000008)
    _main_cpp_init                           0x08000191   Thumb Code     0  entry8b.o(.ARM.Collect$$$$0000000A)
    _main_init                               0x08000191   Thumb Code     0  entry9a.o(.ARM.Collect$$$$0000000B)
    __rt_final_cpp                           0x08000199   Thumb Code     0  entry10a.o(.ARM.Collect$$$$0000000D)
    __rt_final_exit                          0x08000199   Thumb Code     0  entry11a.o(.ARM.Collect$$$$0000000F)
    SVC_Handler                              0x0800019d   Thumb Code    28  port.o(.emb_text)
    __asm___6_port_c_39a90d8d__prvStartFirstTask 0x080001bd   Thumb Code    36  port.o(.emb_text)
    __asm___6_port_c_39a90d8d__prvEnableVFP  0x080001e5   Thumb Code    16  port.o(.emb_text)
    PendSV_Handler                           0x080001f9   Thumb Code    88  port.o(.emb_text)
    vPortGetIPSR                             0x08000255   Thumb Code     6  port.o(.emb_text)
    Reset_Handler                            0x0800025d   Thumb Code     8  startup_gd32f407_427.o(.text)
    ADC_IRQHandler                           0x08000277   Thumb Code     0  startup_gd32f407_427.o(.text)
    CAN0_EWMC_IRQHandler                     0x08000277   Thumb Code     0  startup_gd32f407_427.o(.text)
    CAN0_RX0_IRQHandler                      0x08000277   Thumb Code     0  startup_gd32f407_427.o(.text)
    CAN0_RX1_IRQHandler                      0x08000277   Thumb Code     0  startup_gd32f407_427.o(.text)
    CAN0_TX_IRQHandler                       0x08000277   Thumb Code     0  startup_gd32f407_427.o(.text)
    CAN1_EWMC_IRQHandler                     0x08000277   Thumb Code     0  startup_gd32f407_427.o(.text)
    CAN1_RX0_IRQHandler                      0x08000277   Thumb Code     0  startup_gd32f407_427.o(.text)
    CAN1_RX1_IRQHandler                      0x08000277   Thumb Code     0  startup_gd32f407_427.o(.text)
    CAN1_TX_IRQHandler                       0x08000277   Thumb Code     0  startup_gd32f407_427.o(.text)
    DCI_IRQHandler                           0x08000277   Thumb Code     0  startup_gd32f407_427.o(.text)
    DMA0_Channel0_IRQHandler                 0x08000277   Thumb Code     0  startup_gd32f407_427.o(.text)
    DMA0_Channel1_IRQHandler                 0x08000277   Thumb Code     0  startup_gd32f407_427.o(.text)
    DMA0_Channel2_IRQHandler                 0x08000277   Thumb Code     0  startup_gd32f407_427.o(.text)
    DMA0_Channel3_IRQHandler                 0x08000277   Thumb Code     0  startup_gd32f407_427.o(.text)
    DMA0_Channel4_IRQHandler                 0x08000277   Thumb Code     0  startup_gd32f407_427.o(.text)
    DMA0_Channel5_IRQHandler                 0x08000277   Thumb Code     0  startup_gd32f407_427.o(.text)
    DMA0_Channel6_IRQHandler                 0x08000277   Thumb Code     0  startup_gd32f407_427.o(.text)
    DMA0_Channel7_IRQHandler                 0x08000277   Thumb Code     0  startup_gd32f407_427.o(.text)
    DMA1_Channel0_IRQHandler                 0x08000277   Thumb Code     0  startup_gd32f407_427.o(.text)
    DMA1_Channel1_IRQHandler                 0x08000277   Thumb Code     0  startup_gd32f407_427.o(.text)
    DMA1_Channel2_IRQHandler                 0x08000277   Thumb Code     0  startup_gd32f407_427.o(.text)
    DMA1_Channel3_IRQHandler                 0x08000277   Thumb Code     0  startup_gd32f407_427.o(.text)
    DMA1_Channel4_IRQHandler                 0x08000277   Thumb Code     0  startup_gd32f407_427.o(.text)
    DMA1_Channel5_IRQHandler                 0x08000277   Thumb Code     0  startup_gd32f407_427.o(.text)
    DMA1_Channel6_IRQHandler                 0x08000277   Thumb Code     0  startup_gd32f407_427.o(.text)
    DMA1_Channel7_IRQHandler                 0x08000277   Thumb Code     0  startup_gd32f407_427.o(.text)
    ENET_IRQHandler                          0x08000277   Thumb Code     0  startup_gd32f407_427.o(.text)
    ENET_WKUP_IRQHandler                     0x08000277   Thumb Code     0  startup_gd32f407_427.o(.text)
    EXMC_IRQHandler                          0x08000277   Thumb Code     0  startup_gd32f407_427.o(.text)
    EXTI0_IRQHandler                         0x08000277   Thumb Code     0  startup_gd32f407_427.o(.text)
    EXTI10_15_IRQHandler                     0x08000277   Thumb Code     0  startup_gd32f407_427.o(.text)
    EXTI1_IRQHandler                         0x08000277   Thumb Code     0  startup_gd32f407_427.o(.text)
    EXTI2_IRQHandler                         0x08000277   Thumb Code     0  startup_gd32f407_427.o(.text)
    EXTI3_IRQHandler                         0x08000277   Thumb Code     0  startup_gd32f407_427.o(.text)
    EXTI4_IRQHandler                         0x08000277   Thumb Code     0  startup_gd32f407_427.o(.text)
    EXTI5_9_IRQHandler                       0x08000277   Thumb Code     0  startup_gd32f407_427.o(.text)
    FMC_IRQHandler                           0x08000277   Thumb Code     0  startup_gd32f407_427.o(.text)
    FPU_IRQHandler                           0x08000277   Thumb Code     0  startup_gd32f407_427.o(.text)
    I2C0_ER_IRQHandler                       0x08000277   Thumb Code     0  startup_gd32f407_427.o(.text)
    I2C0_EV_IRQHandler                       0x08000277   Thumb Code     0  startup_gd32f407_427.o(.text)
    I2C1_ER_IRQHandler                       0x08000277   Thumb Code     0  startup_gd32f407_427.o(.text)
    I2C1_EV_IRQHandler                       0x08000277   Thumb Code     0  startup_gd32f407_427.o(.text)
    I2C2_ER_IRQHandler                       0x08000277   Thumb Code     0  startup_gd32f407_427.o(.text)
    I2C2_EV_IRQHandler                       0x08000277   Thumb Code     0  startup_gd32f407_427.o(.text)
    LVD_IRQHandler                           0x08000277   Thumb Code     0  startup_gd32f407_427.o(.text)
    RCU_CTC_IRQHandler                       0x08000277   Thumb Code     0  startup_gd32f407_427.o(.text)
    RTC_Alarm_IRQHandler                     0x08000277   Thumb Code     0  startup_gd32f407_427.o(.text)
    RTC_WKUP_IRQHandler                      0x08000277   Thumb Code     0  startup_gd32f407_427.o(.text)
    SPI0_IRQHandler                          0x08000277   Thumb Code     0  startup_gd32f407_427.o(.text)
    SPI1_IRQHandler                          0x08000277   Thumb Code     0  startup_gd32f407_427.o(.text)
    SPI2_IRQHandler                          0x08000277   Thumb Code     0  startup_gd32f407_427.o(.text)
    TAMPER_STAMP_IRQHandler                  0x08000277   Thumb Code     0  startup_gd32f407_427.o(.text)
    TIMER0_BRK_TIMER8_IRQHandler             0x08000277   Thumb Code     0  startup_gd32f407_427.o(.text)
    TIMER0_Channel_IRQHandler                0x08000277   Thumb Code     0  startup_gd32f407_427.o(.text)
    TIMER0_TRG_CMT_TIMER10_IRQHandler        0x08000277   Thumb Code     0  startup_gd32f407_427.o(.text)
    TIMER0_UP_TIMER9_IRQHandler              0x08000277   Thumb Code     0  startup_gd32f407_427.o(.text)
    TIMER1_IRQHandler                        0x08000277   Thumb Code     0  startup_gd32f407_427.o(.text)
    TIMER2_IRQHandler                        0x08000277   Thumb Code     0  startup_gd32f407_427.o(.text)
    TIMER3_IRQHandler                        0x08000277   Thumb Code     0  startup_gd32f407_427.o(.text)
    TIMER4_IRQHandler                        0x08000277   Thumb Code     0  startup_gd32f407_427.o(.text)
    TIMER5_DAC_IRQHandler                    0x08000277   Thumb Code     0  startup_gd32f407_427.o(.text)
    TIMER6_IRQHandler                        0x08000277   Thumb Code     0  startup_gd32f407_427.o(.text)
    TIMER7_BRK_TIMER11_IRQHandler            0x08000277   Thumb Code     0  startup_gd32f407_427.o(.text)
    TIMER7_Channel_IRQHandler                0x08000277   Thumb Code     0  startup_gd32f407_427.o(.text)
    TIMER7_TRG_CMT_TIMER13_IRQHandler        0x08000277   Thumb Code     0  startup_gd32f407_427.o(.text)
    TIMER7_UP_TIMER12_IRQHandler             0x08000277   Thumb Code     0  startup_gd32f407_427.o(.text)
    TRNG_IRQHandler                          0x08000277   Thumb Code     0  startup_gd32f407_427.o(.text)
    UART3_IRQHandler                         0x08000277   Thumb Code     0  startup_gd32f407_427.o(.text)
    USART0_IRQHandler                        0x08000277   Thumb Code     0  startup_gd32f407_427.o(.text)
    USART1_IRQHandler                        0x08000277   Thumb Code     0  startup_gd32f407_427.o(.text)
    USART2_IRQHandler                        0x08000277   Thumb Code     0  startup_gd32f407_427.o(.text)
    USART5_IRQHandler                        0x08000277   Thumb Code     0  startup_gd32f407_427.o(.text)
    USBFS_IRQHandler                         0x08000277   Thumb Code     0  startup_gd32f407_427.o(.text)
    USBFS_WKUP_IRQHandler                    0x08000277   Thumb Code     0  startup_gd32f407_427.o(.text)
    USBHS_EP1_In_IRQHandler                  0x08000277   Thumb Code     0  startup_gd32f407_427.o(.text)
    USBHS_EP1_Out_IRQHandler                 0x08000277   Thumb Code     0  startup_gd32f407_427.o(.text)
    USBHS_IRQHandler                         0x08000277   Thumb Code     0  startup_gd32f407_427.o(.text)
    USBHS_WKUP_IRQHandler                    0x08000277   Thumb Code     0  startup_gd32f407_427.o(.text)
    WWDGT_IRQHandler                         0x08000277   Thumb Code     0  startup_gd32f407_427.o(.text)
    __aeabi_uldivmod                         0x08000281   Thumb Code    98  uldiv.o(.text)
    __aeabi_memcpy                           0x080002e3   Thumb Code    36  memcpya.o(.text)
    __aeabi_memcpy4                          0x080002e3   Thumb Code     0  memcpya.o(.text)
    __aeabi_memcpy8                          0x080002e3   Thumb Code     0  memcpya.o(.text)
    __aeabi_dadd                             0x08000307   Thumb Code   322  dadd.o(.text)
    __aeabi_dsub                             0x08000449   Thumb Code     6  dadd.o(.text)
    __aeabi_drsub                            0x0800044f   Thumb Code     6  dadd.o(.text)
    __aeabi_dmul                             0x08000455   Thumb Code   228  dmul.o(.text)
    __aeabi_ddiv                             0x08000539   Thumb Code   222  ddiv.o(.text)
    __aeabi_uidiv                            0x08000617   Thumb Code     0  uidiv.o(.text)
    __aeabi_uidivmod                         0x08000617   Thumb Code    44  uidiv.o(.text)
    __aeabi_llsl                             0x08000643   Thumb Code    30  llshl.o(.text)
    _ll_shift_l                              0x08000643   Thumb Code     0  llshl.o(.text)
    __aeabi_llsr                             0x08000661   Thumb Code    32  llushr.o(.text)
    _ll_ushift_r                             0x08000661   Thumb Code     0  llushr.o(.text)
    __aeabi_lasr                             0x08000681   Thumb Code    36  llsshr.o(.text)
    _ll_sshift_r                             0x08000681   Thumb Code     0  llsshr.o(.text)
    __I$use$fp                               0x080006a5   Thumb Code     0  iusefp.o(.text)
    _double_round                            0x080006a5   Thumb Code    30  depilogue.o(.text)
    _double_epilogue                         0x080006c3   Thumb Code   156  depilogue.o(.text)
    __aeabi_d2ulz                            0x0800075f   Thumb Code    48  dfixul.o(.text)
    __aeabi_cdrcmple                         0x08000791   Thumb Code    48  cdrcmple.o(.text)
    __scatterload                            0x080007c1   Thumb Code    28  init.o(.text)
    __scatterload_rt2                        0x080007c1   Thumb Code     0  init.o(.text)
    BusFault_Handler                         0x080007e5   Thumb Code     4  gd32f4xx_it.o(i.BusFault_Handler)
    DebugMon_Handler                         0x080007e9   Thumb Code     2  gd32f4xx_it.o(i.DebugMon_Handler)
    HardFault_Handler                        0x080007eb   Thumb Code     4  gd32f4xx_it.o(i.HardFault_Handler)
    MemManage_Handler                        0x080007ef   Thumb Code     4  gd32f4xx_it.o(i.MemManage_Handler)
    NMI_Handler                              0x080007f3   Thumb Code     2  gd32f4xx_it.o(i.NMI_Handler)
    SDIO_IRQHandler                          0x080007f5   Thumb Code     8  gd32f4xx_it.o(i.SDIO_IRQHandler)
    SysTick_Handler                          0x080007fd   Thumb Code    46  port.o(i.SysTick_Handler)
    SystemInit                               0x08000831   Thumb Code   184  system_gd32f4xx.o(i.SystemInit)
    UART4_IRQHandler                         0x080008f9   Thumb Code    72  serial.o(i.UART4_IRQHandler)
    UsageFault_Handler                       0x08000955   Thumb Code     4  gd32f4xx_it.o(i.UsageFault_Handler)
    __0printf                                0x08000959   Thumb Code    22  printfa.o(i.__0printf)
    __1printf                                0x08000959   Thumb Code     0  printfa.o(i.__0printf)
    __2printf                                0x08000959   Thumb Code     0  printfa.o(i.__0printf)
    __c89printf                              0x08000959   Thumb Code     0  printfa.o(i.__0printf)
    printf                                   0x08000959   Thumb Code     0  printfa.o(i.__0printf)
    __scatterload_copy                       0x08000979   Thumb Code    14  handlers.o(i.__scatterload_copy)
    __scatterload_null                       0x08000987   Thumb Code     2  handlers.o(i.__scatterload_null)
    __scatterload_zeroinit                   0x08000989   Thumb Code    14  handlers.o(i.__scatterload_zeroinit)
    boot_start                               0x08001315   Thumb Code    70  bootload.o(i.boot_start)
    fputc                                    0x080013b1   Thumb Code    32  serial.o(i.fputc)
    gpio_af_set                              0x080013d5   Thumb Code    94  gd32f4xx_gpio.o(i.gpio_af_set)
    gpio_mode_set                            0x08001433   Thumb Code    78  gd32f4xx_gpio.o(i.gpio_mode_set)
    gpio_output_options_set                  0x08001481   Thumb Code    66  gd32f4xx_gpio.o(i.gpio_output_options_set)
    main                                     0x080014c3   Thumb Code     8  main.o(i.main)
    rcu_clock_freq_get                       0x0800157d   Thumb Code   264  gd32f4xx_rcu.o(i.rcu_clock_freq_get)
    rcu_periph_clock_enable                  0x080016a1   Thumb Code    32  gd32f4xx_rcu.o(i.rcu_periph_clock_enable)
    rcu_periph_reset_disable                 0x080016c5   Thumb Code    32  gd32f4xx_rcu.o(i.rcu_periph_reset_disable)
    rcu_periph_reset_enable                  0x080016e9   Thumb Code    32  gd32f4xx_rcu.o(i.rcu_periph_reset_enable)
    sd_interrupts_process                    0x0800170d   Thumb Code   262  emmc.o(i.sd_interrupts_process)
    sdio_interrupt_disable                   0x08001821   Thumb Code    12  gd32f4xx_sdio.o(i.sdio_interrupt_disable)
    sdio_interrupt_flag_clear                0x08001831   Thumb Code     6  gd32f4xx_sdio.o(i.sdio_interrupt_flag_clear)
    sdio_interrupt_flag_get                  0x0800183d   Thumb Code    16  gd32f4xx_sdio.o(i.sdio_interrupt_flag_get)
    usart_baudrate_set                       0x08001955   Thumb Code   224  gd32f4xx_usart.o(i.usart_baudrate_set)
    usart_data_receive                       0x08001a3d   Thumb Code    10  gd32f4xx_usart.o(i.usart_data_receive)
    usart_data_transmit                      0x08001a47   Thumb Code     8  gd32f4xx_usart.o(i.usart_data_transmit)
    usart_deinit                             0x08001a51   Thumb Code   210  gd32f4xx_usart.o(i.usart_deinit)
    usart_enable                             0x08001b2d   Thumb Code    10  gd32f4xx_usart.o(i.usart_enable)
    usart_flag_get                           0x08001b37   Thumb Code    30  gd32f4xx_usart.o(i.usart_flag_get)
    usart_interrupt_flag_clear               0x08001b55   Thumb Code    26  gd32f4xx_usart.o(i.usart_interrupt_flag_clear)
    usart_interrupt_flag_get                 0x08001b6f   Thumb Code    56  gd32f4xx_usart.o(i.usart_interrupt_flag_get)
    usart_receive_config                     0x08001ba7   Thumb Code    16  gd32f4xx_usart.o(i.usart_receive_config)
    usart_transmit_config                    0x08001bb7   Thumb Code    16  gd32f4xx_usart.o(i.usart_transmit_config)
    uxListRemove                             0x08001bc7   Thumb Code    40  list.o(i.uxListRemove)
    vListInsertEnd                           0x08001bef   Thumb Code    24  list.o(i.vListInsertEnd)
    vPortValidateInterruptPriority           0x08001c09   Thumb Code   106  port.o(i.vPortValidateInterruptPriority)
    vTaskSwitchContext                       0x08001c81   Thumb Code   118  tasks.o(i.vTaskSwitchContext)
    xQueueGenericSendFromISR                 0x08001d0d   Thumb Code   248  queue.o(i.xQueueGenericSendFromISR)
    xTaskIncrementTick                       0x08001e05   Thumb Code   282  tasks.o(i.xTaskIncrementTick)
    xTaskPriorityDisinherit                  0x08001f4d   Thumb Code   188  tasks.o(i.xTaskPriorityDisinherit)
    xTaskRemoveFromEventList                 0x08002015   Thumb Code   128  tasks.o(i.xTaskRemoveFromEventList)
    Region$$Table$$Base                      0x080020ac   Number         0  anon$$obj.o(Region$$Table)
    Region$$Table$$Limit                     0x080020cc   Number         0  anon$$obj.o(Region$$Table)
    sd_scr                                   0x20000008   Data           8  emmc.o(.data)
    pxCurrentTCB                             0x2000002c   Data           4  tasks.o(.data)
    __stdout                                 0x20000074   Data           4  stdout.o(.data)
    __initial_sp                             0x20000580   Data           0  startup_gd32f407_427.o(STACK)



==============================================================================

Memory Map of the image

  Image Entry point : 0x08000189

  Load Region LR_IROM1 (Base: 0x08000000, Size: 0x00002144, Max: 0x00008000, ABSOLUTE)

    Execution Region ER_IROM1 (Base: 0x08000000, Size: 0x000020cc, Max: 0x00008000, ABSOLUTE)

    Base Addr    Size         Type   Attr      Idx    E Section Name        Object

    0x08000000   0x00000188   Data   RO         9329    RESET               startup_gd32f407_427.o
    0x08000188   0x00000000   Code   RO         9340  * .ARM.Collect$$$$00000000  mc_w.l(entry.o)
    0x08000188   0x00000004   Code   RO         9676    .ARM.Collect$$$$00000001  mc_w.l(entry2.o)
    0x0800018c   0x00000004   Code   RO         9679    .ARM.Collect$$$$00000004  mc_w.l(entry5.o)
    0x08000190   0x00000000   Code   RO         9681    .ARM.Collect$$$$00000008  mc_w.l(entry7b.o)
    0x08000190   0x00000000   Code   RO         9683    .ARM.Collect$$$$0000000A  mc_w.l(entry8b.o)
    0x08000190   0x00000008   Code   RO         9684    .ARM.Collect$$$$0000000B  mc_w.l(entry9a.o)
    0x08000198   0x00000000   Code   RO         9686    .ARM.Collect$$$$0000000D  mc_w.l(entry10a.o)
    0x08000198   0x00000000   Code   RO         9688    .ARM.Collect$$$$0000000F  mc_w.l(entry11a.o)
    0x08000198   0x00000004   Code   RO         9677    .ARM.Collect$$$$00002712  mc_w.l(entry2.o)
    0x0800019c   0x000000be   Code   RO         3619    .emb_text           port.o
    0x0800025a   0x00000002   PAD
    0x0800025c   0x00000024   Code   RO         9330    .text               startup_gd32f407_427.o
    0x08000280   0x00000062   Code   RO         9343    .text               mc_w.l(uldiv.o)
    0x080002e2   0x00000024   Code   RO         9345    .text               mc_w.l(memcpya.o)
    0x08000306   0x0000014e   Code   RO         9664    .text               mf_w.l(dadd.o)
    0x08000454   0x000000e4   Code   RO         9666    .text               mf_w.l(dmul.o)
    0x08000538   0x000000de   Code   RO         9668    .text               mf_w.l(ddiv.o)
    0x08000616   0x0000002c   Code   RO         9691    .text               mc_w.l(uidiv.o)
    0x08000642   0x0000001e   Code   RO         9693    .text               mc_w.l(llshl.o)
    0x08000660   0x00000020   Code   RO         9695    .text               mc_w.l(llushr.o)
    0x08000680   0x00000024   Code   RO         9697    .text               mc_w.l(llsshr.o)
    0x080006a4   0x00000000   Code   RO         9740    .text               mc_w.l(iusefp.o)
    0x080006a4   0x000000ba   Code   RO         9743    .text               mf_w.l(depilogue.o)
    0x0800075e   0x00000030   Code   RO         9745    .text               mf_w.l(dfixul.o)
    0x0800078e   0x00000002   PAD
    0x08000790   0x00000030   Code   RO         9747    .text               mf_w.l(cdrcmple.o)
    0x080007c0   0x00000024   Code   RO         9749    .text               mc_w.l(init.o)
    0x080007e4   0x00000004   Code   RO         2541    i.BusFault_Handler  gd32f4xx_it.o
    0x080007e8   0x00000002   Code   RO         2542    i.DebugMon_Handler  gd32f4xx_it.o
    0x080007ea   0x00000004   Code   RO         2543    i.HardFault_Handler  gd32f4xx_it.o
    0x080007ee   0x00000004   Code   RO         2544    i.MemManage_Handler  gd32f4xx_it.o
    0x080007f2   0x00000002   Code   RO         2545    i.NMI_Handler       gd32f4xx_it.o
    0x080007f4   0x00000008   Code   RO         2546    i.SDIO_IRQHandler   gd32f4xx_it.o
    0x080007fc   0x00000034   Code   RO         3620    i.SysTick_Handler   port.o
    0x08000830   0x000000c8   Code   RO         9291    i.SystemInit        system_gd32f4xx.o
    0x080008f8   0x0000005c   Code   RO          374    i.UART4_IRQHandler  serial.o
    0x08000954   0x00000004   Code   RO         2547    i.UsageFault_Handler  gd32f4xx_it.o
    0x08000958   0x00000020   Code   RO         9606    i.__0printf         mc_w.l(printfa.o)
    0x08000978   0x0000000e   Code   RO         9768    i.__scatterload_copy  mc_w.l(handlers.o)
    0x08000986   0x00000002   Code   RO         9769    i.__scatterload_null  mc_w.l(handlers.o)
    0x08000988   0x0000000e   Code   RO         9770    i.__scatterload_zeroinit  mc_w.l(handlers.o)
    0x08000996   0x00000002   PAD
    0x08000998   0x0000002c   Code   RO          856    i._boot_branch_state_get  bootload.o
    0x080009c4   0x00000098   Code   RO          857    i._boot_init_com    bootload.o
    0x08000a5c   0x00000024   Code   RO          858    i._boot_jump_to_app  bootload.o
    0x08000a80   0x00000164   Code   RO         9613    i._fp_digits        mc_w.l(printfa.o)
    0x08000be4   0x000006dc   Code   RO         9614    i._printf_core      mc_w.l(printfa.o)
    0x080012c0   0x00000024   Code   RO         9615    i._printf_post_padding  mc_w.l(printfa.o)
    0x080012e4   0x0000002e   Code   RO         9616    i._printf_pre_padding  mc_w.l(printfa.o)
    0x08001312   0x00000002   PAD
    0x08001314   0x0000009c   Code   RO          859    i.boot_start        bootload.o
    0x080013b0   0x00000024   Code   RO          375    i.fputc             serial.o
    0x080013d4   0x0000005e   Code   RO         6275    i.gpio_af_set       gd32f4xx_gpio.o
    0x08001432   0x0000004e   Code   RO         6283    i.gpio_mode_set     gd32f4xx_gpio.o
    0x08001480   0x00000042   Code   RO         6285    i.gpio_output_options_set  gd32f4xx_gpio.o
    0x080014c2   0x00000008   Code   RO         2604    i.main              main.o
    0x080014ca   0x0000007e   Code   RO         2830    i.prvCopyDataToQueue  queue.o
    0x08001548   0x00000034   Code   RO         3196    i.prvResetNextTaskUnblockTime  tasks.o
    0x0800157c   0x00000124   Code   RO         7053    i.rcu_clock_freq_get  gd32f4xx_rcu.o
    0x080016a0   0x00000024   Code   RO         7072    i.rcu_periph_clock_enable  gd32f4xx_rcu.o
    0x080016c4   0x00000024   Code   RO         7075    i.rcu_periph_reset_disable  gd32f4xx_rcu.o
    0x080016e8   0x00000024   Code   RO         7076    i.rcu_periph_reset_enable  gd32f4xx_rcu.o
    0x0800170c   0x00000114   Code   RO         1076    i.sd_interrupts_process  emmc.o
    0x08001820   0x00000010   Code   RO         7635    i.sdio_interrupt_disable  gd32f4xx_sdio.o
    0x08001830   0x0000000c   Code   RO         7637    i.sdio_interrupt_flag_clear  gd32f4xx_sdio.o
    0x0800183c   0x00000014   Code   RO         7638    i.sdio_interrupt_flag_get  gd32f4xx_sdio.o
    0x08001850   0x000000fc   Code   RO         9292    i.system_clock_200m_25m_hxtal  system_gd32f4xx.o
    0x0800194c   0x00000008   Code   RO         9293    i.system_clock_config  system_gd32f4xx.o
    0x08001954   0x000000e8   Code   RO         8891    i.usart_baudrate_set  gd32f4xx_usart.o
    0x08001a3c   0x0000000a   Code   RO         8895    i.usart_data_receive  gd32f4xx_usart.o
    0x08001a46   0x00000008   Code   RO         8896    i.usart_data_transmit  gd32f4xx_usart.o
    0x08001a4e   0x00000002   PAD
    0x08001a50   0x000000dc   Code   RO         8897    i.usart_deinit      gd32f4xx_usart.o
    0x08001b2c   0x0000000a   Code   RO         8901    i.usart_enable      gd32f4xx_usart.o
    0x08001b36   0x0000001e   Code   RO         8903    i.usart_flag_get    gd32f4xx_usart.o
    0x08001b54   0x0000001a   Code   RO         8912    i.usart_interrupt_flag_clear  gd32f4xx_usart.o
    0x08001b6e   0x00000038   Code   RO         8913    i.usart_interrupt_flag_get  gd32f4xx_usart.o
    0x08001ba6   0x00000010   Code   RO         8928    i.usart_receive_config  gd32f4xx_usart.o
    0x08001bb6   0x00000010   Code   RO         8943    i.usart_transmit_config  gd32f4xx_usart.o
    0x08001bc6   0x00000028   Code   RO         2792    i.uxListRemove      list.o
    0x08001bee   0x00000018   Code   RO         2796    i.vListInsertEnd    list.o
    0x08001c06   0x00000002   PAD
    0x08001c08   0x00000078   Code   RO         3627    i.vPortValidateInterruptPriority  port.o
    0x08001c80   0x0000008c   Code   RO         3230    i.vTaskSwitchContext  tasks.o
    0x08001d0c   0x000000f8   Code   RO         2851    i.xQueueGenericSendFromISR  queue.o
    0x08001e04   0x00000148   Code   RO         3240    i.xTaskIncrementTick  tasks.o
    0x08001f4c   0x000000c8   Code   RO         3243    i.xTaskPriorityDisinherit  tasks.o
    0x08002014   0x00000098   Code   RO         3245    i.xTaskRemoveFromEventList  tasks.o
    0x080020ac   0x00000020   Data   RO         9766    Region$$Table       anon$$obj.o


    Execution Region RW_IRAM1 (Base: 0x20000000, Size: 0x00000580, Max: 0x00030000, ABSOLUTE)

    Base Addr    Size         Type   Attr      Idx    E Section Name        Object

    0x20000000   0x00000008   Data   RW          382    .data               serial.o
    0x20000008   0x00000024   Data   RW         1087    .data               emmc.o
    0x2000002c   0x0000003c   Data   RW         3249    .data               tasks.o
    0x20000068   0x0000000c   Data   RW         3629    .data               port.o
    0x20000074   0x00000004   Data   RW         9690    .data               mc_w.l(stdout.o)
    0x20000078   0x00000104   Zero   RW         3248    .bss                tasks.o
    0x2000017c   0x00000004   PAD
    0x20000180   0x00000400   Zero   RW         9327    STACK               startup_gd32f407_427.o


==============================================================================

Image component sizes


      Code (inc. data)   RO Data    RW Data    ZI Data      Debug   Object Name

       388        112          0          0          0       3625   bootload.o
       276         14          0         36          0       8281   emmc.o
         0          0          0          0          0       8140   event_groups.o
       238          0          0          0          0       2456   gd32f4xx_gpio.o
        28          0          0          0          0       3131   gd32f4xx_it.o
       400         40          0          0          0       3644   gd32f4xx_rcu.o
        48         14          0          0          0       1875   gd32f4xx_sdio.o
       624         18          0          0          0       7022   gd32f4xx_usart.o
        64          0          0          0          0       1700   list.o
         8          0          0          0          0        443   main.o
       362         36          0         12          0       5439   port.o
       374          0          0          0          0       6411   queue.o
         0          0          0          0          0      49378   sample-cli-commands.o
       128         24          0          8          0       7807   serial.o
        36          8        392          0       1024        896   startup_gd32f407_427.o
       460         28          0          0          0       2537   system_gd32f4xx.o
       872        114          0         60        260      11250   tasks.o

    ----------------------------------------------------------------------
      4312        408        424        116       1288     124035   Object Totals
         0          0         32          0          0          0   (incl. Generated)
         6          0          0          0          4          0   (incl. Padding)

    ----------------------------------------------------------------------

      Code (inc. data)   RO Data    RW Data    ZI Data      Debug   Library Member Name

         0          0          0          0          0          0   entry.o
         0          0          0          0          0          0   entry10a.o
         0          0          0          0          0          0   entry11a.o
         8          4          0          0          0          0   entry2.o
         4          0          0          0          0          0   entry5.o
         0          0          0          0          0          0   entry7b.o
         0          0          0          0          0          0   entry8b.o
         8          4          0          0          0          0   entry9a.o
        30          0          0          0          0          0   handlers.o
        36          8          0          0          0         68   init.o
         0          0          0          0          0          0   iusefp.o
        30          0          0          0          0         68   llshl.o
        36          0          0          0          0         68   llsshr.o
        32          0          0          0          0         68   llushr.o
        36          0          0          0          0         68   memcpya.o
      2226         90          0          0          0        444   printfa.o
         0          0          0          4          0          0   stdout.o
        44          0          0          0          0         80   uidiv.o
        98          0          0          0          0         92   uldiv.o
        48          0          0          0          0         68   cdrcmple.o
       334          0          0          0          0        148   dadd.o
       222          0          0          0          0        100   ddiv.o
       186          0          0          0          0        176   depilogue.o
        48          0          0          0          0         68   dfixul.o
       228          0          0          0          0         96   dmul.o

    ----------------------------------------------------------------------
      3660        106          0          4          0       1612   Library Totals
         6          0          0          0          0          0   (incl. Padding)

    ----------------------------------------------------------------------

      Code (inc. data)   RO Data    RW Data    ZI Data      Debug   Library Name

      2588        106          0          4          0        956   mc_w.l
      1066          0          0          0          0        656   mf_w.l

    ----------------------------------------------------------------------
      3660        106          0          4          0       1612   Library Totals

    ----------------------------------------------------------------------

==============================================================================


      Code (inc. data)   RO Data    RW Data    ZI Data      Debug   

      7972        514        424        120       1288     120519   Grand Totals
      7972        514        424        120       1288     120519   ELF Image Totals
      7972        514        424        120          0          0   ROM Totals

==============================================================================

    Total RO  Size (Code + RO Data)                 8396 (   8.20kB)
    Total RW  Size (RW Data + ZI Data)              1408 (   1.38kB)
    Total ROM Size (Code + RO Data + RW Data)       8516 (   8.32kB)

==============================================================================

