Component: ARM Compiler 5.05 update 1 (build 106) Tool: armlink [4d0efa]

==============================================================================

Section Cross References

    sample-cli-commands.o(i.prvFmcTestCommand) refers to malloc.o(i.malloc) for malloc
    sample-cli-commands.o(i.prvFmcTestCommand) refers to memseta.o(.text) for __aeabi_memclr
    sample-cli-commands.o(i.prvFmcTestCommand) refers to strcpy.o(.text) for strcpy
    sample-cli-commands.o(i.prvFmcTestCommand) refers to printf8.o(i.__0sprintf$8) for __2sprintf
    sample-cli-commands.o(i.prvFmcTestCommand) refers to strlen.o(.text) for strlen
    sample-cli-commands.o(i.prvFmcTestCommand) refers to strncat.o(.text) for strncat
    sample-cli-commands.o(i.prvFmcTestCommand) refers to fmc.o(i.flash_read) for flash_read
    sample-cli-commands.o(i.prvFmcTestCommand) refers to fmc.o(i.flash_write) for flash_write
    sample-cli-commands.o(i.prvFmcTestCommand) refers to fmc.o(i.flash_erase_sector) for flash_erase_sector
    sample-cli-commands.o(i.prvFmcTestCommand) refers to malloc.o(i.free) for free
    sample-cli-commands.o(i.prvMergeCommand) refers to bootload.o(i.update_arm) for update_arm
    sample-cli-commands.o(i.prvMergeCommand) refers to memseta.o(.text) for __aeabi_memclr
    sample-cli-commands.o(i.prvMergeCommand) refers to strncat.o(.text) for strncat
    sample-cli-commands.o(i.prvParameterEchoCommand) refers to freertos_cli.o(i.FreeRTOS_CLIGetParameter) for FreeRTOS_CLIGetParameter
    sample-cli-commands.o(i.prvParameterEchoCommand) refers to memseta.o(.text) for __aeabi_memclr
    sample-cli-commands.o(i.prvParameterEchoCommand) refers to printf8.o(i.__0sprintf$8) for __2sprintf
    sample-cli-commands.o(i.prvParameterEchoCommand) refers to strncat.o(.text) for strncat
    sample-cli-commands.o(i.prvParameterEchoCommand) refers to sample-cli-commands.o(.data) for .data
    sample-cli-commands.o(i.prvSdTestCommand) refers to fatfs_user.o(i.fatfs_getfree) for fatfs_getfree
    sample-cli-commands.o(i.prvSdTestCommand) refers to printf8.o(i.__0printf$8) for __2printf
    sample-cli-commands.o(i.prvSdTestCommand) refers to fatfs_user.o(i.fatfs_read) for fatfs_read
    sample-cli-commands.o(i.prvSdTestCommand) refers to memseta.o(.text) for __aeabi_memclr
    sample-cli-commands.o(i.prvSdTestCommand) refers to strcpy.o(.text) for strcpy
    sample-cli-commands.o(i.prvSdTestCommand) refers to fatfs_user.o(.data) for totalSize
    sample-cli-commands.o(i.prvSdioInfoCommand) refers to malloc.o(i.malloc) for malloc
    sample-cli-commands.o(i.prvSdioInfoCommand) refers to memseta.o(.text) for __aeabi_memclr
    sample-cli-commands.o(i.prvSdioInfoCommand) refers to strcpy.o(.text) for strcpy
    sample-cli-commands.o(i.prvSdioInfoCommand) refers to strcat.o(.text) for strcat
    sample-cli-commands.o(i.prvSdioInfoCommand) refers to sdcard.o(i.sd_card_capacity_get) for sd_card_capacity_get
    sample-cli-commands.o(i.prvSdioInfoCommand) refers to printf8.o(i.__0sprintf$8) for __2sprintf
    sample-cli-commands.o(i.prvSdioInfoCommand) refers to malloc.o(i.free) for free
    sample-cli-commands.o(i.prvSdioInfoCommand) refers to sdcard.o(.data) for sd_scr
    sample-cli-commands.o(i.prvSdioInfoCommand) refers to diskio.o(.bss) for sd_cardinfo
    sample-cli-commands.o(i.prvSpiReadCommand) refers to freertos_cli.o(i.FreeRTOS_CLIGetParameter) for FreeRTOS_CLIGetParameter
    sample-cli-commands.o(i.prvSpiReadCommand) refers to strtoul.o(.text) for strtoul
    sample-cli-commands.o(i.prvSpiReadCommand) refers to gd32f4xx_gpio.o(i.gpio_bit_reset) for gpio_bit_reset
    sample-cli-commands.o(i.prvSpiReadCommand) refers to gd25qxx.o(i.spi_flash_send_byte) for spi_flash_send_byte
    sample-cli-commands.o(i.prvSpiReadCommand) refers to gd32f4xx_gpio.o(i.gpio_bit_set) for gpio_bit_set
    sample-cli-commands.o(i.prvSpiReadCommand) refers to printf8.o(i.__0printf$8) for __2printf
    sample-cli-commands.o(i.prvSpiReadCommand) refers to memseta.o(.text) for __aeabi_memclr
    sample-cli-commands.o(i.prvSpiReadCommand) refers to strncat.o(.text) for strncat
    sample-cli-commands.o(i.prvSpiReadCommand) refers to printf8.o(i.__0sprintf$8) for __2sprintf
    sample-cli-commands.o(i.prvSpiReadCommand) refers to sample-cli-commands.o(.data) for .data
    sample-cli-commands.o(i.prvSpiWriteCommand) refers to memseta.o(.text) for __aeabi_memclr
    sample-cli-commands.o(i.prvSpiWriteCommand) refers to freertos_cli.o(i.FreeRTOS_CLIGetParameter) for FreeRTOS_CLIGetParameter
    sample-cli-commands.o(i.prvSpiWriteCommand) refers to strncat.o(.text) for strncat
    sample-cli-commands.o(i.prvSpiWriteCommand) refers to strtoul.o(.text) for strtoul
    sample-cli-commands.o(i.prvSpiWriteCommand) refers to printf8.o(i.__0printf$8) for __2printf
    sample-cli-commands.o(i.prvSpiWriteCommand) refers to gd32f4xx_gpio.o(i.gpio_bit_reset) for gpio_bit_reset
[...]
    Removing tcp_out.o(i.tcp_keepalive), (64 bytes).
    Removing tcp_out.o(i.tcp_output), (532 bytes).
    Removing tcp_out.o(i.tcp_output_alloc_header), (46 bytes).
    Removing tcp_out.o(i.tcp_output_alloc_header_common), (112 bytes).
    Removing tcp_out.o(i.tcp_output_control_segment), (70 bytes).
    Removing tcp_out.o(i.tcp_output_fill_options), (2 bytes).
    Removing tcp_out.o(i.tcp_output_segment), (172 bytes).
    Removing tcp_out.o(i.tcp_output_segment_busy), (16 bytes).
    Removing tcp_out.o(i.tcp_pbuf_prealloc), (84 bytes).
    Removing tcp_out.o(i.tcp_rexmit), (108 bytes).
    Removing tcp_out.o(i.tcp_rexmit_fast), (92 bytes).
    Removing tcp_out.o(i.tcp_rexmit_rto), (26 bytes).
    Removing tcp_out.o(i.tcp_rexmit_rto_commit), (18 bytes).
    Removing tcp_out.o(i.tcp_rexmit_rto_prepare), (126 bytes).
    Removing tcp_out.o(i.tcp_route), (18 bytes).
    Removing tcp_out.o(i.tcp_rst), (92 bytes).
    Removing tcp_out.o(i.tcp_send_empty_ack), (96 bytes).
    Removing tcp_out.o(i.tcp_send_fin), (72 bytes).
    Removing tcp_out.o(i.tcp_split_unsent_seg), (302 bytes).
    Removing tcp_out.o(i.tcp_write), (856 bytes).
    Removing tcp_out.o(i.tcp_write_checks), (78 bytes).
    Removing tcp_out.o(i.tcp_zero_window_probe), (190 bytes).
    Removing timeouts.o(i.lwip_cyclic_timer), (64 bytes).
    Removing timeouts.o(i.sys_check_timeouts), (68 bytes).
    Removing timeouts.o(i.sys_restart_timeouts), (40 bytes).
    Removing timeouts.o(i.sys_timeout), (26 bytes).
    Removing timeouts.o(i.sys_timeout_abs), (88 bytes).
    Removing timeouts.o(i.sys_timeouts_init), (36 bytes).
    Removing timeouts.o(i.sys_timeouts_sleeptime), (40 bytes).
    Removing timeouts.o(i.sys_untimeout), (64 bytes).
    Removing timeouts.o(i.tcp_timer_needed), (52 bytes).
    Removing timeouts.o(i.tcpip_tcp_timer), (56 bytes).
    Removing timeouts.o(.constdata), (40 bytes).
    Removing timeouts.o(.constdata), (4 bytes).
    Removing timeouts.o(.data), (12 bytes).
    Removing udp.o(i.udp_bind), (140 bytes).
    Removing udp.o(i.udp_bind_netif), (20 bytes).
    Removing udp.o(i.udp_connect), (84 bytes).
    Removing udp.o(i.udp_disconnect), (22 bytes).
    Removing udp.o(i.udp_init), (2 bytes).
    Removing udp.o(i.udp_input), (320 bytes).
    Removing udp.o(i.udp_input_local_match), (80 bytes).
    Removing udp.o(i.udp_netif_ip_addr_changed), (52 bytes).
    Removing udp.o(i.udp_new), (28 bytes).
    Removing udp.o(i.udp_new_ip_type), (4 bytes).
    Removing udp.o(i.udp_new_port), (72 bytes).
    Removing udp.o(i.udp_recv), (10 bytes).
    Removing udp.o(i.udp_remove), (52 bytes).
    Removing udp.o(i.udp_send), (26 bytes).
    Removing udp.o(i.udp_sendto), (66 bytes).
    Removing udp.o(i.udp_sendto_if), (74 bytes).
    Removing udp.o(i.udp_sendto_if_src), (200 bytes).
    Removing udp.o(.data), (8 bytes).
    Removing dhcp.o(i.dhcp_arp_reply), (30 bytes).
    Removing dhcp.o(i.dhcp_bind), (220 bytes).
    Removing dhcp.o(i.dhcp_check), (52 bytes).
    Removing dhcp.o(i.dhcp_cleanup), (20 bytes).
    Removing dhcp.o(i.dhcp_coarse_tmr), (100 bytes).
    Removing dhcp.o(i.dhcp_create_msg), (220 bytes).
    Removing dhcp.o(i.dhcp_dec_pcb_refcount), (32 bytes).
    Removing dhcp.o(i.dhcp_decline), (156 bytes).
    Removing dhcp.o(i.dhcp_discover), (228 bytes).
    Removing dhcp.o(i.dhcp_fine_tmr), (52 bytes).
    Removing dhcp.o(i.dhcp_handle_ack), (108 bytes).
    Removing dhcp.o(i.dhcp_handle_nak), (40 bytes).
    Removing dhcp.o(i.dhcp_handle_offer), (56 bytes).
    Removing dhcp.o(i.dhcp_inc_pcb_refcount), (84 bytes).
    Removing dhcp.o(i.dhcp_inform), (128 bytes).
    Removing dhcp.o(i.dhcp_network_changed), (48 bytes).
    Removing dhcp.o(i.dhcp_option), (16 bytes).
    Removing dhcp.o(i.dhcp_option_byte), (10 bytes).
    Removing dhcp.o(i.dhcp_option_long), (34 bytes).
    Removing dhcp.o(i.dhcp_option_short), (18 bytes).
    Removing dhcp.o(i.dhcp_option_trailer), (48 bytes).
    Removing dhcp.o(i.dhcp_parse_reply), (656 bytes).
    Removing dhcp.o(i.dhcp_rebind), (212 bytes).
    Removing dhcp.o(i.dhcp_reboot), (244 bytes).
    Removing dhcp.o(i.dhcp_recv), (252 bytes).
    Removing dhcp.o(i.dhcp_release), (10 bytes).
    Removing dhcp.o(i.dhcp_release_and_stop), (188 bytes).
    Removing dhcp.o(i.dhcp_renew), (208 bytes).
    Removing dhcp.o(i.dhcp_select), (312 bytes).
    Removing dhcp.o(i.dhcp_set_state), (16 bytes).
    Removing dhcp.o(i.dhcp_set_struct), (18 bytes).
    Removing dhcp.o(i.dhcp_start), (134 bytes).
    Removing dhcp.o(i.dhcp_stop), (4 bytes).
    Removing dhcp.o(i.dhcp_supplied_address), (34 bytes).
    Removing dhcp.o(i.dhcp_t1_timeout), (42 bytes).
    Removing dhcp.o(i.dhcp_t2_timeout), (46 bytes).
    Removing dhcp.o(i.dhcp_timeout), (124 bytes).
    Removing dhcp.o(.bss), (32 bytes).
    Removing dhcp.o(.data), (20 bytes).
    Removing etharp.o(i.etharp_cleanup_netif), (44 bytes).
    Removing etharp.o(i.etharp_find_addr), (60 bytes).
    Removing etharp.o(i.etharp_find_entry), (244 bytes).
    Removing etharp.o(i.etharp_free_entry), (60 bytes).
    Removing etharp.o(i.etharp_get_entry), (48 bytes).
    Removing etharp.o(i.etharp_input), (168 bytes).
    Removing etharp.o(i.etharp_output), (252 bytes).
    Removing etharp.o(i.etharp_output_to_arp_index), (108 bytes).
    Removing etharp.o(i.etharp_query), (252 bytes).
    Removing etharp.o(i.etharp_raw), (140 bytes).
    Removing etharp.o(i.etharp_request), (12 bytes).
    Removing etharp.o(i.etharp_request_dst), (32 bytes).
    Removing etharp.o(i.etharp_tmr), (96 bytes).
    Removing etharp.o(i.etharp_update_arp_entry), (132 bytes).
    Removing etharp.o(.bss), (240 bytes).
    Removing etharp.o(.data), (1 bytes).
    Removing icmp.o(i.icmp_dest_unreach), (8 bytes).
    Removing icmp.o(i.icmp_input), (312 bytes).
    Removing icmp.o(i.icmp_send_response), (110 bytes).
    Removing icmp.o(i.icmp_time_exceeded), (8 bytes).
    Removing ip4.o(i.ip4_input), (448 bytes).
    Removing ip4.o(i.ip4_input_accept), (44 bytes).
    Removing ip4.o(i.ip4_output), (52 bytes).
    Removing ip4.o(i.ip4_output_if), (34 bytes).
    Removing ip4.o(i.ip4_output_if_src), (188 bytes).
    Removing ip4.o(i.ip4_route), (96 bytes).
    Removing ip4.o(.data), (2 bytes).
    Removing ip4_addr.o(i.ip4_addr_isbroadcast_u32), (64 bytes).
    Removing ip4_addr.o(i.ip4_addr_netmask_valid), (40 bytes).
    Removing ip4_addr.o(i.ip4addr_aton), (322 bytes).
    Removing ip4_addr.o(i.ip4addr_ntoa), (12 bytes).
    Removing ip4_addr.o(i.ip4addr_ntoa_r), (134 bytes).
    Removing ip4_addr.o(i.ipaddr_addr), (20 bytes).
    Removing ip4_addr.o(.bss), (16 bytes).
    Removing ip4_addr.o(.constdata), (4 bytes).
    Removing ip4_addr.o(.constdata), (4 bytes).
    Removing ip4_frag.o(i.ip4_frag), (396 bytes).
    Removing ip4_frag.o(i.ip4_reass), (396 bytes).
    Removing ip4_frag.o(i.ip_frag_alloc_pbuf_custom_ref), (6 bytes).
    Removing ip4_frag.o(i.ip_frag_free_pbuf_custom_ref), (8 bytes).
    Removing ip4_frag.o(i.ip_reass_chain_frag_into_datagram_and_validate), (274 bytes).
    Removing ip4_frag.o(i.ip_reass_dequeue_datagram), (36 bytes).
    Removing ip4_frag.o(i.ip_reass_enqueue_new_datagram), (84 bytes).
    Removing ip4_frag.o(i.ip_reass_free_complete_datagram), (116 bytes).
    Removing ip4_frag.o(i.ip_reass_remove_oldest_datagram), (136 bytes).
    Removing ip4_frag.o(i.ip_reass_tmr), (44 bytes).
    Removing ip4_frag.o(i.ipfrag_free_pbuf_custom), (24 bytes).
    Removing ip4_frag.o(.data), (8 bytes).
    Removing api_lib.o(i.netconn_accept), (148 bytes).
    Removing api_lib.o(i.netconn_apimsg), (28 bytes).
    Removing api_lib.o(i.netconn_bind), (48 bytes).
    Removing api_lib.o(i.netconn_bind_if), (36 bytes).
    Removing api_lib.o(i.netconn_close), (6 bytes).
    Removing api_lib.o(i.netconn_close_shutdown), (44 bytes).
    Removing api_lib.o(i.netconn_connect), (48 bytes).
    Removing api_lib.o(i.netconn_delete), (34 bytes).
    Removing api_lib.o(i.netconn_disconnect), (32 bytes).
    Removing api_lib.o(i.netconn_err), (32 bytes).
    Removing api_lib.o(i.netconn_getaddr), (48 bytes).
    Removing api_lib.o(i.netconn_listen_with_backlog), (32 bytes).
    Removing api_lib.o(i.netconn_new_with_proto_and_callback), (72 bytes).
    Removing api_lib.o(i.netconn_prepare_delete), (40 bytes).
    Removing api_lib.o(i.netconn_recv), (108 bytes).
    Removing api_lib.o(i.netconn_recv_data), (208 bytes).
    Removing api_lib.o(i.netconn_recv_data_tcp), (158 bytes).
    Removing api_lib.o(i.netconn_recv_tcp_pbuf), (26 bytes).
    Removing api_lib.o(i.netconn_recv_tcp_pbuf_flags), (30 bytes).
    Removing api_lib.o(i.netconn_recv_udp_raw_netbuf), (26 bytes).
    Removing api_lib.o(i.netconn_recv_udp_raw_netbuf_flags), (30 bytes).
    Removing api_lib.o(i.netconn_send), (36 bytes).
    Removing api_lib.o(i.netconn_sendto), (26 bytes).
    Removing api_lib.o(i.netconn_shutdown), (24 bytes).
    Removing api_lib.o(i.netconn_tcp_recvd), (34 bytes).
    Removing api_lib.o(i.netconn_tcp_recvd_msg), (44 bytes).
    Removing api_lib.o(i.netconn_write_partly), (20 bytes).
    Removing api_lib.o(i.netconn_write_vectors_partly), (176 bytes).
    Removing api_msg.o(i.accept_function), (236 bytes).
    Removing api_msg.o(i.err_tcp), (188 bytes).
    Removing api_msg.o(i.lwip_netconn_do_bind), (66 bytes).
    Removing api_msg.o(i.lwip_netconn_do_bind_if), (72 bytes).
    Removing api_msg.o(i.lwip_netconn_do_close), (100 bytes).
    Removing api_msg.o(i.lwip_netconn_do_close_internal), (364 bytes).
    Removing api_msg.o(i.lwip_netconn_do_connect), (168 bytes).
    Removing api_msg.o(i.lwip_netconn_do_connected), (96 bytes).
    Removing api_msg.o(i.lwip_netconn_do_delconn), (154 bytes).
    Removing api_msg.o(i.lwip_netconn_do_disconnect), (44 bytes).
    Removing api_msg.o(i.lwip_netconn_do_getaddr), (134 bytes).
    Removing api_msg.o(i.lwip_netconn_do_listen), (192 bytes).
    Removing api_msg.o(i.lwip_netconn_do_newconn), (34 bytes).
    Removing api_msg.o(i.lwip_netconn_do_recv), (78 bytes).
    Removing api_msg.o(i.lwip_netconn_do_send), (76 bytes).
    Removing api_msg.o(i.lwip_netconn_do_write), (76 bytes).
    Removing api_msg.o(i.lwip_netconn_do_writemore), (432 bytes).
    Removing api_msg.o(i.lwip_netconn_err_to_msg), (44 bytes).
    Removing api_msg.o(i.lwip_netconn_is_err_msg), (56 bytes).
    Removing api_msg.o(i.netconn_alloc), (118 bytes).
    Removing api_msg.o(i.netconn_drain), (156 bytes).
    Removing api_msg.o(i.netconn_free), (28 bytes).
    Removing api_msg.o(i.pcb_new), (100 bytes).
    Removing api_msg.o(i.poll_tcp), (98 bytes).
    Removing api_msg.o(i.recv_tcp), (96 bytes).
    Removing api_msg.o(i.recv_udp), (132 bytes).
    Removing api_msg.o(i.sent_tcp), (88 bytes).
    Removing api_msg.o(i.setup_tcp), (68 bytes).
    Removing api_msg.o(.constdata), (3 bytes).
    Removing err.o(i.err_to_errno), (28 bytes).
    Removing err.o(i.lwip_strerr), (44 bytes).
    Removing err.o(.constdata), (68 bytes).
    Removing err.o(.conststring), (314 bytes).
    Removing err.o(.data), (68 bytes).
    Removing if_api.o(i.lwip_if_indextoname), (16 bytes).
    Removing if_api.o(i.lwip_if_nametoindex), (4 bytes).
    Removing netbuf.o(i.netbuf_alloc), (48 bytes).
    Removing netbuf.o(i.netbuf_chain), (40 bytes).
    Removing netbuf.o(i.netbuf_data), (48 bytes).
    Removing netbuf.o(i.netbuf_delete), (36 bytes).
    Removing netbuf.o(i.netbuf_first), (10 bytes).
    Removing netbuf.o(i.netbuf_free), (24 bytes).
    Removing netbuf.o(i.netbuf_new), (24 bytes).
    Removing netbuf.o(i.netbuf_next), (36 bytes).
    Removing netbuf.o(i.netbuf_ref), (66 bytes).
    Removing sockets.o(i.alloc_socket), (92 bytes).
    Removing sockets.o(i.event_callback), (198 bytes).
    Removing sockets.o(i.free_socket), (48 bytes).
    Removing sockets.o(i.free_socket_free_elements), (40 bytes).
    Removing sockets.o(i.free_socket_locked), (18 bytes).
    Removing sockets.o(i.get_socket), (24 bytes).
    Removing sockets.o(i.lwip_accept), (292 bytes).
    Removing sockets.o(i.lwip_bind), (104 bytes).
    Removing sockets.o(i.lwip_close), (76 bytes).
    Removing sockets.o(i.lwip_connect), (116 bytes).
    Removing sockets.o(i.lwip_fcntl), (160 bytes).
    Removing sockets.o(i.lwip_getaddrname), (116 bytes).
    Removing sockets.o(i.lwip_getpeername), (6 bytes).
    Removing sockets.o(i.lwip_getsockname), (6 bytes).
    Removing sockets.o(i.lwip_getsockopt), (140 bytes).
    Removing sockets.o(i.lwip_getsockopt_callback), (30 bytes).
    Removing sockets.o(i.lwip_getsockopt_impl), (556 bytes).
    Removing sockets.o(i.lwip_inet_ntop), (56 bytes).
    Removing sockets.o(i.lwip_inet_pton), (32 bytes).
    Removing sockets.o(i.lwip_ioctl), (88 bytes).
    Removing sockets.o(i.lwip_link_select_cb), (44 bytes).
    Removing sockets.o(i.lwip_listen), (88 bytes).
    Removing sockets.o(i.lwip_poll), (184 bytes).
    Removing sockets.o(i.lwip_poll_should_wake), (68 bytes).
    Removing sockets.o(i.lwip_pollscan), (244 bytes).
    Removing sockets.o(i.lwip_read), (14 bytes).
    Removing sockets.o(i.lwip_readv), (32 bytes).
    Removing sockets.o(i.lwip_recv), (14 bytes).
    Removing sockets.o(i.lwip_recv_tcp), (212 bytes).
    Removing sockets.o(i.lwip_recv_tcp_from), (54 bytes).
    Removing sockets.o(i.lwip_recvfrom), (216 bytes).
    Removing sockets.o(i.lwip_recvfrom_udp_raw), (206 bytes).
    Removing sockets.o(i.lwip_recvmsg), (296 bytes).
    Removing sockets.o(i.lwip_select), (672 bytes).
    Removing sockets.o(i.lwip_selscan), (342 bytes).
    Removing sockets.o(i.lwip_send), (124 bytes).
    Removing sockets.o(i.lwip_sendmsg), (428 bytes).
    Removing sockets.o(i.lwip_sendto), (208 bytes).
    Removing sockets.o(i.lwip_setsockopt), (136 bytes).
    Removing sockets.o(i.lwip_setsockopt_callback), (28 bytes).
    Removing sockets.o(i.lwip_setsockopt_impl), (520 bytes).
    Removing sockets.o(i.lwip_shutdown), (132 bytes).
    Removing sockets.o(i.lwip_sock_make_addr), (78 bytes).
    Removing sockets.o(i.lwip_socket), (124 bytes).
    Removing sockets.o(i.lwip_socket_dbg_get_socket), (4 bytes).
    Removing sockets.o(i.lwip_socket_thread_cleanup), (2 bytes).
    Removing sockets.o(i.lwip_socket_thread_init), (2 bytes).
    Removing sockets.o(i.lwip_sockopt_to_ipopt), (28 bytes).
    Removing sockets.o(i.lwip_unlink_select_cb), (56 bytes).
    Removing sockets.o(i.lwip_write), (6 bytes).
    Removing sockets.o(i.lwip_writev), (32 bytes).
    Removing sockets.o(i.select_check_waiters), (204 bytes).
    Removing sockets.o(i.tryget_socket), (18 bytes).
    Removing sockets.o(i.tryget_socket_unconn), (4 bytes).
    Removing sockets.o(i.tryget_socket_unconn_locked), (4 bytes).
    Removing sockets.o(i.tryget_socket_unconn_nouse), (20 bytes).
    Removing sockets.o(.bss), (64 bytes).
    Removing sockets.o(.data), (8 bytes).
    Removing tcpip.o(i.mem_free_callback), (12 bytes).
    Removing tcpip.o(i.pbuf_free_callback), (12 bytes).
    Removing tcpip.o(i.pbuf_free_int), (4 bytes).
    Removing tcpip.o(i.tcpip_api_call), (68 bytes).
    Removing tcpip.o(i.tcpip_callback), (44 bytes).
    Removing tcpip.o(i.tcpip_callbackmsg_delete), (8 bytes).
    Removing tcpip.o(i.tcpip_callbackmsg_new), (28 bytes).
    Removing tcpip.o(i.tcpip_callbackmsg_trycallback), (12 bytes).
    Removing tcpip.o(i.tcpip_callbackmsg_trycallback_fromisr), (12 bytes).
    Removing tcpip.o(i.tcpip_init), (60 bytes).
    Removing tcpip.o(i.tcpip_inpkt), (72 bytes).
    Removing tcpip.o(i.tcpip_input), (32 bytes).
    Removing tcpip.o(i.tcpip_send_msg_wait_sem), (40 bytes).
    Removing tcpip.o(i.tcpip_thread), (44 bytes).
    Removing tcpip.o(i.tcpip_thread_handle_msg), (106 bytes).
    Removing tcpip.o(i.tcpip_timeouts_mbox_fetch), (58 bytes).
    Removing tcpip.o(i.tcpip_try_callback), (68 bytes).
    Removing tcpip.o(.data), (12 bytes).
    Removing ethernet.o(i.ethernet_input), (168 bytes).
    Removing ethernet.o(i.ethernet_output), (76 bytes).
    Removing ethernet.o(.constdata), (6 bytes).
    Removing ethernet.o(.constdata), (6 bytes).
    Removing event_groups.o(i.prvTestWaitCondition), (24 bytes).
    Removing event_groups.o(i.uxEventGroupGetNumber), (12 bytes).
    Removing event_groups.o(i.vEventGroupClearBitsCallback), (4 bytes).
    Removing event_groups.o(i.vEventGroupDelete), (70 bytes).
    Removing event_groups.o(i.vEventGroupSetBitsCallback), (4 bytes).
    Removing event_groups.o(i.vEventGroupSetNumber), (4 bytes).
    Removing event_groups.o(i.xEventGroupClearBits), (66 bytes).
    Removing event_groups.o(i.xEventGroupCreate), (26 bytes).
    Removing event_groups.o(i.xEventGroupGetBitsFromISR), (26 bytes).
    Removing event_groups.o(i.xEventGroupSetBits), (160 bytes).
    Removing event_groups.o(i.xEventGroupSync), (200 bytes).
    Removing event_groups.o(i.xEventGroupWaitBits), (264 bytes).
    Removing list.o(i.vListInitialise), (22 bytes).
    Removing list.o(i.vListInitialiseItem), (6 bytes).
    Removing list.o(i.vListInsert), (48 bytes).
    Removing queue.o(i.pcQueueGetName), (40 bytes).
    Removing queue.o(i.prvCopyDataFromQueue), (40 bytes).
    Removing queue.o(i.prvGetDisinheritPriorityAfterTimeout), (20 bytes).
    Removing queue.o(i.prvInitialiseMutex), (24 bytes).
    Removing queue.o(i.prvInitialiseNewQueue), (34 bytes).
    Removing queue.o(i.prvIsQueueEmpty), (26 bytes).
    Removing queue.o(i.prvIsQueueFull), (30 bytes).
    Removing queue.o(i.prvUnlockQueue), (106 bytes).
    Removing queue.o(i.ucQueueGetQueueType), (6 bytes).
    Removing queue.o(i.uxQueueGetQueueNumber), (4 bytes).
    Removing queue.o(i.uxQueueMessagesWaiting), (38 bytes).
    Removing queue.o(i.uxQueueMessagesWaitingFromISR), (24 bytes).
    Removing queue.o(i.uxQueueSpacesAvailable), (42 bytes).
    Removing queue.o(i.vQueueAddToRegistry), (36 bytes).
    Removing queue.o(i.vQueueDelete), (40 bytes).
    Removing queue.o(i.vQueueSetQueueNumber), (4 bytes).
    Removing queue.o(i.vQueueUnregisterQueue), (40 bytes).
    Removing queue.o(i.xQueueCreateCountingSemaphore), (60 bytes).
    Removing queue.o(i.xQueueCreateMutex), (24 bytes).
    Removing queue.o(i.xQueueGenericCreate), (68 bytes).
    Removing queue.o(i.xQueueGenericReset), (140 bytes).
    Removing queue.o(i.xQueueGenericSend), (356 bytes).
    Removing queue.o(i.xQueueGiveMutexRecursive), (64 bytes).
    Removing queue.o(i.xQueueIsQueueEmptyFromISR), (32 bytes).
    Removing queue.o(i.xQueueIsQueueFullFromISR), (36 bytes).
    Removing queue.o(i.xQueuePeek), (316 bytes).
    Removing queue.o(i.xQueuePeekFromISR), (124 bytes).
    Removing queue.o(i.xQueueReceive), (316 bytes).
    Removing queue.o(i.xQueueReceiveFromISR), (156 bytes).
    Removing queue.o(i.xQueueSemaphoreTake), (380 bytes).
    Removing queue.o(i.xQueueTakeMutexRecursive), (66 bytes).
    Removing queue.o(.bss), (64 bytes).
    Removing stream_buffer.o(i.prvBytesInBuffer), (18 bytes).
    Removing stream_buffer.o(i.prvInitialiseNewStreamBuffer), (68 bytes).
    Removing stream_buffer.o(i.prvReadBytesFromBuffer), (142 bytes).
    Removing stream_buffer.o(i.prvReadMessageFromBuffer), (66 bytes).
    Removing stream_buffer.o(i.prvWriteBytesToBuffer), (132 bytes).
    Removing stream_buffer.o(i.prvWriteMessageToBuffer), (76 bytes).
    Removing stream_buffer.o(i.ucStreamBufferGetStreamBufferType), (8 bytes).
    Removing stream_buffer.o(i.uxStreamBufferGetStreamBufferNumber), (4 bytes).
    Removing stream_buffer.o(i.vStreamBufferDelete), (36 bytes).
    Removing stream_buffer.o(i.vStreamBufferSetStreamBufferNumber), (4 bytes).
    Removing stream_buffer.o(i.xStreamBufferBytesAvailable), (24 bytes).
    Removing stream_buffer.o(i.xStreamBufferGenericCreate), (110 bytes).
    Removing stream_buffer.o(i.xStreamBufferIsEmpty), (36 bytes).
    Removing stream_buffer.o(i.xStreamBufferIsFull), (50 bytes).
    Removing stream_buffer.o(i.xStreamBufferNextMessageLengthBytes), (86 bytes).
    Removing stream_buffer.o(i.xStreamBufferReceive), (224 bytes).
    Removing stream_buffer.o(i.xStreamBufferReceiveCompletedFromISR), (76 bytes).
    Removing stream_buffer.o(i.xStreamBufferReceiveFromISR), (146 bytes).
    Removing stream_buffer.o(i.xStreamBufferReset), (70 bytes).
    Removing stream_buffer.o(i.xStreamBufferSend), (260 bytes).
    Removing stream_buffer.o(i.xStreamBufferSendCompletedFromISR), (76 bytes).
    Removing stream_buffer.o(i.xStreamBufferSendFromISR), (152 bytes).
    Removing stream_buffer.o(i.xStreamBufferSetTriggerLevel), (42 bytes).
    Removing stream_buffer.o(i.xStreamBufferSpacesAvailable), (40 bytes).
    Removing tasks.o(i.eTaskGetState), (124 bytes).
    Removing tasks.o(i.pcTaskGetName), (36 bytes).
    Removing tasks.o(i.prvAddCurrentTaskToDelayedList), (112 bytes).
    Removing tasks.o(i.prvAddNewTaskToReadyList), (140 bytes).
    Removing tasks.o(i.prvCheckTasksWaitingTermination), (60 bytes).
    Removing tasks.o(i.prvDeleteTCB), (20 bytes).
    Removing tasks.o(i.prvIdleTask), (40 bytes).
    Removing tasks.o(i.prvInitialiseNewTask), (174 bytes).
    Removing tasks.o(i.prvInitialiseTaskLists), (88 bytes).
    Removing tasks.o(i.prvListTasksWithinSingleList), (92 bytes).
    Removing tasks.o(i.prvSearchForNameWithinSingleList), (102 bytes).
    Removing tasks.o(i.prvTaskCheckFreeStackSpace), (20 bytes).
    Removing tasks.o(i.prvTaskIsTaskSuspended), (56 bytes).
    Removing tasks.o(i.prvWriteNameToBuffer), (36 bytes).
    Removing tasks.o(i.pvTaskIncrementMutexHeldCount), (24 bytes).
    Removing tasks.o(i.ulTaskNotifyTake), (104 bytes).
    Removing tasks.o(i.uxTaskGetNumberOfTasks), (12 bytes).
    Removing tasks.o(i.uxTaskGetStackHighWaterMark), (20 bytes).
    Removing tasks.o(i.uxTaskGetSystemState), (168 bytes).
    Removing tasks.o(i.uxTaskGetTaskNumber), (12 bytes).
    Removing tasks.o(i.uxTaskPriorityGet), (28 bytes).
    Removing tasks.o(i.uxTaskPriorityGetFromISR), (44 bytes).
    Removing tasks.o(i.uxTaskResetEventItemValue), (24 bytes).
    Removing tasks.o(i.vTaskDelay), (80 bytes).
    Removing tasks.o(i.vTaskDelayUntil), (152 bytes).
    Removing tasks.o(i.vTaskDelete), (172 bytes).
    Removing tasks.o(i.vTaskEndScheduler), (28 bytes).
    Removing tasks.o(i.vTaskGetInfo), (116 bytes).
    Removing tasks.o(i.vTaskInternalSetTimeOutState), (16 bytes).
    Removing tasks.o(i.vTaskList), (172 bytes).
    Removing tasks.o(i.vTaskMissedYield), (12 bytes).
    Removing tasks.o(i.vTaskNotifyGiveFromISR), (188 bytes).
    Removing tasks.o(i.vTaskPlaceOnEventList), (52 bytes).
    Removing tasks.o(i.vTaskPlaceOnUnorderedEventList), (80 bytes).
    Removing tasks.o(i.vTaskPriorityDisinheritAfterTimeout), (172 bytes).
    Removing tasks.o(i.vTaskPrioritySet), (200 bytes).
    Removing tasks.o(i.vTaskRemoveFromUnorderedEventList), (116 bytes).
    Removing tasks.o(i.vTaskResume), (128 bytes).
    Removing tasks.o(i.vTaskSetTaskNumber), (8 bytes).
    Removing tasks.o(i.vTaskSetTimeOutState), (52 bytes).
    Removing tasks.o(i.vTaskStartScheduler), (104 bytes).
    Removing tasks.o(i.vTaskSuspend), (188 bytes).
    Removing tasks.o(i.vTaskSuspendAll), (16 bytes).
    Removing tasks.o(i.xTaskCheckForTimeOut), (124 bytes).
    Removing tasks.o(i.xTaskCreate), (96 bytes).
    Removing tasks.o(i.xTaskGenericNotify), (232 bytes).
    Removing tasks.o(i.xTaskGenericNotifyFromISR), (276 bytes).
    Removing tasks.o(i.xTaskGetCurrentTaskHandle), (12 bytes).
    Removing tasks.o(i.xTaskGetHandle), (136 bytes).
    Removing tasks.o(i.xTaskGetSchedulerState), (28 bytes).
    Removing tasks.o(i.xTaskGetTickCount), (12 bytes).
    Removing tasks.o(i.xTaskGetTickCountFromISR), (16 bytes).
    Removing tasks.o(i.xTaskNotifyStateClear), (52 bytes).
    Removing tasks.o(i.xTaskNotifyWait), (144 bytes).
    Removing tasks.o(i.xTaskPriorityInherit), (152 bytes).
    Removing tasks.o(i.xTaskResumeAll), (204 bytes).
    Removing tasks.o(i.xTaskResumeFromISR), (144 bytes).
    Removing heap_4.o(i.prvHeapInit), (76 bytes).
    Removing heap_4.o(i.prvInsertBlockIntoFreeList), (84 bytes).
    Removing heap_4.o(i.pvPortMalloc), (212 bytes).
    Removing heap_4.o(i.vPortFree), (92 bytes).
    Removing heap_4.o(i.vPortInitialiseBlocks), (2 bytes).
    Removing heap_4.o(i.xPortGetFreeHeapSize), (12 bytes).
    Removing heap_4.o(i.xPortGetMinimumEverFreeHeapSize), (12 bytes).
    Removing heap_4.o(.bss), (16384 bytes).
    Removing heap_4.o(.data), (24 bytes).
    Removing port.o(i.prvTaskExitError), (44 bytes).
    Removing port.o(i.pxPortInitialiseStack), (36 bytes).
    Removing port.o(i.vPortEndScheduler), (32 bytes).
    Removing port.o(i.vPortEnterCritical), (64 bytes).
    Removing port.o(i.vPortExitCritical), (44 bytes).
    Removing port.o(i.vPortSetupTimerInterrupt), (36 bytes).
    Removing port.o(i.xPortStartScheduler), (244 bytes).
    Removing freertos_cli.o(i.FreeRTOS_CLIGetOutputBuffer), (8 bytes).
    Removing freertos_cli.o(i.FreeRTOS_CLIGetParameter), (80 bytes).
    Removing freertos_cli.o(i.FreeRTOS_CLIProcessCommand), (188 bytes).
    Removing freertos_cli.o(i.FreeRTOS_CLIRegisterCommand), (80 bytes).
    Removing freertos_cli.o(i.prvGetNumberOfParameters), (44 bytes).
    Removing freertos_cli.o(i.prvHelpCommand), (48 bytes).
    Removing freertos_cli.o(.bss), (1000 bytes).
    Removing freertos_cli.o(.constdata), (16 bytes).
    Removing freertos_cli.o(.conststring), (56 bytes).
    Removing freertos_cli.o(.conststring), (168 bytes).
    Removing freertos_cli.o(.data), (20 bytes).
    Removing gd32f450z_eval.o(.rev16_text), (4 bytes).
    Removing gd32f450z_eval.o(.revsh_text), (4 bytes).
    Removing gd32f450z_eval.o(i.gd_eval_com_init), (176 bytes).
    Removing gd32f450z_eval.o(i.gd_eval_key_init), (112 bytes).
    Removing gd32f450z_eval.o(i.gd_eval_key_state_get), (24 bytes).
    Removing gd32f450z_eval.o(i.gd_eval_led_init), (72 bytes).
    Removing gd32f450z_eval.o(i.gd_eval_led_off), (24 bytes).
    Removing gd32f450z_eval.o(i.gd_eval_led_on), (24 bytes).
    Removing gd32f450z_eval.o(i.gd_eval_led_toggle), (24 bytes).
    Removing gd32f450z_eval.o(.data), (92 bytes).
    Removing gd32f4xx_adc.o(.rev16_text), (4 bytes).
    Removing gd32f4xx_adc.o(.revsh_text), (4 bytes).
    Removing gd32f4xx_adc.o(i.adc_calibration_enable), (30 bytes).
    Removing gd32f4xx_adc.o(i.adc_channel_16_to_18), (80 bytes).
    Removing gd32f4xx_adc.o(i.adc_channel_length_config), (66 bytes).
    Removing gd32f4xx_adc.o(i.adc_clock_config), (24 bytes).
    Removing gd32f4xx_adc.o(i.adc_data_alignment_config), (24 bytes).
    Removing gd32f4xx_adc.o(i.adc_deinit), (22 bytes).
    Removing gd32f4xx_adc.o(i.adc_disable), (10 bytes).
    Removing gd32f4xx_adc.o(i.adc_discontinuous_mode_config), (64 bytes).
    Removing gd32f4xx_adc.o(i.adc_dma_mode_disable), (10 bytes).
    Removing gd32f4xx_adc.o(i.adc_dma_mode_enable), (10 bytes).
    Removing gd32f4xx_adc.o(i.adc_dma_request_after_last_disable), (10 bytes).
    Removing gd32f4xx_adc.o(i.adc_dma_request_after_last_enable), (10 bytes).
    Removing gd32f4xx_adc.o(i.adc_enable), (16 bytes).
    Removing gd32f4xx_adc.o(i.adc_end_of_conversion_config), (28 bytes).
    Removing gd32f4xx_adc.o(i.adc_external_trigger_config), (44 bytes).
    Removing gd32f4xx_adc.o(i.adc_external_trigger_source_config), (40 bytes).
    Removing gd32f4xx_adc.o(i.adc_flag_clear), (8 bytes).
    Removing gd32f4xx_adc.o(i.adc_flag_get), (14 bytes).
    Removing gd32f4xx_adc.o(i.adc_inserted_channel_config), (84 bytes).
    Removing gd32f4xx_adc.o(i.adc_inserted_channel_offset_config), (28 bytes).
    Removing gd32f4xx_adc.o(i.adc_inserted_data_read), (38 bytes).
    Removing gd32f4xx_adc.o(i.adc_inserted_software_startconv_flag_get), (14 bytes).
    Removing gd32f4xx_adc.o(i.adc_interrupt_disable), (58 bytes).
    Removing gd32f4xx_adc.o(i.adc_interrupt_enable), (58 bytes).
    Removing gd32f4xx_adc.o(i.adc_interrupt_flag_clear), (8 bytes).
    Removing gd32f4xx_adc.o(i.adc_interrupt_flag_get), (94 bytes).
    Removing gd32f4xx_adc.o(i.adc_oversample_mode_config), (52 bytes).
    Removing gd32f4xx_adc.o(i.adc_oversample_mode_disable), (12 bytes).
    Removing gd32f4xx_adc.o(i.adc_oversample_mode_enable), (12 bytes).
    Removing gd32f4xx_adc.o(i.adc_regular_channel_config), (126 bytes).
    Removing gd32f4xx_adc.o(i.adc_regular_data_read), (6 bytes).
    Removing gd32f4xx_adc.o(i.adc_regular_software_startconv_flag_get), (14 bytes).
    Removing gd32f4xx_adc.o(i.adc_resolution_config), (16 bytes).
    Removing gd32f4xx_adc.o(i.adc_software_trigger_enable), (28 bytes).
    Removing gd32f4xx_adc.o(i.adc_special_function_config), (80 bytes).
    Removing gd32f4xx_adc.o(i.adc_sync_delay_config), (24 bytes).
    Removing gd32f4xx_adc.o(i.adc_sync_dma_config), (24 bytes).
    Removing gd32f4xx_adc.o(i.adc_sync_dma_request_after_last_disable), (16 bytes).
    Removing gd32f4xx_adc.o(i.adc_sync_dma_request_after_last_enable), (16 bytes).
    Removing gd32f4xx_adc.o(i.adc_sync_mode_config), (24 bytes).
    Removing gd32f4xx_adc.o(i.adc_sync_regular_data_read), (12 bytes).
    Removing gd32f4xx_adc.o(i.adc_watchdog_disable), (42 bytes).
    Removing gd32f4xx_adc.o(i.adc_watchdog_group_channel_enable), (56 bytes).
    Removing gd32f4xx_adc.o(i.adc_watchdog_single_channel_disable), (10 bytes).
    Removing gd32f4xx_adc.o(i.adc_watchdog_single_channel_enable), (24 bytes).
    Removing gd32f4xx_adc.o(i.adc_watchdog_threshold_config), (14 bytes).
    Removing gd32f4xx_can.o(.rev16_text), (4 bytes).
    Removing gd32f4xx_can.o(.revsh_text), (4 bytes).
    Removing gd32f4xx_can.o(i.can1_filter_start_bank), (48 bytes).
    Removing gd32f4xx_can.o(i.can_debug_freeze_disable), (36 bytes).
    Removing gd32f4xx_can.o(i.can_debug_freeze_enable), (36 bytes).
    Removing gd32f4xx_can.o(i.can_deinit), (52 bytes).
    Removing gd32f4xx_can.o(i.can_error_get), (8 bytes).
    Removing gd32f4xx_can.o(i.can_fifo_release), (30 bytes).
    Removing gd32f4xx_can.o(i.can_filter_init), (216 bytes).
    Removing gd32f4xx_can.o(i.can_flag_clear), (16 bytes).
    Removing gd32f4xx_can.o(i.can_flag_get), (26 bytes).
    Removing gd32f4xx_can.o(i.can_init), (272 bytes).
    Removing gd32f4xx_can.o(i.can_interrupt_disable), (8 bytes).
    Removing gd32f4xx_can.o(i.can_interrupt_enable), (8 bytes).
    Removing gd32f4xx_can.o(i.can_interrupt_flag_clear), (16 bytes).
    Removing gd32f4xx_can.o(i.can_interrupt_flag_get), (98 bytes).
    Removing gd32f4xx_can.o(i.can_message_receive), (130 bytes).
    Removing gd32f4xx_can.o(i.can_message_transmit), (178 bytes).
    Removing gd32f4xx_can.o(i.can_receive_error_number_get), (6 bytes).
    Removing gd32f4xx_can.o(i.can_receive_message_length_get), (28 bytes).
    Removing gd32f4xx_can.o(i.can_struct_para_init), (126 bytes).
    Removing gd32f4xx_can.o(i.can_time_trigger_mode_disable), (36 bytes).
    Removing gd32f4xx_can.o(i.can_time_trigger_mode_enable), (36 bytes).
    Removing gd32f4xx_can.o(i.can_transmission_stop), (60 bytes).
    Removing gd32f4xx_can.o(i.can_transmit_error_number_get), (8 bytes).
    Removing gd32f4xx_can.o(i.can_transmit_states), (100 bytes).
    Removing gd32f4xx_can.o(i.can_wakeup), (40 bytes).
    Removing gd32f4xx_can.o(i.can_working_mode_set), (146 bytes).
    Removing gd32f4xx_crc.o(.rev16_text), (4 bytes).
    Removing gd32f4xx_crc.o(.revsh_text), (4 bytes).
    Removing gd32f4xx_crc.o(i.crc_block_data_calculate), (28 bytes).
    Removing gd32f4xx_crc.o(i.crc_data_register_read), (12 bytes).
    Removing gd32f4xx_crc.o(i.crc_data_register_reset), (16 bytes).
    Removing gd32f4xx_crc.o(i.crc_deinit), (24 bytes).
    Removing gd32f4xx_crc.o(i.crc_free_data_register_read), (12 bytes).
    Removing gd32f4xx_crc.o(i.crc_free_data_register_write), (12 bytes).
    Removing gd32f4xx_crc.o(i.crc_single_data_calculate), (12 bytes).
    Removing gd32f4xx_ctc.o(.rev16_text), (4 bytes).
    Removing gd32f4xx_ctc.o(.revsh_text), (4 bytes).
    Removing gd32f4xx_ctc.o(i.ctc_clock_limit_value_config), (24 bytes).
    Removing gd32f4xx_ctc.o(i.ctc_counter_capture_value_read), (12 bytes).
    Removing gd32f4xx_ctc.o(i.ctc_counter_direction_read), (20 bytes).
    Removing gd32f4xx_ctc.o(i.ctc_counter_disable), (16 bytes).
    Removing gd32f4xx_ctc.o(i.ctc_counter_enable), (16 bytes).
    Removing gd32f4xx_ctc.o(i.ctc_counter_reload_value_config), (24 bytes).
    Removing gd32f4xx_ctc.o(i.ctc_counter_reload_value_read), (12 bytes).
    Removing gd32f4xx_ctc.o(i.ctc_deinit), (22 bytes).
    Removing gd32f4xx_ctc.o(i.ctc_flag_clear), (32 bytes).
    Removing gd32f4xx_ctc.o(i.ctc_flag_get), (20 bytes).
    Removing gd32f4xx_ctc.o(i.ctc_hardware_trim_mode_config), (24 bytes).
    Removing gd32f4xx_ctc.o(i.ctc_interrupt_disable), (16 bytes).
    Removing gd32f4xx_ctc.o(i.ctc_interrupt_enable), (16 bytes).
    Removing gd32f4xx_ctc.o(i.ctc_interrupt_flag_clear), (32 bytes).
    Removing gd32f4xx_ctc.o(i.ctc_interrupt_flag_get), (44 bytes).
    Removing gd32f4xx_ctc.o(i.ctc_irc48m_trim_value_config), (24 bytes).
    Removing gd32f4xx_ctc.o(i.ctc_irc48m_trim_value_read), (16 bytes).
    Removing gd32f4xx_ctc.o(i.ctc_refsource_polarity_config), (24 bytes).
    Removing gd32f4xx_ctc.o(i.ctc_refsource_prescaler_config), (24 bytes).
    Removing gd32f4xx_ctc.o(i.ctc_refsource_signal_select), (24 bytes).
    Removing gd32f4xx_ctc.o(i.ctc_software_refsource_pulse_generate), (16 bytes).
    Removing gd32f4xx_ctc.o(i.ctc_usbsof_signal_select), (24 bytes).
    Removing gd32f4xx_dac.o(.rev16_text), (4 bytes).
    Removing gd32f4xx_dac.o(.revsh_text), (4 bytes).
    Removing gd32f4xx_dac.o(i.dac_concurrent_data_set), (48 bytes).
    Removing gd32f4xx_dac.o(i.dac_concurrent_disable), (16 bytes).
    Removing gd32f4xx_dac.o(i.dac_concurrent_enable), (16 bytes).
    Removing gd32f4xx_dac.o(i.dac_concurrent_interrupt_disable), (16 bytes).
    Removing gd32f4xx_dac.o(i.dac_concurrent_interrupt_enable), (16 bytes).
    Removing gd32f4xx_dac.o(i.dac_concurrent_output_buffer_disable), (16 bytes).
    Removing gd32f4xx_dac.o(i.dac_concurrent_output_buffer_enable), (16 bytes).
    Removing gd32f4xx_dac.o(i.dac_concurrent_software_trigger_disable), (16 bytes).
    Removing gd32f4xx_dac.o(i.dac_concurrent_software_trigger_enable), (16 bytes).
    Removing gd32f4xx_dac.o(i.dac_data_set), (76 bytes).
    Removing gd32f4xx_dac.o(i.dac_deinit), (22 bytes).
    Removing gd32f4xx_dac.o(i.dac_disable), (32 bytes).
    Removing gd32f4xx_dac.o(i.dac_dma_disable), (32 bytes).
    Removing gd32f4xx_dac.o(i.dac_dma_enable), (32 bytes).
    Removing gd32f4xx_dac.o(i.dac_enable), (32 bytes).
    Removing gd32f4xx_dac.o(i.dac_flag_clear), (32 bytes).
    Removing gd32f4xx_dac.o(i.dac_flag_get), (36 bytes).
    Removing gd32f4xx_dac.o(i.dac_interrupt_disable), (32 bytes).
    Removing gd32f4xx_dac.o(i.dac_interrupt_enable), (32 bytes).
    Removing gd32f4xx_dac.o(i.dac_interrupt_flag_clear), (32 bytes).
    Removing gd32f4xx_dac.o(i.dac_interrupt_flag_get), (68 bytes).
    Removing gd32f4xx_dac.o(i.dac_lfsr_noise_config), (44 bytes).
    Removing gd32f4xx_dac.o(i.dac_output_buffer_disable), (32 bytes).
    Removing gd32f4xx_dac.o(i.dac_output_buffer_enable), (32 bytes).
    Removing gd32f4xx_dac.o(i.dac_output_value_get), (28 bytes).
    Removing gd32f4xx_dac.o(i.dac_software_trigger_disable), (32 bytes).
    Removing gd32f4xx_dac.o(i.dac_software_trigger_enable), (32 bytes).
    Removing gd32f4xx_dac.o(i.dac_triangle_noise_config), (44 bytes).
    Removing gd32f4xx_dac.o(i.dac_trigger_disable), (32 bytes).
    Removing gd32f4xx_dac.o(i.dac_trigger_enable), (32 bytes).
    Removing gd32f4xx_dac.o(i.dac_trigger_source_config), (44 bytes).
    Removing gd32f4xx_dac.o(i.dac_wave_bit_width_config), (44 bytes).
    Removing gd32f4xx_dac.o(i.dac_wave_mode_config), (44 bytes).
    Removing gd32f4xx_dbg.o(.rev16_text), (4 bytes).
    Removing gd32f4xx_dbg.o(.revsh_text), (4 bytes).
    Removing gd32f4xx_dbg.o(i.dbg_deinit), (16 bytes).
    Removing gd32f4xx_dbg.o(i.dbg_id_get), (12 bytes).
    Removing gd32f4xx_dbg.o(i.dbg_low_power_disable), (16 bytes).
    Removing gd32f4xx_dbg.o(i.dbg_low_power_enable), (16 bytes).
    Removing gd32f4xx_dbg.o(i.dbg_periph_disable), (28 bytes).
    Removing gd32f4xx_dbg.o(i.dbg_periph_enable), (28 bytes).
    Removing gd32f4xx_dbg.o(i.dbg_trace_pin_disable), (16 bytes).
    Removing gd32f4xx_dbg.o(i.dbg_trace_pin_enable), (16 bytes).
    Removing gd32f4xx_dci.o(.rev16_text), (4 bytes).
    Removing gd32f4xx_dci.o(.revsh_text), (4 bytes).
    Removing gd32f4xx_dci.o(i.dci_capture_disable), (16 bytes).
    Removing gd32f4xx_dci.o(i.dci_capture_enable), (16 bytes).
    Removing gd32f4xx_dci.o(i.dci_crop_window_config), (20 bytes).
    Removing gd32f4xx_dci.o(i.dci_crop_window_disable), (16 bytes).
    Removing gd32f4xx_dci.o(i.dci_crop_window_enable), (16 bytes).
    Removing gd32f4xx_dci.o(i.dci_data_read), (12 bytes).
    Removing gd32f4xx_dci.o(i.dci_deinit), (22 bytes).
    Removing gd32f4xx_dci.o(i.dci_disable), (16 bytes).
    Removing gd32f4xx_dci.o(i.dci_embedded_sync_disable), (16 bytes).
    Removing gd32f4xx_dci.o(i.dci_embedded_sync_enable), (16 bytes).
    Removing gd32f4xx_dci.o(i.dci_enable), (16 bytes).
    Removing gd32f4xx_dci.o(i.dci_flag_get), (28 bytes).
    Removing gd32f4xx_dci.o(i.dci_init), (44 bytes).
    Removing gd32f4xx_dci.o(i.dci_interrupt_disable), (16 bytes).
    Removing gd32f4xx_dci.o(i.dci_interrupt_enable), (16 bytes).
    Removing gd32f4xx_dci.o(i.dci_interrupt_flag_clear), (16 bytes).
    Removing gd32f4xx_dci.o(i.dci_interrupt_flag_get), (20 bytes).
    Removing gd32f4xx_dci.o(i.dci_jpeg_disable), (16 bytes).
    Removing gd32f4xx_dci.o(i.dci_jpeg_enable), (16 bytes).
    Removing gd32f4xx_dci.o(i.dci_sync_codes_config), (24 bytes).
    Removing gd32f4xx_dci.o(i.dci_sync_codes_unmask_config), (24 bytes).
    Removing gd32f4xx_dma.o(.rev16_text), (4 bytes).
    Removing gd32f4xx_dma.o(.revsh_text), (4 bytes).
    Removing gd32f4xx_dma.o(i.dma_channel_subperipheral_select), (22 bytes).
    Removing gd32f4xx_dma.o(i.dma_circulation_disable), (18 bytes).
    Removing gd32f4xx_dma.o(i.dma_circulation_enable), (18 bytes).
    Removing gd32f4xx_dma.o(i.dma_deinit), (86 bytes).
    Removing gd32f4xx_dma.o(i.dma_fifo_status_get), (16 bytes).
    Removing gd32f4xx_dma.o(i.dma_flag_clear), (54 bytes).
    Removing gd32f4xx_dma.o(i.dma_flow_controller_config), (32 bytes).
    Removing gd32f4xx_dma.o(i.dma_interrupt_disable), (30 bytes).
    Removing gd32f4xx_dma.o(i.dma_interrupt_enable), (30 bytes).
    Removing gd32f4xx_dma.o(i.dma_interrupt_flag_get), (258 bytes).
    Removing gd32f4xx_dma.o(i.dma_memory_address_config), (20 bytes).
    Removing gd32f4xx_dma.o(i.dma_memory_address_generation_config), (32 bytes).
    Removing gd32f4xx_dma.o(i.dma_memory_burst_beats_config), (20 bytes).
    Removing gd32f4xx_dma.o(i.dma_memory_width_config), (20 bytes).
    Removing gd32f4xx_dma.o(i.dma_multi_data_mode_init), (156 bytes).
    Removing gd32f4xx_dma.o(i.dma_multi_data_para_struct_init), (30 bytes).
    Removing gd32f4xx_dma.o(i.dma_periph_address_config), (12 bytes).
    Removing gd32f4xx_dma.o(i.dma_periph_burst_beats_config), (20 bytes).
    Removing gd32f4xx_dma.o(i.dma_periph_width_config), (20 bytes).
    Removing gd32f4xx_dma.o(i.dma_peripheral_address_generation_config), (54 bytes).
    Removing gd32f4xx_dma.o(i.dma_priority_config), (20 bytes).
    Removing gd32f4xx_dma.o(i.dma_single_data_mode_init), (144 bytes).
    Removing gd32f4xx_dma.o(i.dma_single_data_para_struct_init), (24 bytes).
    Removing gd32f4xx_dma.o(i.dma_switch_buffer_mode_config), (34 bytes).
    Removing gd32f4xx_dma.o(i.dma_switch_buffer_mode_enable), (32 bytes).
    Removing gd32f4xx_dma.o(i.dma_transfer_direction_config), (20 bytes).
    Removing gd32f4xx_dma.o(i.dma_transfer_number_config), (12 bytes).
    Removing gd32f4xx_dma.o(i.dma_using_memory_get), (22 bytes).
    Removing gd32f4xx_enet.o(.rev16_text), (4 bytes).
    Removing gd32f4xx_enet.o(.revsh_text), (4 bytes).
    Removing gd32f4xx_enet.o(i.enet_address_filter_config), (24 bytes).
    Removing gd32f4xx_enet.o(i.enet_address_filter_disable), (20 bytes).
    Removing gd32f4xx_enet.o(i.enet_address_filter_enable), (20 bytes).
    Removing gd32f4xx_enet.o(i.enet_current_desc_address_get), (12 bytes).
    Removing gd32f4xx_enet.o(i.enet_debug_status_get), (92 bytes).
    Removing gd32f4xx_enet.o(i.enet_default_init), (76 bytes).
    Removing gd32f4xx_enet.o(i.enet_deinit), (26 bytes).
    Removing gd32f4xx_enet.o(i.enet_delay), (20 bytes).
    Removing gd32f4xx_enet.o(i.enet_desc_flag_clear), (8 bytes).
    Removing gd32f4xx_enet.o(i.enet_desc_flag_get), (14 bytes).
    Removing gd32f4xx_enet.o(i.enet_desc_flag_set), (8 bytes).
    Removing gd32f4xx_enet.o(i.enet_desc_information_get), (88 bytes).
    Removing gd32f4xx_enet.o(i.enet_desc_select_normal_mode), (16 bytes).
    Removing gd32f4xx_enet.o(i.enet_descriptors_chain_init), (144 bytes).
    Removing gd32f4xx_enet.o(i.enet_descriptors_ring_init), (160 bytes).
    Removing gd32f4xx_enet.o(i.enet_disable), (14 bytes).
    Removing gd32f4xx_enet.o(i.enet_dma_feature_disable), (16 bytes).
    Removing gd32f4xx_enet.o(i.enet_dma_feature_enable), (16 bytes).
    Removing gd32f4xx_enet.o(i.enet_dmaprocess_resume), (24 bytes).
    Removing gd32f4xx_enet.o(i.enet_dmaprocess_state_get), (12 bytes).
    Removing gd32f4xx_enet.o(i.enet_enable), (14 bytes).
    Removing gd32f4xx_enet.o(i.enet_flag_clear), (24 bytes).
    Removing gd32f4xx_enet.o(i.enet_flag_get), (32 bytes).
    Removing gd32f4xx_enet.o(i.enet_fliter_feature_disable), (16 bytes).
    Removing gd32f4xx_enet.o(i.enet_fliter_feature_enable), (16 bytes).
    Removing gd32f4xx_enet.o(i.enet_flowcontrol_feature_disable), (32 bytes).
    Removing gd32f4xx_enet.o(i.enet_flowcontrol_feature_enable), (32 bytes).
    Removing gd32f4xx_enet.o(i.enet_flowcontrol_threshold_config), (16 bytes).
    Removing gd32f4xx_enet.o(i.enet_forward_feature_disable), (40 bytes).
    Removing gd32f4xx_enet.o(i.enet_forward_feature_enable), (40 bytes).
    Removing gd32f4xx_enet.o(i.enet_frame_receive), (152 bytes).
    Removing gd32f4xx_enet.o(i.enet_frame_transmit), (136 bytes).
    Removing gd32f4xx_enet.o(i.enet_init), (624 bytes).
    Removing gd32f4xx_enet.o(i.enet_initpara_config), (228 bytes).
    Removing gd32f4xx_enet.o(i.enet_initpara_reset), (40 bytes).
    Removing gd32f4xx_enet.o(i.enet_interrupt_disable), (48 bytes).
    Removing gd32f4xx_enet.o(i.enet_interrupt_enable), (48 bytes).
    Removing gd32f4xx_enet.o(i.enet_mac_address_get), (44 bytes).
    Removing gd32f4xx_enet.o(i.enet_mac_address_set), (44 bytes).
    Removing gd32f4xx_enet.o(i.enet_missed_frame_counter_get), (20 bytes).
    Removing gd32f4xx_enet.o(i.enet_msc_counters_get), (12 bytes).
    Removing gd32f4xx_enet.o(i.enet_msc_counters_preset_config), (24 bytes).
    Removing gd32f4xx_enet.o(i.enet_msc_counters_reset), (16 bytes).
    Removing gd32f4xx_enet.o(i.enet_msc_feature_disable), (16 bytes).
    Removing gd32f4xx_enet.o(i.enet_msc_feature_enable), (16 bytes).
    Removing gd32f4xx_enet.o(i.enet_pauseframe_config), (32 bytes).
    Removing gd32f4xx_enet.o(i.enet_pauseframe_detect_config), (24 bytes).
    Removing gd32f4xx_enet.o(i.enet_pauseframe_generate), (32 bytes).
    Removing gd32f4xx_enet.o(i.enet_phy_config), (216 bytes).
    Removing gd32f4xx_enet.o(i.enet_phy_write_read), (96 bytes).
    Removing gd32f4xx_enet.o(i.enet_phyloopback_disable), (42 bytes).
    Removing gd32f4xx_enet.o(i.enet_phyloopback_enable), (42 bytes).
    Removing gd32f4xx_enet.o(i.enet_ptp_expected_time_config), (16 bytes).
    Removing gd32f4xx_enet.o(i.enet_ptp_feature_disable), (16 bytes).
    Removing gd32f4xx_enet.o(i.enet_ptp_feature_enable), (16 bytes).
    Removing gd32f4xx_enet.o(i.enet_ptp_normal_descriptors_chain_init), (156 bytes).
    Removing gd32f4xx_enet.o(i.enet_ptp_normal_descriptors_ring_init), (176 bytes).
    Removing gd32f4xx_enet.o(i.enet_ptp_pps_output_frequency_config), (12 bytes).
    Removing gd32f4xx_enet.o(i.enet_ptp_subsecond_increment_config), (12 bytes).
    Removing gd32f4xx_enet.o(i.enet_ptp_system_time_get), (28 bytes).
    Removing gd32f4xx_enet.o(i.enet_ptp_timestamp_addend_config), (12 bytes).
    Removing gd32f4xx_enet.o(i.enet_ptp_timestamp_function_config), (192 bytes).
    Removing gd32f4xx_enet.o(i.enet_ptp_timestamp_update_config), (20 bytes).
    Removing gd32f4xx_enet.o(i.enet_ptpframe_receive_normal_mode), (200 bytes).
    Removing gd32f4xx_enet.o(i.enet_ptpframe_transmit_normal_mode), (220 bytes).
    Removing gd32f4xx_enet.o(i.enet_registers_get), (44 bytes).
    Removing gd32f4xx_enet.o(i.enet_rx_desc_delay_receive_complete_interrupt), (20 bytes).
    Removing gd32f4xx_enet.o(i.enet_rx_desc_immediate_receive_complete_interrupt), (10 bytes).
    Removing gd32f4xx_enet.o(i.enet_rx_disable), (32 bytes).
    Removing gd32f4xx_enet.o(i.enet_rx_enable), (32 bytes).
    Removing gd32f4xx_enet.o(i.enet_rxframe_drop), (100 bytes).
    Removing gd32f4xx_enet.o(i.enet_rxframe_size_get), (84 bytes).
    Removing gd32f4xx_enet.o(i.enet_rxprocess_check_recovery), (40 bytes).
    Removing gd32f4xx_enet.o(i.enet_software_reset), (52 bytes).
    Removing gd32f4xx_enet.o(i.enet_transmit_checksum_config), (12 bytes).
    Removing gd32f4xx_enet.o(i.enet_tx_disable), (36 bytes).
    Removing gd32f4xx_enet.o(i.enet_tx_enable), (36 bytes).
    Removing gd32f4xx_enet.o(i.enet_txfifo_flush), (48 bytes).
    Removing gd32f4xx_enet.o(i.enet_wum_feature_disable), (16 bytes).
    Removing gd32f4xx_enet.o(i.enet_wum_feature_enable), (16 bytes).
    Removing gd32f4xx_enet.o(i.enet_wum_filter_config), (24 bytes).
    Removing gd32f4xx_enet.o(i.enet_wum_filter_register_pointer_reset), (16 bytes).
    Removing gd32f4xx_enet.o(.bss), (15460 bytes).
    Removing gd32f4xx_enet.o(.constdata), (116 bytes).
    Removing gd32f4xx_enet.o(.data), (20 bytes).
    Removing gd32f4xx_exmc.o(.rev16_text), (4 bytes).
    Removing gd32f4xx_exmc.o(.revsh_text), (4 bytes).
    Removing gd32f4xx_exmc.o(i.exmc_ecc_get), (10 bytes).
    Removing gd32f4xx_exmc.o(i.exmc_flag_clear), (40 bytes).
    Removing gd32f4xx_exmc.o(i.exmc_flag_get), (44 bytes).
    Removing gd32f4xx_exmc.o(i.exmc_interrupt_disable), (44 bytes).
    Removing gd32f4xx_exmc.o(i.exmc_interrupt_enable), (44 bytes).
    Removing gd32f4xx_exmc.o(i.exmc_interrupt_flag_clear), (44 bytes).
    Removing gd32f4xx_exmc.o(i.exmc_interrupt_flag_get), (56 bytes).
    Removing gd32f4xx_exmc.o(i.exmc_nand_deinit), (24 bytes).
    Removing gd32f4xx_exmc.o(i.exmc_nand_disable), (16 bytes).
    Removing gd32f4xx_exmc.o(i.exmc_nand_ecc_config), (30 bytes).
    Removing gd32f4xx_exmc.o(i.exmc_nand_enable), (16 bytes).
    Removing gd32f4xx_exmc.o(i.exmc_nand_init), (130 bytes).
    Removing gd32f4xx_exmc.o(i.exmc_nand_struct_para_init), (54 bytes).
    Removing gd32f4xx_exmc.o(i.exmc_norsram_consecutive_clock_config), (30 bytes).
    Removing gd32f4xx_exmc.o(i.exmc_norsram_deinit), (24 bytes).
    Removing gd32f4xx_exmc.o(i.exmc_norsram_disable), (16 bytes).
    Removing gd32f4xx_exmc.o(i.exmc_norsram_enable), (16 bytes).
    Removing gd32f4xx_exmc.o(i.exmc_norsram_init), (188 bytes).
    Removing gd32f4xx_exmc.o(i.exmc_norsram_page_size_config), (22 bytes).
    Removing gd32f4xx_exmc.o(i.exmc_norsram_struct_para_init), (90 bytes).
    Removing gd32f4xx_exmc.o(i.exmc_pccard_deinit), (24 bytes).
    Removing gd32f4xx_exmc.o(i.exmc_pccard_disable), (16 bytes).
    Removing gd32f4xx_exmc.o(i.exmc_pccard_enable), (16 bytes).
    Removing gd32f4xx_exmc.o(i.exmc_pccard_init), (132 bytes).
    Removing gd32f4xx_exmc.o(i.exmc_pccard_struct_para_init), (60 bytes).
    Removing gd32f4xx_exmc.o(i.exmc_sdram_autorefresh_number_set), (28 bytes).
    Removing gd32f4xx_exmc.o(i.exmc_sdram_bankstatus_get), (28 bytes).
    Removing gd32f4xx_exmc.o(i.exmc_sdram_command_config), (24 bytes).
    Removing gd32f4xx_exmc.o(i.exmc_sdram_deinit), (40 bytes).
    Removing gd32f4xx_exmc.o(i.exmc_sdram_init), (208 bytes).
    Removing gd32f4xx_exmc.o(i.exmc_sdram_readsample_config), (20 bytes).
    Removing gd32f4xx_exmc.o(i.exmc_sdram_readsample_enable), (36 bytes).
    Removing gd32f4xx_exmc.o(i.exmc_sdram_refresh_count_set), (28 bytes).
    Removing gd32f4xx_exmc.o(i.exmc_sdram_struct_para_init), (62 bytes).
    Removing gd32f4xx_exmc.o(i.exmc_sdram_write_protection_config), (40 bytes).
    Removing gd32f4xx_exmc.o(i.exmc_sqpipsram_deinit), (28 bytes).
    Removing gd32f4xx_exmc.o(i.exmc_sqpipsram_high_id_get), (12 bytes).
    Removing gd32f4xx_exmc.o(i.exmc_sqpipsram_init), (24 bytes).
    Removing gd32f4xx_exmc.o(i.exmc_sqpipsram_low_id_get), (12 bytes).
    Removing gd32f4xx_exmc.o(i.exmc_sqpipsram_read_command_set), (24 bytes).
    Removing gd32f4xx_exmc.o(i.exmc_sqpipsram_read_id_command_send), (16 bytes).
    Removing gd32f4xx_exmc.o(i.exmc_sqpipsram_send_command_state_get), (28 bytes).
    Removing gd32f4xx_exmc.o(i.exmc_sqpipsram_struct_para_init), (20 bytes).
    Removing gd32f4xx_exmc.o(i.exmc_sqpipsram_write_cmd_send), (16 bytes).
    Removing gd32f4xx_exmc.o(i.exmc_sqpipsram_write_command_set), (24 bytes).
    Removing gd32f4xx_exti.o(.rev16_text), (4 bytes).
    Removing gd32f4xx_exti.o(.revsh_text), (4 bytes).
    Removing gd32f4xx_exti.o(i.exti_deinit), (28 bytes).
    Removing gd32f4xx_exti.o(i.exti_event_disable), (16 bytes).
    Removing gd32f4xx_exti.o(i.exti_event_enable), (16 bytes).
    Removing gd32f4xx_exti.o(i.exti_flag_clear), (12 bytes).
    Removing gd32f4xx_exti.o(i.exti_flag_get), (20 bytes).
    Removing gd32f4xx_exti.o(i.exti_init), (116 bytes).
    Removing gd32f4xx_exti.o(i.exti_interrupt_disable), (16 bytes).
    Removing gd32f4xx_exti.o(i.exti_interrupt_enable), (16 bytes).
    Removing gd32f4xx_exti.o(i.exti_software_interrupt_disable), (16 bytes).
    Removing gd32f4xx_exti.o(i.exti_software_interrupt_enable), (16 bytes).
    Removing gd32f4xx_fmc.o(.rev16_text), (4 bytes).
    Removing gd32f4xx_fmc.o(.revsh_text), (4 bytes).
    Removing gd32f4xx_fmc.o(i.fmc_bank0_erase), (56 bytes).
    Removing gd32f4xx_fmc.o(i.fmc_bank1_erase), (56 bytes).
    Removing gd32f4xx_fmc.o(i.fmc_byte_program), (64 bytes).
    Removing gd32f4xx_fmc.o(i.fmc_flag_clear), (12 bytes).
    Removing gd32f4xx_fmc.o(i.fmc_flag_get), (20 bytes).
    Removing gd32f4xx_fmc.o(i.fmc_halfword_program), (68 bytes).
    Removing gd32f4xx_fmc.o(i.fmc_interrupt_disable), (16 bytes).
    Removing gd32f4xx_fmc.o(i.fmc_interrupt_enable), (16 bytes).
    Removing gd32f4xx_fmc.o(i.fmc_interrupt_flag_clear), (12 bytes).
    Removing gd32f4xx_fmc.o(i.fmc_interrupt_flag_get), (52 bytes).
    Removing gd32f4xx_fmc.o(i.fmc_lock), (16 bytes).
    Removing gd32f4xx_fmc.o(i.fmc_mass_erase), (52 bytes).
    Removing gd32f4xx_fmc.o(i.fmc_ready_wait), (26 bytes).
    Removing gd32f4xx_fmc.o(i.fmc_sector_erase), (76 bytes).
    Removing gd32f4xx_fmc.o(i.fmc_state_get), (60 bytes).
    Removing gd32f4xx_fmc.o(i.fmc_unlock), (36 bytes).
    Removing gd32f4xx_fmc.o(i.fmc_word_program), (68 bytes).
    Removing gd32f4xx_fmc.o(i.fmc_wscnt_set), (20 bytes).
    Removing gd32f4xx_fmc.o(i.ob_boot_mode_config), (20 bytes).
    Removing gd32f4xx_fmc.o(i.ob_drp0_get), (28 bytes).
    Removing gd32f4xx_fmc.o(i.ob_drp1_get), (32 bytes).
    Removing gd32f4xx_fmc.o(i.ob_drp_disable), (80 bytes).
    Removing gd32f4xx_fmc.o(i.ob_drp_enable), (88 bytes).
    Removing gd32f4xx_fmc.o(i.ob_erase), (64 bytes).
    Removing gd32f4xx_fmc.o(i.ob_lock), (16 bytes).
    Removing gd32f4xx_fmc.o(i.ob_security_protection_config), (36 bytes).
    Removing gd32f4xx_fmc.o(i.ob_spc_get), (24 bytes).
    Removing gd32f4xx_fmc.o(i.ob_start), (16 bytes).
    Removing gd32f4xx_fmc.o(i.ob_unlock), (36 bytes).
    Removing gd32f4xx_fmc.o(i.ob_user_bor_threshold), (20 bytes).
    Removing gd32f4xx_fmc.o(i.ob_user_bor_threshold_get), (16 bytes).
    Removing gd32f4xx_fmc.o(i.ob_user_get), (16 bytes).
    Removing gd32f4xx_fmc.o(i.ob_user_write), (44 bytes).
    Removing gd32f4xx_fmc.o(i.ob_write_protection0_get), (16 bytes).
    Removing gd32f4xx_fmc.o(i.ob_write_protection1_get), (16 bytes).
    Removing gd32f4xx_fmc.o(i.ob_write_protection_disable), (68 bytes).
    Removing gd32f4xx_fmc.o(i.ob_write_protection_enable), (68 bytes).
    Removing gd32f4xx_fwdgt.o(.rev16_text), (4 bytes).
    Removing gd32f4xx_fwdgt.o(.revsh_text), (4 bytes).
    Removing gd32f4xx_fwdgt.o(i.fwdgt_config), (80 bytes).
    Removing gd32f4xx_fwdgt.o(i.fwdgt_counter_reload), (16 bytes).
    Removing gd32f4xx_fwdgt.o(i.fwdgt_enable), (16 bytes).
    Removing gd32f4xx_fwdgt.o(i.fwdgt_flag_get), (20 bytes).
    Removing gd32f4xx_fwdgt.o(i.fwdgt_write_disable), (12 bytes).
    Removing gd32f4xx_fwdgt.o(i.fwdgt_write_enable), (16 bytes).
    Removing gd32f4xx_gpio.o(.rev16_text), (4 bytes).
    Removing gd32f4xx_gpio.o(.revsh_text), (4 bytes).
    Removing gd32f4xx_gpio.o(i.gpio_bit_reset), (4 bytes).
    Removing gd32f4xx_gpio.o(i.gpio_bit_set), (4 bytes).
    Removing gd32f4xx_gpio.o(i.gpio_bit_toggle), (4 bytes).
    Removing gd32f4xx_gpio.o(i.gpio_bit_write), (12 bytes).
    Removing gd32f4xx_gpio.o(i.gpio_deinit), (216 bytes).
    Removing gd32f4xx_gpio.o(i.gpio_input_bit_get), (14 bytes).
    Removing gd32f4xx_gpio.o(i.gpio_input_port_get), (6 bytes).
    Removing gd32f4xx_gpio.o(i.gpio_output_bit_get), (14 bytes).
    Removing gd32f4xx_gpio.o(i.gpio_output_port_get), (6 bytes).
    Removing gd32f4xx_gpio.o(i.gpio_pin_lock), (16 bytes).
    Removing gd32f4xx_gpio.o(i.gpio_port_toggle), (8 bytes).
    Removing gd32f4xx_gpio.o(i.gpio_port_write), (4 bytes).
    Removing gd32f4xx_i2c.o(.rev16_text), (4 bytes).
    Removing gd32f4xx_i2c.o(.revsh_text), (4 bytes).
    Removing gd32f4xx_i2c.o(i.i2c_ack_config), (12 bytes).
    Removing gd32f4xx_i2c.o(i.i2c_ackpos_config), (12 bytes).
    Removing gd32f4xx_i2c.o(i.i2c_analog_noise_filter_disable), (10 bytes).
    Removing gd32f4xx_i2c.o(i.i2c_analog_noise_filter_enable), (10 bytes).
    Removing gd32f4xx_i2c.o(i.i2c_clock_config), (196 bytes).
    Removing gd32f4xx_i2c.o(i.i2c_data_receive), (6 bytes).
    Removing gd32f4xx_i2c.o(i.i2c_data_transmit), (4 bytes).
    Removing gd32f4xx_i2c.o(i.i2c_deinit), (88 bytes).
    Removing gd32f4xx_i2c.o(i.i2c_digital_noise_filter_config), (8 bytes).
    Removing gd32f4xx_i2c.o(i.i2c_disable), (10 bytes).
    Removing gd32f4xx_i2c.o(i.i2c_dma_config), (12 bytes).
    Removing gd32f4xx_i2c.o(i.i2c_dma_last_transfer_config), (12 bytes).
    Removing gd32f4xx_i2c.o(i.i2c_dualaddr_disable), (10 bytes).
    Removing gd32f4xx_i2c.o(i.i2c_dualaddr_enable), (12 bytes).
    Removing gd32f4xx_i2c.o(i.i2c_enable), (10 bytes).
    Removing gd32f4xx_i2c.o(i.i2c_flag_clear), (34 bytes).
    Removing gd32f4xx_i2c.o(i.i2c_flag_get), (26 bytes).
    Removing gd32f4xx_i2c.o(i.i2c_interrupt_disable), (20 bytes).
    Removing gd32f4xx_i2c.o(i.i2c_interrupt_enable), (20 bytes).
    Removing gd32f4xx_i2c.o(i.i2c_interrupt_flag_clear), (36 bytes).
    Removing gd32f4xx_i2c.o(i.i2c_interrupt_flag_get), (84 bytes).
    Removing gd32f4xx_i2c.o(i.i2c_master_addressing), (18 bytes).
    Removing gd32f4xx_i2c.o(i.i2c_mode_addr_config), (22 bytes).
    Removing gd32f4xx_i2c.o(i.i2c_pec_config), (12 bytes).
    Removing gd32f4xx_i2c.o(i.i2c_pec_transfer_config), (12 bytes).
    Removing gd32f4xx_i2c.o(i.i2c_pec_value_get), (8 bytes).
    Removing gd32f4xx_i2c.o(i.i2c_sam_disable), (12 bytes).
    Removing gd32f4xx_i2c.o(i.i2c_sam_enable), (12 bytes).
    Removing gd32f4xx_i2c.o(i.i2c_sam_timeout_disable), (12 bytes).
    Removing gd32f4xx_i2c.o(i.i2c_sam_timeout_enable), (12 bytes).
    Removing gd32f4xx_i2c.o(i.i2c_slave_response_to_gcall_config), (12 bytes).
    Removing gd32f4xx_i2c.o(i.i2c_smbus_alert_config), (12 bytes).
    Removing gd32f4xx_i2c.o(i.i2c_smbus_arp_config), (12 bytes).
    Removing gd32f4xx_i2c.o(i.i2c_smbus_type_config), (24 bytes).
    Removing gd32f4xx_i2c.o(i.i2c_software_reset_config), (12 bytes).
    Removing gd32f4xx_i2c.o(i.i2c_start_on_bus), (10 bytes).
    Removing gd32f4xx_i2c.o(i.i2c_stop_on_bus), (10 bytes).
    Removing gd32f4xx_i2c.o(i.i2c_stretch_scl_low_config), (12 bytes).
    Removing gd32f4xx_ipa.o(.rev16_text), (4 bytes).
    Removing gd32f4xx_ipa.o(.revsh_text), (4 bytes).
    Removing gd32f4xx_ipa.o(i.ipa_background_init), (128 bytes).
    Removing gd32f4xx_ipa.o(i.ipa_background_lut_init), (80 bytes).
    Removing gd32f4xx_ipa.o(i.ipa_background_lut_loading_enable), (16 bytes).
    Removing gd32f4xx_ipa.o(i.ipa_background_struct_para_init), (20 bytes).
    Removing gd32f4xx_ipa.o(i.ipa_deinit), (22 bytes).
    Removing gd32f4xx_ipa.o(i.ipa_destination_init), (256 bytes).
    Removing gd32f4xx_ipa.o(i.ipa_destination_struct_para_init), (22 bytes).
    Removing gd32f4xx_ipa.o(i.ipa_flag_clear), (16 bytes).
    Removing gd32f4xx_ipa.o(i.ipa_flag_get), (20 bytes).
    Removing gd32f4xx_ipa.o(i.ipa_foreground_init), (128 bytes).
    Removing gd32f4xx_ipa.o(i.ipa_foreground_lut_init), (80 bytes).
    Removing gd32f4xx_ipa.o(i.ipa_foreground_lut_loading_enable), (16 bytes).
    Removing gd32f4xx_ipa.o(i.ipa_foreground_struct_para_init), (20 bytes).
    Removing gd32f4xx_ipa.o(i.ipa_inter_timer_config), (32 bytes).
    Removing gd32f4xx_ipa.o(i.ipa_interrupt_disable), (16 bytes).
    Removing gd32f4xx_ipa.o(i.ipa_interrupt_enable), (16 bytes).
    Removing gd32f4xx_ipa.o(i.ipa_interrupt_flag_clear), (16 bytes).
    Removing gd32f4xx_ipa.o(i.ipa_interrupt_flag_get), (20 bytes).
    Removing gd32f4xx_ipa.o(i.ipa_interval_clock_num_config), (24 bytes).
    Removing gd32f4xx_ipa.o(i.ipa_line_mark_config), (20 bytes).
    Removing gd32f4xx_ipa.o(i.ipa_pixel_format_convert_mode_set), (24 bytes).
    Removing gd32f4xx_ipa.o(i.ipa_transfer_enable), (16 bytes).
    Removing gd32f4xx_ipa.o(i.ipa_transfer_hangup_disable), (16 bytes).
    Removing gd32f4xx_ipa.o(i.ipa_transfer_hangup_enable), (16 bytes).
    Removing gd32f4xx_ipa.o(i.ipa_transfer_stop_disable), (16 bytes).
    Removing gd32f4xx_ipa.o(i.ipa_transfer_stop_enable), (16 bytes).
    Removing gd32f4xx_iref.o(.rev16_text), (4 bytes).
    Removing gd32f4xx_iref.o(.revsh_text), (4 bytes).
    Removing gd32f4xx_iref.o(i.iref_deinit), (22 bytes).
    Removing gd32f4xx_iref.o(i.iref_disable), (16 bytes).
    Removing gd32f4xx_iref.o(i.iref_enable), (16 bytes).
    Removing gd32f4xx_iref.o(i.iref_mode_set), (24 bytes).
    Removing gd32f4xx_iref.o(i.iref_precision_trim_value_set), (24 bytes).
    Removing gd32f4xx_iref.o(i.iref_sink_set), (24 bytes).
    Removing gd32f4xx_iref.o(i.iref_step_data_config), (24 bytes).
    Removing gd32f4xx_misc.o(.rev16_text), (4 bytes).
    Removing gd32f4xx_misc.o(.revsh_text), (4 bytes).
    Removing gd32f4xx_misc.o(i.nvic_irq_disable), (22 bytes).
    Removing gd32f4xx_misc.o(i.nvic_irq_enable), (156 bytes).
    Removing gd32f4xx_misc.o(i.nvic_priority_group_set), (20 bytes).
    Removing gd32f4xx_misc.o(i.nvic_vector_table_set), (24 bytes).
    Removing gd32f4xx_misc.o(i.system_lowpower_reset), (16 bytes).
    Removing gd32f4xx_misc.o(i.system_lowpower_set), (16 bytes).
    Removing gd32f4xx_misc.o(i.systick_clksource_set), (28 bytes).
    Removing gd32f4xx_pmu.o(.rev16_text), (4 bytes).
    Removing gd32f4xx_pmu.o(.revsh_text), (4 bytes).
    Removing gd32f4xx_pmu.o(i.pmu_backup_ldo_config), (24 bytes).
    Removing gd32f4xx_pmu.o(i.pmu_backup_write_disable), (16 bytes).
    Removing gd32f4xx_pmu.o(i.pmu_backup_write_enable), (16 bytes).
    Removing gd32f4xx_pmu.o(i.pmu_deinit), (22 bytes).
    Removing gd32f4xx_pmu.o(i.pmu_flag_clear), (36 bytes).
    Removing gd32f4xx_pmu.o(i.pmu_flag_get), (20 bytes).
    Removing gd32f4xx_pmu.o(i.pmu_highdriver_mode_disable), (16 bytes).
    Removing gd32f4xx_pmu.o(i.pmu_highdriver_mode_enable), (16 bytes).
    Removing gd32f4xx_pmu.o(i.pmu_highdriver_switch_select), (40 bytes).
    Removing gd32f4xx_pmu.o(i.pmu_ldo_output_select), (24 bytes).
    Removing gd32f4xx_pmu.o(i.pmu_lowdriver_mode_disable), (16 bytes).
    Removing gd32f4xx_pmu.o(i.pmu_lowdriver_mode_enable), (16 bytes).
    Removing gd32f4xx_pmu.o(i.pmu_lowpower_driver_config), (24 bytes).
    Removing gd32f4xx_pmu.o(i.pmu_lvd_disable), (16 bytes).
    Removing gd32f4xx_pmu.o(i.pmu_lvd_select), (40 bytes).
    Removing gd32f4xx_pmu.o(i.pmu_normalpower_driver_config), (24 bytes).
    Removing gd32f4xx_pmu.o(i.pmu_to_deepsleepmode), (188 bytes).
    Removing gd32f4xx_pmu.o(i.pmu_to_sleepmode), (28 bytes).
    Removing gd32f4xx_pmu.o(i.pmu_to_standbymode), (52 bytes).
    Removing gd32f4xx_pmu.o(i.pmu_wakeup_pin_disable), (16 bytes).
    Removing gd32f4xx_pmu.o(i.pmu_wakeup_pin_enable), (16 bytes).
    Removing gd32f4xx_pmu.o(.bss), (16 bytes).
    Removing gd32f4xx_rcu.o(.rev16_text), (4 bytes).
    Removing gd32f4xx_rcu.o(.revsh_text), (4 bytes).
    Removing gd32f4xx_rcu.o(i.rcu_ahb_clock_config), (20 bytes).
    Removing gd32f4xx_rcu.o(i.rcu_all_reset_flag_clear), (16 bytes).
    Removing gd32f4xx_rcu.o(i.rcu_apb1_clock_config), (20 bytes).
    Removing gd32f4xx_rcu.o(i.rcu_apb2_clock_config), (20 bytes).
    Removing gd32f4xx_rcu.o(i.rcu_bkp_reset_disable), (16 bytes).
    Removing gd32f4xx_rcu.o(i.rcu_bkp_reset_enable), (16 bytes).
    Removing gd32f4xx_rcu.o(i.rcu_ck48m_clock_config), (20 bytes).
    Removing gd32f4xx_rcu.o(i.rcu_ckout0_config), (20 bytes).
    Removing gd32f4xx_rcu.o(i.rcu_ckout1_config), (20 bytes).
    Removing gd32f4xx_rcu.o(i.rcu_deepsleep_voltage_set), (16 bytes).
    Removing gd32f4xx_rcu.o(i.rcu_deinit), (112 bytes).
    Removing gd32f4xx_rcu.o(i.rcu_flag_get), (36 bytes).
    Removing gd32f4xx_rcu.o(i.rcu_hxtal_clock_monitor_disable), (16 bytes).
    Removing gd32f4xx_rcu.o(i.rcu_hxtal_clock_monitor_enable), (16 bytes).
    Removing gd32f4xx_rcu.o(i.rcu_i2s_clock_config), (20 bytes).
    Removing gd32f4xx_rcu.o(i.rcu_interrupt_disable), (32 bytes).
    Removing gd32f4xx_rcu.o(i.rcu_interrupt_enable), (32 bytes).
    Removing gd32f4xx_rcu.o(i.rcu_interrupt_flag_clear), (32 bytes).
    Removing gd32f4xx_rcu.o(i.rcu_interrupt_flag_get), (36 bytes).
    Removing gd32f4xx_rcu.o(i.rcu_irc16m_adjust_value_set), (24 bytes).
    Removing gd32f4xx_rcu.o(i.rcu_lxtal_drive_capability_config), (20 bytes).
    Removing gd32f4xx_rcu.o(i.rcu_osci_bypass_mode_disable), (80 bytes).
    Removing gd32f4xx_rcu.o(i.rcu_osci_bypass_mode_enable), (80 bytes).
    Removing gd32f4xx_rcu.o(i.rcu_osci_off), (32 bytes).
    Removing gd32f4xx_rcu.o(i.rcu_osci_on), (32 bytes).
    Removing gd32f4xx_rcu.o(i.rcu_osci_stab_wait), (312 bytes).
    Removing gd32f4xx_rcu.o(i.rcu_periph_clock_disable), (32 bytes).
    Removing gd32f4xx_rcu.o(i.rcu_periph_clock_sleep_disable), (32 bytes).
    Removing gd32f4xx_rcu.o(i.rcu_periph_clock_sleep_enable), (32 bytes).
    Removing gd32f4xx_rcu.o(i.rcu_pll48m_clock_config), (20 bytes).
    Removing gd32f4xx_rcu.o(i.rcu_pll_config), (104 bytes).
    Removing gd32f4xx_rcu.o(i.rcu_plli2s_config), (40 bytes).
    Removing gd32f4xx_rcu.o(i.rcu_pllsai_config), (68 bytes).
    Removing gd32f4xx_rcu.o(i.rcu_rtc_clock_config), (20 bytes).
    Removing gd32f4xx_rcu.o(i.rcu_rtc_div_config), (20 bytes).
    Removing gd32f4xx_rcu.o(i.rcu_spread_spectrum_config), (28 bytes).
    Removing gd32f4xx_rcu.o(i.rcu_spread_spectrum_disable), (16 bytes).
    Removing gd32f4xx_rcu.o(i.rcu_spread_spectrum_enable), (16 bytes).
    Removing gd32f4xx_rcu.o(i.rcu_system_clock_source_config), (20 bytes).
    Removing gd32f4xx_rcu.o(i.rcu_system_clock_source_get), (16 bytes).
    Removing gd32f4xx_rcu.o(i.rcu_timer_clock_prescaler_config), (32 bytes).
    Removing gd32f4xx_rcu.o(i.rcu_tli_clock_div_config), (20 bytes).
    Removing gd32f4xx_rcu.o(i.rcu_voltage_key_unlock), (16 bytes).
    Removing gd32f4xx_rtc.o(.rev16_text), (4 bytes).
    Removing gd32f4xx_rtc.o(.revsh_text), (4 bytes).
    Removing gd32f4xx_rtc.o(i.rtc_alarm_config), (92 bytes).
    Removing gd32f4xx_rtc.o(i.rtc_alarm_disable), (100 bytes).
    Removing gd32f4xx_rtc.o(i.rtc_alarm_enable), (48 bytes).
    Removing gd32f4xx_rtc.o(i.rtc_alarm_get), (64 bytes).
    Removing gd32f4xx_rtc.o(i.rtc_alarm_output_config), (60 bytes).
    Removing gd32f4xx_rtc.o(i.rtc_alarm_subsecond_config), (44 bytes).
    Removing gd32f4xx_rtc.o(i.rtc_alarm_subsecond_get), (32 bytes).
    Removing gd32f4xx_rtc.o(i.rtc_bypass_shadow_disable), (32 bytes).
    Removing gd32f4xx_rtc.o(i.rtc_bypass_shadow_enable), (32 bytes).
    Removing gd32f4xx_rtc.o(i.rtc_calibration_output_config), (40 bytes).
    Removing gd32f4xx_rtc.o(i.rtc_coarse_calibration_config), (84 bytes).
    Removing gd32f4xx_rtc.o(i.rtc_coarse_calibration_disable), (48 bytes).
    Removing gd32f4xx_rtc.o(i.rtc_coarse_calibration_enable), (48 bytes).
    Removing gd32f4xx_rtc.o(i.rtc_current_time_get), (92 bytes).
    Removing gd32f4xx_rtc.o(i.rtc_deinit), (160 bytes).
    Removing gd32f4xx_rtc.o(i.rtc_flag_clear), (16 bytes).
    Removing gd32f4xx_rtc.o(i.rtc_flag_get), (20 bytes).
    Removing gd32f4xx_rtc.o(i.rtc_hour_adjust), (32 bytes).
    Removing gd32f4xx_rtc.o(i.rtc_init), (156 bytes).
    Removing gd32f4xx_rtc.o(i.rtc_init_mode_enter), (60 bytes).
    Removing gd32f4xx_rtc.o(i.rtc_init_mode_exit), (16 bytes).
    Removing gd32f4xx_rtc.o(i.rtc_interrupt_disable), (52 bytes).
    Removing gd32f4xx_rtc.o(i.rtc_interrupt_enable), (52 bytes).
    Removing gd32f4xx_rtc.o(i.rtc_refclock_detection_disable), (48 bytes).
    Removing gd32f4xx_rtc.o(i.rtc_refclock_detection_enable), (48 bytes).
    Removing gd32f4xx_rtc.o(i.rtc_register_sync_wait), (80 bytes).
    Removing gd32f4xx_rtc.o(i.rtc_second_adjust), (84 bytes).
    Removing gd32f4xx_rtc.o(i.rtc_smooth_calibration_config), (72 bytes).
    Removing gd32f4xx_rtc.o(i.rtc_subsecond_get), (16 bytes).
    Removing gd32f4xx_rtc.o(i.rtc_tamper0_pin_map), (24 bytes).
    Removing gd32f4xx_rtc.o(i.rtc_tamper_disable), (16 bytes).
    Removing gd32f4xx_rtc.o(i.rtc_tamper_enable), (156 bytes).
    Removing gd32f4xx_rtc.o(i.rtc_timestamp_disable), (32 bytes).
    Removing gd32f4xx_rtc.o(i.rtc_timestamp_enable), (40 bytes).
    Removing gd32f4xx_rtc.o(i.rtc_timestamp_get), (60 bytes).
    Removing gd32f4xx_rtc.o(i.rtc_timestamp_pin_map), (24 bytes).
    Removing gd32f4xx_rtc.o(i.rtc_timestamp_subsecond_get), (12 bytes).
    Removing gd32f4xx_rtc.o(i.rtc_wakeup_clock_set), (76 bytes).
    Removing gd32f4xx_rtc.o(i.rtc_wakeup_disable), (68 bytes).
    Removing gd32f4xx_rtc.o(i.rtc_wakeup_enable), (32 bytes).
    Removing gd32f4xx_rtc.o(i.rtc_wakeup_timer_get), (12 bytes).
    Removing gd32f4xx_rtc.o(i.rtc_wakeup_timer_set), (64 bytes).
    Removing gd32f4xx_sdio.o(.rev16_text), (4 bytes).
    Removing gd32f4xx_sdio.o(.revsh_text), (4 bytes).
    Removing gd32f4xx_sdio.o(i.sdio_bus_mode_set), (24 bytes).
    Removing gd32f4xx_sdio.o(i.sdio_ceata_command_completion_disable), (16 bytes).
    Removing gd32f4xx_sdio.o(i.sdio_ceata_command_completion_enable), (16 bytes).
    Removing gd32f4xx_sdio.o(i.sdio_ceata_command_disable), (16 bytes).
    Removing gd32f4xx_sdio.o(i.sdio_ceata_command_enable), (16 bytes).
    Removing gd32f4xx_sdio.o(i.sdio_ceata_interrupt_disable), (16 bytes).
    Removing gd32f4xx_sdio.o(i.sdio_ceata_interrupt_enable), (16 bytes).
    Removing gd32f4xx_sdio.o(i.sdio_clock_config), (44 bytes).
    Removing gd32f4xx_sdio.o(i.sdio_clock_disable), (16 bytes).
    Removing gd32f4xx_sdio.o(i.sdio_clock_enable), (16 bytes).
    Removing gd32f4xx_sdio.o(i.sdio_csm_disable), (16 bytes).
    Removing gd32f4xx_sdio.o(i.sdio_data_config), (48 bytes).
    Removing gd32f4xx_sdio.o(i.sdio_data_counter_get), (12 bytes).
    Removing gd32f4xx_sdio.o(i.sdio_data_read), (12 bytes).
    Removing gd32f4xx_sdio.o(i.sdio_data_transfer_config), (20 bytes).
    Removing gd32f4xx_sdio.o(i.sdio_data_write), (12 bytes).
    Removing gd32f4xx_sdio.o(i.sdio_deinit), (22 bytes).
    Removing gd32f4xx_sdio.o(i.sdio_dma_disable), (16 bytes).
    Removing gd32f4xx_sdio.o(i.sdio_dma_enable), (16 bytes).
    Removing gd32f4xx_sdio.o(i.sdio_dsm_disable), (16 bytes).
    Removing gd32f4xx_sdio.o(i.sdio_dsm_enable), (16 bytes).
    Removing gd32f4xx_sdio.o(i.sdio_fifo_counter_get), (12 bytes).
    Removing gd32f4xx_sdio.o(i.sdio_flag_get), (20 bytes).
    Removing gd32f4xx_sdio.o(i.sdio_hardware_clock_disable), (16 bytes).
    Removing gd32f4xx_sdio.o(i.sdio_hardware_clock_enable), (16 bytes).
    Removing gd32f4xx_sdio.o(i.sdio_interrupt_enable), (16 bytes).
    Removing gd32f4xx_sdio.o(i.sdio_operation_disable), (16 bytes).
    Removing gd32f4xx_sdio.o(i.sdio_operation_enable), (16 bytes).
    Removing gd32f4xx_sdio.o(i.sdio_power_state_get), (12 bytes).
    Removing gd32f4xx_sdio.o(i.sdio_power_state_set), (12 bytes).
    Removing gd32f4xx_sdio.o(i.sdio_readwait_disable), (16 bytes).
    Removing gd32f4xx_sdio.o(i.sdio_readwait_enable), (16 bytes).
    Removing gd32f4xx_sdio.o(i.sdio_readwait_type_set), (32 bytes).
    Removing gd32f4xx_sdio.o(i.sdio_stop_readwait_disable), (16 bytes).
    Removing gd32f4xx_sdio.o(i.sdio_stop_readwait_enable), (16 bytes).
    Removing gd32f4xx_sdio.o(i.sdio_suspend_disable), (16 bytes).
    Removing gd32f4xx_sdio.o(i.sdio_suspend_enable), (16 bytes).
    Removing gd32f4xx_spi.o(.rev16_text), (4 bytes).
    Removing gd32f4xx_spi.o(.revsh_text), (4 bytes).
    Removing gd32f4xx_spi.o(i.i2s_disable), (10 bytes).
    Removing gd32f4xx_spi.o(i.i2s_enable), (10 bytes).
    Removing gd32f4xx_spi.o(i.i2s_full_duplex_mode_config), (40 bytes).
    Removing gd32f4xx_spi.o(i.i2s_init), (24 bytes).
    Removing gd32f4xx_spi.o(i.i2s_psc_config), (216 bytes).
    Removing gd32f4xx_spi.o(i.qspi_disable), (12 bytes).
    Removing gd32f4xx_spi.o(i.qspi_enable), (12 bytes).
    Removing gd32f4xx_spi.o(i.qspi_io23_output_disable), (12 bytes).
    Removing gd32f4xx_spi.o(i.qspi_io23_output_enable), (12 bytes).
    Removing gd32f4xx_spi.o(i.qspi_read_enable), (12 bytes).
    Removing gd32f4xx_spi.o(i.qspi_write_enable), (12 bytes).
    Removing gd32f4xx_spi.o(i.spi_bidirectional_transfer_config), (26 bytes).
    Removing gd32f4xx_spi.o(i.spi_crc_error_clear), (10 bytes).
    Removing gd32f4xx_spi.o(i.spi_crc_get), (16 bytes).
    Removing gd32f4xx_spi.o(i.spi_crc_next), (10 bytes).
    Removing gd32f4xx_spi.o(i.spi_crc_off), (10 bytes).
    Removing gd32f4xx_spi.o(i.spi_crc_on), (10 bytes).
    Removing gd32f4xx_spi.o(i.spi_crc_polynomial_get), (6 bytes).
    Removing gd32f4xx_spi.o(i.spi_crc_polynomial_set), (4 bytes).
    Removing gd32f4xx_spi.o(i.spi_disable), (10 bytes).
    Removing gd32f4xx_spi.o(i.spi_dma_disable), (24 bytes).
    Removing gd32f4xx_spi.o(i.spi_dma_enable), (24 bytes).
    Removing gd32f4xx_spi.o(i.spi_enable), (10 bytes).
    Removing gd32f4xx_spi.o(i.spi_i2s_data_frame_format_config), (16 bytes).
    Removing gd32f4xx_spi.o(i.spi_i2s_data_receive), (6 bytes).
    Removing gd32f4xx_spi.o(i.spi_i2s_data_transmit), (4 bytes).
    Removing gd32f4xx_spi.o(i.spi_i2s_deinit), (172 bytes).
    Removing gd32f4xx_spi.o(i.spi_i2s_flag_get), (14 bytes).
    Removing gd32f4xx_spi.o(i.spi_i2s_interrupt_disable), (42 bytes).
    Removing gd32f4xx_spi.o(i.spi_i2s_interrupt_enable), (42 bytes).
    Removing gd32f4xx_spi.o(i.spi_i2s_interrupt_flag_get), (100 bytes).
    Removing gd32f4xx_spi.o(i.spi_init), (46 bytes).
    Removing gd32f4xx_spi.o(i.spi_nss_internal_high), (10 bytes).
    Removing gd32f4xx_spi.o(i.spi_nss_internal_low), (10 bytes).
    Removing gd32f4xx_spi.o(i.spi_nss_output_disable), (10 bytes).
    Removing gd32f4xx_spi.o(i.spi_nss_output_enable), (10 bytes).
    Removing gd32f4xx_spi.o(i.spi_struct_para_init), (18 bytes).
    Removing gd32f4xx_spi.o(i.spi_ti_mode_disable), (10 bytes).
    Removing gd32f4xx_spi.o(i.spi_ti_mode_enable), (10 bytes).
    Removing gd32f4xx_syscfg.o(.rev16_text), (4 bytes).
    Removing gd32f4xx_syscfg.o(.revsh_text), (4 bytes).
    Removing gd32f4xx_syscfg.o(i.syscfg_bootmode_config), (24 bytes).
    Removing gd32f4xx_syscfg.o(i.syscfg_compensation_config), (20 bytes).
    Removing gd32f4xx_syscfg.o(i.syscfg_deinit), (22 bytes).
    Removing gd32f4xx_syscfg.o(i.syscfg_enet_phy_interface_config), (20 bytes).
    Removing gd32f4xx_syscfg.o(i.syscfg_exmc_swap_config), (20 bytes).
    Removing gd32f4xx_syscfg.o(i.syscfg_exti_line_config), (104 bytes).
    Removing gd32f4xx_syscfg.o(i.syscfg_flag_get), (20 bytes).
    Removing gd32f4xx_syscfg.o(i.syscfg_fmc_swap_config), (20 bytes).
    Removing gd32f4xx_timer.o(.rev16_text), (4 bytes).
    Removing gd32f4xx_timer.o(.revsh_text), (4 bytes).
    Removing gd32f4xx_timer.o(i.timer_auto_reload_shadow_disable), (10 bytes).
    Removing gd32f4xx_timer.o(i.timer_auto_reload_shadow_enable), (10 bytes).
    Removing gd32f4xx_timer.o(i.timer_automatic_output_disable), (10 bytes).
    Removing gd32f4xx_timer.o(i.timer_automatic_output_enable), (10 bytes).
    Removing gd32f4xx_timer.o(i.timer_autoreload_value_config), (4 bytes).
    Removing gd32f4xx_timer.o(i.timer_break_config), (32 bytes).
    Removing gd32f4xx_timer.o(i.timer_break_disable), (10 bytes).
    Removing gd32f4xx_timer.o(i.timer_break_enable), (10 bytes).
    Removing gd32f4xx_timer.o(i.timer_break_struct_para_init), (18 bytes).
    Removing gd32f4xx_timer.o(i.timer_channel_capture_value_register_read), (36 bytes).
    Removing gd32f4xx_timer.o(i.timer_channel_complementary_output_polarity_config), (64 bytes).
    Removing gd32f4xx_timer.o(i.timer_channel_complementary_output_state_config), (64 bytes).
    Removing gd32f4xx_timer.o(i.timer_channel_control_shadow_config), (24 bytes).
    Removing gd32f4xx_timer.o(i.timer_channel_control_shadow_update_config), (28 bytes).
    Removing gd32f4xx_timer.o(i.timer_channel_dma_request_source_select), (28 bytes).
    Removing gd32f4xx_timer.o(i.timer_channel_input_capture_prescaler_config), (84 bytes).
    Removing gd32f4xx_timer.o(i.timer_channel_input_struct_para_init), (14 bytes).
    Removing gd32f4xx_timer.o(i.timer_channel_output_clear_config), (84 bytes).
    Removing gd32f4xx_timer.o(i.timer_channel_output_config), (472 bytes).
    Removing gd32f4xx_timer.o(i.timer_channel_output_fast_config), (84 bytes).
    Removing gd32f4xx_timer.o(i.timer_channel_output_mode_config), (84 bytes).
    Removing gd32f4xx_timer.o(i.timer_channel_output_polarity_config), (86 bytes).
    Removing gd32f4xx_timer.o(i.timer_channel_output_pulse_value_config), (32 bytes).
    Removing gd32f4xx_timer.o(i.timer_channel_output_shadow_config), (84 bytes).
    Removing gd32f4xx_timer.o(i.timer_channel_output_state_config), (86 bytes).
    Removing gd32f4xx_timer.o(i.timer_channel_output_struct_para_init), (16 bytes).
    Removing gd32f4xx_timer.o(i.timer_channel_remap_config), (4 bytes).
    Removing gd32f4xx_timer.o(i.timer_counter_alignment), (16 bytes).
    Removing gd32f4xx_timer.o(i.timer_counter_down_direction), (10 bytes).
    Removing gd32f4xx_timer.o(i.timer_counter_read), (4 bytes).
    Removing gd32f4xx_timer.o(i.timer_counter_up_direction), (10 bytes).
    Removing gd32f4xx_timer.o(i.timer_counter_value_config), (4 bytes).
    Removing gd32f4xx_timer.o(i.timer_deinit), (392 bytes).
    Removing gd32f4xx_timer.o(i.timer_disable), (10 bytes).
    Removing gd32f4xx_timer.o(i.timer_dma_disable), (8 bytes).
    Removing gd32f4xx_timer.o(i.timer_dma_enable), (8 bytes).
    Removing gd32f4xx_timer.o(i.timer_dma_transfer_config), (22 bytes).
    Removing gd32f4xx_timer.o(i.timer_enable), (10 bytes).
    Removing gd32f4xx_timer.o(i.timer_event_software_generate), (8 bytes).
    Removing gd32f4xx_timer.o(i.timer_external_clock_mode0_config), (28 bytes).
    Removing gd32f4xx_timer.o(i.timer_external_clock_mode1_config), (20 bytes).
    Removing gd32f4xx_timer.o(i.timer_external_clock_mode1_disable), (10 bytes).
    Removing gd32f4xx_timer.o(i.timer_external_trigger_as_external_clock_config), (160 bytes).
    Removing gd32f4xx_timer.o(i.timer_external_trigger_config), (28 bytes).
    Removing gd32f4xx_timer.o(i.timer_flag_clear), (6 bytes).
    Removing gd32f4xx_timer.o(i.timer_flag_get), (14 bytes).
    Removing gd32f4xx_timer.o(i.timer_hall_mode_config), (28 bytes).
    Removing gd32f4xx_timer.o(i.timer_init), (148 bytes).
    Removing gd32f4xx_timer.o(i.timer_input_capture_config), (308 bytes).
    Removing gd32f4xx_timer.o(i.timer_input_pwm_capture_config), (346 bytes).
    Removing gd32f4xx_timer.o(i.timer_input_trigger_source_select), (16 bytes).
    Removing gd32f4xx_timer.o(i.timer_internal_clock_config), (10 bytes).
    Removing gd32f4xx_timer.o(i.timer_internal_trigger_as_external_clock_config), (28 bytes).
    Removing gd32f4xx_timer.o(i.timer_interrupt_disable), (8 bytes).
    Removing gd32f4xx_timer.o(i.timer_interrupt_enable), (8 bytes).
    Removing gd32f4xx_timer.o(i.timer_interrupt_flag_clear), (6 bytes).
    Removing gd32f4xx_timer.o(i.timer_interrupt_flag_get), (20 bytes).
    Removing gd32f4xx_timer.o(i.timer_master_output_trigger_source_select), (16 bytes).
    Removing gd32f4xx_timer.o(i.timer_master_slave_mode_config), (28 bytes).
    Removing gd32f4xx_timer.o(i.timer_output_value_selection_config), (32 bytes).
    Removing gd32f4xx_timer.o(i.timer_prescaler_config), (16 bytes).
    Removing gd32f4xx_timer.o(i.timer_prescaler_read), (6 bytes).
    Removing gd32f4xx_timer.o(i.timer_primary_output_config), (24 bytes).
    Removing gd32f4xx_timer.o(i.timer_quadrature_decoder_mode_config), (64 bytes).
    Removing gd32f4xx_timer.o(i.timer_repetition_value_config), (4 bytes).
    Removing gd32f4xx_timer.o(i.timer_single_pulse_mode_config), (28 bytes).
    Removing gd32f4xx_timer.o(i.timer_slave_mode_select), (16 bytes).
    Removing gd32f4xx_timer.o(i.timer_struct_para_init), (20 bytes).
    Removing gd32f4xx_timer.o(i.timer_update_event_disable), (10 bytes).
    Removing gd32f4xx_timer.o(i.timer_update_event_enable), (10 bytes).
    Removing gd32f4xx_timer.o(i.timer_update_source_config), (28 bytes).
    Removing gd32f4xx_timer.o(i.timer_write_chxval_register_config), (32 bytes).
    Removing gd32f4xx_tli.o(.rev16_text), (4 bytes).
    Removing gd32f4xx_tli.o(.revsh_text), (4 bytes).
    Removing gd32f4xx_tli.o(i.tli_color_key_disable), (12 bytes).
    Removing gd32f4xx_tli.o(i.tli_color_key_enable), (12 bytes).
    Removing gd32f4xx_tli.o(i.tli_color_key_init), (14 bytes).
    Removing gd32f4xx_tli.o(i.tli_current_pos_get), (12 bytes).
    Removing gd32f4xx_tli.o(i.tli_deinit), (22 bytes).
    Removing gd32f4xx_tli.o(i.tli_disable), (16 bytes).
    Removing gd32f4xx_tli.o(i.tli_dither_config), (32 bytes).
    Removing gd32f4xx_tli.o(i.tli_enable), (16 bytes).
    Removing gd32f4xx_tli.o(i.tli_flag_get), (32 bytes).
    Removing gd32f4xx_tli.o(i.tli_init), (148 bytes).
    Removing gd32f4xx_tli.o(i.tli_interrupt_disable), (16 bytes).
    Removing gd32f4xx_tli.o(i.tli_interrupt_enable), (16 bytes).
    Removing gd32f4xx_tli.o(i.tli_interrupt_flag_clear), (16 bytes).
    Removing gd32f4xx_tli.o(i.tli_interrupt_flag_get), (32 bytes).
    Removing gd32f4xx_tli.o(i.tli_layer_disable), (12 bytes).
    Removing gd32f4xx_tli.o(i.tli_layer_enable), (12 bytes).
    Removing gd32f4xx_tli.o(i.tli_layer_init), (150 bytes).
    Removing gd32f4xx_tli.o(i.tli_layer_struct_para_init), (44 bytes).
    Removing gd32f4xx_tli.o(i.tli_layer_window_offset_modify), (160 bytes).
    Removing gd32f4xx_tli.o(i.tli_line_mark_set), (20 bytes).
    Removing gd32f4xx_tli.o(i.tli_lut_disable), (12 bytes).
    Removing gd32f4xx_tli.o(i.tli_lut_enable), (12 bytes).
    Removing gd32f4xx_tli.o(i.tli_lut_init), (26 bytes).
    Removing gd32f4xx_tli.o(i.tli_lut_struct_para_init), (12 bytes).
    Removing gd32f4xx_tli.o(i.tli_reload_config), (32 bytes).
    Removing gd32f4xx_tli.o(i.tli_struct_para_init), (34 bytes).
    Removing gd32f4xx_trng.o(.rev16_text), (4 bytes).
    Removing gd32f4xx_trng.o(.revsh_text), (4 bytes).
    Removing gd32f4xx_trng.o(i.trng_deinit), (22 bytes).
    Removing gd32f4xx_trng.o(i.trng_disable), (16 bytes).
    Removing gd32f4xx_trng.o(i.trng_enable), (16 bytes).
    Removing gd32f4xx_trng.o(i.trng_flag_get), (20 bytes).
    Removing gd32f4xx_trng.o(i.trng_get_true_random_data), (12 bytes).
    Removing gd32f4xx_trng.o(i.trng_interrupt_disable), (16 bytes).
    Removing gd32f4xx_trng.o(i.trng_interrupt_enable), (16 bytes).
    Removing gd32f4xx_trng.o(i.trng_interrupt_flag_clear), (16 bytes).
    Removing gd32f4xx_trng.o(i.trng_interrupt_flag_get), (20 bytes).
    Removing gd32f4xx_usart.o(.rev16_text), (4 bytes).
    Removing gd32f4xx_usart.o(.revsh_text), (4 bytes).
    Removing gd32f4xx_usart.o(i.usart_address_config), (20 bytes).
    Removing gd32f4xx_usart.o(i.usart_block_length_config), (20 bytes).
    Removing gd32f4xx_usart.o(i.usart_break_frame_coherence_config), (22 bytes).
    Removing gd32f4xx_usart.o(i.usart_data_first_config), (14 bytes).
    Removing gd32f4xx_usart.o(i.usart_disable), (10 bytes).
    Removing gd32f4xx_usart.o(i.usart_dma_receive_config), (12 bytes).
    Removing gd32f4xx_usart.o(i.usart_dma_transmit_config), (12 bytes).
    Removing gd32f4xx_usart.o(i.usart_flag_clear), (20 bytes).
    Removing gd32f4xx_usart.o(i.usart_guard_time_config), (24 bytes).
    Removing gd32f4xx_usart.o(i.usart_halfduplex_disable), (10 bytes).
    Removing gd32f4xx_usart.o(i.usart_halfduplex_enable), (10 bytes).
    Removing gd32f4xx_usart.o(i.usart_hardware_flow_coherence_config), (22 bytes).
    Removing gd32f4xx_usart.o(i.usart_hardware_flow_cts_config), (12 bytes).
    Removing gd32f4xx_usart.o(i.usart_hardware_flow_rts_config), (12 bytes).
    Removing gd32f4xx_usart.o(i.usart_interrupt_disable), (20 bytes).
    Removing gd32f4xx_usart.o(i.usart_interrupt_enable), (20 bytes).
    Removing gd32f4xx_usart.o(i.usart_invert_config), (86 bytes).
    Removing gd32f4xx_usart.o(i.usart_irda_lowpower_config), (20 bytes).
    Removing gd32f4xx_usart.o(i.usart_irda_mode_disable), (10 bytes).
    Removing gd32f4xx_usart.o(i.usart_irda_mode_enable), (10 bytes).
    Removing gd32f4xx_usart.o(i.usart_lin_break_detection_length_config), (20 bytes).
    Removing gd32f4xx_usart.o(i.usart_lin_mode_disable), (10 bytes).
    Removing gd32f4xx_usart.o(i.usart_lin_mode_enable), (10 bytes).
    Removing gd32f4xx_usart.o(i.usart_mute_mode_disable), (10 bytes).
    Removing gd32f4xx_usart.o(i.usart_mute_mode_enable), (10 bytes).
    Removing gd32f4xx_usart.o(i.usart_mute_mode_wakeup_config), (16 bytes).
    Removing gd32f4xx_usart.o(i.usart_oversample_config), (16 bytes).
    Removing gd32f4xx_usart.o(i.usart_parity_check_coherence_config), (22 bytes).
    Removing gd32f4xx_usart.o(i.usart_parity_config), (16 bytes).
    Removing gd32f4xx_usart.o(i.usart_prescaler_config), (16 bytes).
    Removing gd32f4xx_usart.o(i.usart_receiver_timeout_disable), (12 bytes).
    Removing gd32f4xx_usart.o(i.usart_receiver_timeout_enable), (12 bytes).
    Removing gd32f4xx_usart.o(i.usart_receiver_timeout_threshold_config), (18 bytes).
    Removing gd32f4xx_usart.o(i.usart_sample_bit_config), (16 bytes).
    Removing gd32f4xx_usart.o(i.usart_send_break), (10 bytes).
    Removing gd32f4xx_usart.o(i.usart_smartcard_autoretry_config), (24 bytes).
    Removing gd32f4xx_usart.o(i.usart_smartcard_mode_disable), (10 bytes).
    Removing gd32f4xx_usart.o(i.usart_smartcard_mode_enable), (10 bytes).
    Removing gd32f4xx_usart.o(i.usart_smartcard_mode_nack_disable), (10 bytes).
    Removing gd32f4xx_usart.o(i.usart_smartcard_mode_nack_enable), (10 bytes).
    Removing gd32f4xx_usart.o(i.usart_stop_bit_set), (16 bytes).
    Removing gd32f4xx_usart.o(i.usart_synchronous_clock_config), (30 bytes).
    Removing gd32f4xx_usart.o(i.usart_synchronous_clock_disable), (10 bytes).
    Removing gd32f4xx_usart.o(i.usart_synchronous_clock_enable), (10 bytes).
    Removing gd32f4xx_usart.o(i.usart_word_length_set), (16 bytes).
    Removing gd32f4xx_wwdgt.o(.rev16_text), (4 bytes).
    Removing gd32f4xx_wwdgt.o(.revsh_text), (4 bytes).
    Removing gd32f4xx_wwdgt.o(i.wwdgt_config), (44 bytes).
    Removing gd32f4xx_wwdgt.o(i.wwdgt_counter_update), (24 bytes).
    Removing gd32f4xx_wwdgt.o(i.wwdgt_deinit), (22 bytes).
    Removing gd32f4xx_wwdgt.o(i.wwdgt_enable), (16 bytes).
    Removing gd32f4xx_wwdgt.o(i.wwdgt_flag_clear), (16 bytes).
    Removing gd32f4xx_wwdgt.o(i.wwdgt_flag_get), (20 bytes).
    Removing gd32f4xx_wwdgt.o(i.wwdgt_interrupt_enable), (16 bytes).
    Removing system_gd32f4xx.o(.rev16_text), (4 bytes).
    Removing system_gd32f4xx.o(.revsh_text), (4 bytes).
    Removing system_gd32f4xx.o(i.SystemCoreClockUpdate), (156 bytes).
    Removing system_gd32f4xx.o(.data), (4 bytes).
    Removing startup_gd32f450.o(HEAP), (2048 bytes).
    Removing dadd.o(.text), (334 bytes).
    Removing dmul.o(.text), (228 bytes).
    Removing ddiv.o(.text), (222 bytes).
    Removing dfixul.o(.text), (48 bytes).
    Removing cdrcmple.o(.text), (48 bytes).
    Removing depilogue.o(.text), (186 bytes).

1901 unused section(s) (total 264364 bytes) removed from the image.

==============================================================================

Memory Map of the image

  Image Entry point : 0x00000000

  Load Region LR_IROM1 (Base: 0x08000000, Size: 0x00001a2c, Max: 0x00300000, ABSOLUTE)

    Execution Region ER_IROM1 (Base: 0x08000000, Size: 0x000019a8, Max: 0x00300000, ABSOLUTE)

    Base Addr    Size         Type   Attr      Idx    E Section Name        Object

    0x08000000   0x000001ac   Data   RO        12275    RESET               startup_gd32f450.o
    0x080001ac   0x00000000   Code   RO        12280  * .ARM.Collect$$$$00000000  mc_w.l(entry.o)
    0x080001ac   0x00000004   Code   RO        12642    .ARM.Collect$$$$00000001  mc_w.l(entry2.o)
    0x080001b0   0x00000004   Code   RO        12645    .ARM.Collect$$$$00000004  mc_w.l(entry5.o)
    0x080001b4   0x00000000   Code   RO        12647    .ARM.Collect$$$$00000008  mc_w.l(entry7b.o)
    0x080001b4   0x00000000   Code   RO        12649    .ARM.Collect$$$$0000000A  mc_w.l(entry8b.o)
    0x080001b4   0x00000008   Code   RO        12650    .ARM.Collect$$$$0000000B  mc_w.l(entry9a.o)
    0x080001bc   0x00000000   Code   RO        12652    .ARM.Collect$$$$0000000D  mc_w.l(entry10a.o)
    0x080001bc   0x00000000   Code   RO        12654    .ARM.Collect$$$$0000000F  mc_w.l(entry11a.o)
    0x080001bc   0x00000004   Code   RO        12643    .ARM.Collect$$$$00002712  mc_w.l(entry2.o)
    0x080001c0   0x000000be   Code   RO         6570    .emb_text           port.o
    0x0800027e   0x00000002   PAD
    0x08000280   0x00000024   Code   RO        12276    .text               startup_gd32f450.o
    0x080002a4   0x00000040   Code   RO        12313    .text               mc_w.l(memmovea.o)
    0x080002e4   0x00000062   Code   RO        12659    .text               mc_w.l(uldiv.o)
    0x08000346   0x00000002   PAD
    0x08000348   0x00000024   Code   RO        12685    .text               mc_w.l(init.o)
    0x0800036c   0x0000001e   Code   RO        12687    .text               mc_w.l(llshl.o)
    0x0800038a   0x00000020   Code   RO        12689    .text               mc_w.l(llushr.o)
    0x080003aa   0x00000002   Code   RO         2171    i.BusFault_Handler  gd32f4xx_it.o
    0x080003ac   0x00000002   Code   RO         2172    i.DebugMon_Handler  gd32f4xx_it.o
    0x080003ae   0x00000002   PAD
    0x080003b0   0x00000050   Code   RO         2173    i.ENET_IRQHandler   gd32f4xx_it.o
    0x08000400   0x00000044   Code   RO         2174    i.EXTI10_15_IRQHandler  gd32f4xx_it.o
    0x08000444   0x00000002   Code   RO         2175    i.HardFault_Handler  gd32f4xx_it.o
    0x08000446   0x00000002   Code   RO         2176    i.MemManage_Handler  gd32f4xx_it.o
    0x08000448   0x00000002   Code   RO         2177    i.NMI_Handler       gd32f4xx_it.o
    0x0800044a   0x00000004   Code   RO         2178    i.SDIO_IRQHandler   gd32f4xx_it.o
    0x0800044e   0x00000002   PAD
    0x08000450   0x0000002c   Code   RO         6571    i.SysTick_Handler   port.o
    0x0800047c   0x00000090   Code   RO        12237    i.SystemInit        system_gd32f4xx.o
    0x0800050c   0x000000cc   Code   RO          290    i.USART0_IRQHandler  serial.o
    0x080005d8   0x00000002   Code   RO         2179    i.UsageFault_Handler  gd32f4xx_it.o
    0x080005da   0x00000002   PAD
    0x080005dc   0x00000020   Code   RO        12556    i.__0printf$8       mc_w.l(printf8.o)
    0x080005fc   0x00000028   Code   RO         2100    i._boot_branch_state_get  bootload.o
    0x08000624   0x00000094   Code   RO         2101    i._boot_init_com    bootload.o
    0x080006b8   0x0000001c   Code   RO         2102    i._boot_jump_to_app  bootload.o
    0x080006d4   0x00000410   Code   RO        12563    i._printf_core      mc_w.l(printf8.o)
    0x08000ae4   0x00000024   Code   RO        12564    i._printf_post_padding  mc_w.l(printf8.o)
    0x08000b08   0x0000002e   Code   RO        12565    i._printf_pre_padding  mc_w.l(printf8.o)
    0x08000b36   0x00000002   PAD
    0x08000b38   0x0000009c   Code   RO         2104    i.boot_start        bootload.o
    0x08000bd4   0x00000012   Code   RO         7832    i.dma_channel_disable  gd32f4xx_dma.o
    0x08000be6   0x00000012   Code   RO         7833    i.dma_channel_enable  gd32f4xx_dma.o
    0x08000bf8   0x00000042   Code   RO         7840    i.dma_flag_get      gd32f4xx_dma.o
    0x08000c3a   0x00000036   Code   RO         7844    i.dma_interrupt_flag_clear  gd32f4xx_dma.o
    0x08000c70   0x0000000c   Code   RO         7863    i.dma_transfer_number_get  gd32f4xx_dma.o
    0x08000c7c   0x00000018   Code   RO         8081    i.enet_interrupt_flag_clear  gd32f4xx_enet.o
    0x08000c94   0x00000020   Code   RO         8082    i.enet_interrupt_flag_get  gd32f4xx_enet.o
    0x08000cb4   0x0000000c   Code   RO         8857    i.exti_interrupt_flag_clear  gd32f4xx_exti.o
    0x08000cc0   0x00000020   Code   RO         8858    i.exti_interrupt_flag_get  gd32f4xx_exti.o
    0x08000ce0   0x00000024   Code   RO          291    i.fputc             serial.o
    0x08000d04   0x00000064   Code   RO         9221    i.gpio_af_set       gd32f4xx_gpio.o
    0x08000d68   0x00000048   Code   RO         9229    i.gpio_mode_set     gd32f4xx_gpio.o
    0x08000db0   0x00000046   Code   RO         9231    i.gpio_output_options_set  gd32f4xx_gpio.o
    0x08000df6   0x00000006   Code   RO         2257    i.main              main.o
    0x08000dfc   0x0000006e   Code   RO         5781    i.prvCopyDataToQueue  queue.o
    0x08000e6a   0x00000002   PAD
    0x08000e6c   0x00000024   Code   RO         6147    i.prvResetNextTaskUnblockTime  tasks.o
    0x08000e90   0x00000068   Code   RO          725    i.r1_error_check    sdcard.o
    0x08000ef8   0x0000008c   Code   RO          726    i.r1_error_type_check  sdcard.o
    0x08000f84   0x000000e4   Code   RO         9999    i.rcu_clock_freq_get  gd32f4xx_rcu.o
    0x08001068   0x00000020   Code   RO        10018    i.rcu_periph_clock_enable  gd32f4xx_rcu.o
    0x08001088   0x00000020   Code   RO        10021    i.rcu_periph_reset_disable  gd32f4xx_rcu.o
    0x080010a8   0x00000020   Code   RO        10022    i.rcu_periph_reset_enable  gd32f4xx_rcu.o
    0x080010c8   0x000000e8   Code   RO          745    i.sd_interrupts_process  sdcard.o
    0x080011b0   0x00000020   Code   RO          755    i.sd_transfer_stop  sdcard.o
    0x080011d0   0x0000000c   Code   RO        10562    i.sdio_command_index_get  gd32f4xx_sdio.o
    0x080011dc   0x00000028   Code   RO        10563    i.sdio_command_response_config  gd32f4xx_sdio.o
    0x08001204   0x00000010   Code   RO        10565    i.sdio_csm_enable   gd32f4xx_sdio.o
    0x08001214   0x0000000c   Code   RO        10577    i.sdio_flag_clear   gd32f4xx_sdio.o
    0x08001220   0x00000010   Code   RO        10581    i.sdio_interrupt_disable  gd32f4xx_sdio.o
    0x08001230   0x0000000c   Code   RO        10583    i.sdio_interrupt_flag_clear  gd32f4xx_sdio.o
    0x0800123c   0x00000014   Code   RO        10584    i.sdio_interrupt_flag_get  gd32f4xx_sdio.o
    0x08001250   0x00000038   Code   RO        10592    i.sdio_response_get  gd32f4xx_sdio.o
    0x08001288   0x00000018   Code   RO        10597    i.sdio_wait_type_set  gd32f4xx_sdio.o
    0x080012a0   0x000000ac   Code   RO        12238    i.system_clock_200m_25m_hxtal  system_gd32f4xx.o
    0x0800134c   0x00000004   Code   RO        12239    i.system_clock_config  system_gd32f4xx.o
    0x08001350   0x000000b8   Code   RO        11837    i.usart_baudrate_set  gd32f4xx_usart.o
    0x08001408   0x00000008   Code   RO        11841    i.usart_data_receive  gd32f4xx_usart.o
    0x08001410   0x00000008   Code   RO        11842    i.usart_data_transmit  gd32f4xx_usart.o
    0x08001418   0x000000e0   Code   RO        11843    i.usart_deinit      gd32f4xx_usart.o
    0x080014f8   0x0000000a   Code   RO        11847    i.usart_enable      gd32f4xx_usart.o
    0x08001502   0x0000001a   Code   RO        11849    i.usart_flag_get    gd32f4xx_usart.o
    0x0800151c   0x00000014   Code   RO        11858    i.usart_interrupt_flag_clear  gd32f4xx_usart.o
    0x08001530   0x00000032   Code   RO        11859    i.usart_interrupt_flag_get  gd32f4xx_usart.o
    0x08001562   0x0000000c   Code   RO        11874    i.usart_receive_config  gd32f4xx_usart.o
    0x0800156e   0x0000000c   Code   RO        11889    i.usart_transmit_config  gd32f4xx_usart.o
    0x0800157a   0x00000026   Code   RO         5743    i.uxListRemove      list.o
    0x080015a0   0x00000018   Code   RO         5747    i.vListInsertEnd    list.o
    0x080015b8   0x00000054   Code   RO         6578    i.vPortValidateInterruptPriority  port.o
    0x0800160c   0x00000060   Code   RO         6181    i.vTaskSwitchContext  tasks.o
    0x0800166c   0x000000be   Code   RO         5802    i.xQueueGenericSendFromISR  queue.o
    0x0800172a   0x0000009e   Code   RO         5803    i.xQueueGiveFromISR  queue.o
    0x080017c8   0x000000cc   Code   RO         6191    i.xTaskIncrementTick  tasks.o
    0x08001894   0x00000098   Code   RO         6194    i.xTaskPriorityDisinherit  tasks.o
    0x0800192c   0x0000007c   Code   RO         6196    i.xTaskRemoveFromEventList  tasks.o
    0x080019a8   0x00000000   Data   RO        12697    Region$$Table       anon$$obj.o


    Execution Region RW_IRAM1 (Base: 0x20000000, Size: 0x00002188, Max: 0x00030000, ABSOLUTE)

    Base Addr    Size         Type   Attr      Idx    E Section Name        Object

    0x20000000   0x00000008   Data   RW          299    .data               serial.o
    0x20000008   0x00000020   Data   RW          757    .data               sdcard.o
    0x20000028   0x00000004   Data   RW         2258    .data               main.o
    0x2000002c   0x0000000c   Data   RW         2373    .data               ethernetif.o
    0x20000038   0x0000003c   Data   RW         6200    .data               tasks.o
    0x20000074   0x0000000c   Data   RW         6580    .data               port.o
    0x20000080   0x00000004   Data   RW        12656    .data               mc_w.l(stdout.o)
    0x20000084   0x00000104   Zero   RW         6199    .bss                tasks.o
    0x20000188   0x00002000   Zero   RW        12273    STACK               startup_gd32f450.o

