Component: ARM Compiler 5.06 update 7 (build 960) Tool: armlink [4d3601]

==============================================================================

Section Cross References

    sample-cli-commands.o(i.prvFmcTestCommand) refers to malloc.o(i.malloc) for malloc
    sample-cli-commands.o(i.prvFmcTestCommand) refers to printfa.o(i.__0printf) for __2printf
    sample-cli-commands.o(i.prvFmcTestCommand) refers to memseta.o(.text) for __aeabi_memclr
    sample-cli-commands.o(i.prvFmcTestCommand) refers to strcpy.o(.text) for strcpy
    sample-cli-commands.o(i.prvFmcTestCommand) refers to printfa.o(i.__0sprintf) for __2sprintf
    sample-cli-commands.o(i.prvFmcTestCommand) refers to strlen.o(.text) for strlen
    sample-cli-commands.o(i.prvFmcTestCommand) refers to strncat.o(.text) for strncat
    sample-cli-commands.o(i.prvFmcTestCommand) refers to fmc.o(i.flash_read) for flash_read
    sample-cli-commands.o(i.prvFmcTestCommand) refers to fmc.o(i.flash_write) for flash_write
    sample-cli-commands.o(i.prvFmcTestCommand) refers to fmc.o(i.flash_erase_sector) for flash_erase_sector
    sample-cli-commands.o(i.prvFmcTestCommand) refers to malloc.o(i.free) for free
    sample-cli-commands.o(i.prvGetClkCommand) refers to printfa.o(i.__0printf) for __2printf
    sample-cli-commands.o(i.prvGetClkCommand) refers to gd32f4xx_rcu.o(i.rcu_clock_freq_get) for rcu_clock_freq_get
    sample-cli-commands.o(i.prvGetClkCommand) refers to memseta.o(.text) for __aeabi_memclr
    sample-cli-commands.o(i.prvGetClkCommand) refers to strcpy.o(.text) for strcpy
    sample-cli-commands.o(i.prvGetPhyCommand) refers to printfa.o(i.__0printf) for __2printf
    sample-cli-commands.o(i.prvGetPhyCommand) refers to gd32f4xx_enet.o(i.enet_phy_write_read) for enet_phy_write_read
    sample-cli-commands.o(i.prvGetPhyCommand) refers to memseta.o(.text) for __aeabi_memclr
    sample-cli-commands.o(i.prvGetPhyCommand) refers to strcpy.o(.text) for strcpy
    sample-cli-commands.o(i.prvMdioReadCommand) refers to freertos_cli.o(i.FreeRTOS_CLIGetParameter) for FreeRTOS_CLIGetParameter
    sample-cli-commands.o(i.prvMdioReadCommand) refers to strncat.o(.text) for strncat
    sample-cli-commands.o(i.prvMdioReadCommand) refers to strtoul.o(.text) for strtoul
    sample-cli-commands.o(i.prvMdioReadCommand) refers to gd32f4xx_enet.o(i.enet_phy_write_read) for enet_phy_write_read
    sample-cli-commands.o(i.prvMdioReadCommand) refers to printfa.o(i.__0printf) for __2printf
    sample-cli-commands.o(i.prvMdioReadCommand) refers to memseta.o(.text) for __aeabi_memclr
    sample-cli-commands.o(i.prvMdioReadCommand) refers to strcpy.o(.text) for strcpy
    sample-cli-commands.o(i.prvMdioReadCommand) refers to sample-cli-commands.o(.data) for uxParameterNumber
    sample-cli-commands.o(i.prvMdioWriteCommand) refers to memseta.o(.text) for __aeabi_memclr
    sample-cli-commands.o(i.prvMdioWriteCommand) refers to freertos_cli.o(i.FreeRTOS_CLIGetParameter) for FreeRTOS_CLIGetParameter
    sample-cli-commands.o(i.prvMdioWriteCommand) refers to strncat.o(.text) for strncat
    sample-cli-commands.o(i.prvMdioWriteCommand) refers to strtoul.o(.text) for strtoul
    sample-cli-commands.o(i.prvMdioWriteCommand) refers to gd32f4xx_enet.o(i.enet_phy_write_read) for enet_phy_write_read
    sample-cli-commands.o(i.prvMdioWriteCommand) refers to printfa.o(i.__0printf) for __2printf
    sample-cli-commands.o(i.prvMdioWriteCommand) refers to strcpy.o(.text) for strcpy
    sample-cli-commands.o(i.prvMdioWriteCommand) refers to sample-cli-commands.o(.constdata) for .constdata
    sample-cli-commands.o(i.prvMdioWriteCommand) refers to sample-cli-commands.o(.data) for uxParameterNumber
    sample-cli-commands.o(i.prvParameterEchoCommand) refers to printfa.o(i.__0sprintf) for __2sprintf
    sample-cli-commands.o(i.prvParameterEchoCommand) refers to freertos_cli.o(i.FreeRTOS_CLIGetParameter) for FreeRTOS_CLIGetParameter
    sample-cli-commands.o(i.prvParameterEchoCommand) refers to memseta.o(.text) for __aeabi_memclr
    sample-cli-commands.o(i.prvParameterEchoCommand) refers to strncat.o(.text) for strncat
    sample-cli-commands.o(i.prvParameterEchoCommand) refers to sample-cli-commands.o(.data) for uxParameterNumber
    sample-cli-commands.o(i.prvPowerOffCommand) refers to basecpld.o(i.bc_cpu_power_off) for bc_cpu_power_off
    sample-cli-commands.o(i.prvPowerOffCommand) refers to memseta.o(.text) for __aeabi_memclr
    sample-cli-commands.o(i.prvPowerOffCommand) refers to strncat.o(.text) for strncat
    sample-cli-commands.o(i.prvPowerOnCommand) refers to basecpld.o(i.bc_cpu_power_on) for bc_cpu_power_on
    sample-cli-commands.o(i.prvPowerOnCommand) refers to memseta.o(.text) for __aeabi_memclr
    sample-cli-commands.o(i.prvPowerOnCommand) refers to strncat.o(.text) for strncat
    sample-cli-commands.o(i.prvQueryHeapCommand) refers to heap_4.o(i.xPortGetMinimumEverFreeHeapSize) for xPortGetMinimumEverFreeHeapSize
[...]
    __scatterload_copy                       0x080213e3   Thumb Code    14  handlers.o(i.__scatterload_copy)
    __scatterload_null                       0x080213f1   Thumb Code     2  handlers.o(i.__scatterload_null)
    __scatterload_zeroinit                   0x080213f3   Thumb Code    14  handlers.o(i.__scatterload_zeroinit)
    __set_errno                              0x08021401   Thumb Code     6  errno.o(i.__set_errno)
    _is_digit                                0x08021591   Thumb Code    14  scanf_fp.o(i._is_digit)
    adc_calibration_enable                   0x08021ca7   Thumb Code    42  gd32f4xx_adc.o(i.adc_calibration_enable)
    adc_channel_16_to_18                     0x08021cd1   Thumb Code    86  gd32f4xx_adc.o(i.adc_channel_16_to_18)
    adc_channel_length_config                0x08021d31   Thumb Code    82  gd32f4xx_adc.o(i.adc_channel_length_config)
    adc_clock_config                         0x08021d85   Thumb Code    28  gd32f4xx_adc.o(i.adc_clock_config)
    adc_data_alignment_config                0x08021da9   Thumb Code    22  gd32f4xx_adc.o(i.adc_data_alignment_config)
    adc_deinit                               0x08021dbf   Thumb Code    20  gd32f4xx_adc.o(i.adc_deinit)
    adc_enable                               0x08021dd3   Thumb Code    18  gd32f4xx_adc.o(i.adc_enable)
    adc_external_trigger_config              0x08021de5   Thumb Code    52  gd32f4xx_adc.o(i.adc_external_trigger_config)
    adc_external_trigger_source_config       0x08021e19   Thumb Code    48  gd32f4xx_adc.o(i.adc_external_trigger_source_config)
    adc_flag_clear                           0x08021e49   Thumb Code     8  gd32f4xx_adc.o(i.adc_flag_clear)
    adc_flag_get                             0x08021e51   Thumb Code    14  gd32f4xx_adc.o(i.adc_flag_get)
    adc_regular_channel_config               0x08021e5f   Thumb Code   172  gd32f4xx_adc.o(i.adc_regular_channel_config)
    adc_regular_data_read                    0x08021f0b   Thumb Code     8  gd32f4xx_adc.o(i.adc_regular_data_read)
    adc_software_trigger_enable              0x080220f5   Thumb Code    36  gd32f4xx_adc.o(i.adc_software_trigger_enable)
    adc_special_function_config              0x08022119   Thumb Code    90  gd32f4xx_adc.o(i.adc_special_function_config)
    adc_sync_mode_config                     0x08022175   Thumb Code    28  gd32f4xx_adc.o(i.adc_sync_mode_config)
    alt1_online_check                        0x08022199   Thumb Code    20  online_check.o(i.alt1_online_check)
    alt2_online_check                        0x080221ad   Thumb Code    20  online_check.o(i.alt2_online_check)
    bc_cpu_power_off                         0x080223a5   Thumb Code    22  basecpld.o(i.bc_cpu_power_off)
    bc_cpu_power_on                          0x080223bb   Thumb Code    22  basecpld.o(i.bc_cpu_power_on)
    bc_read                                  0x080223d1   Thumb Code    18  basecpld.o(i.bc_read)
    bc_write                                 0x080223e3   Thumb Code    16  basecpld.o(i.bc_write)
    board_poweron_delay                      0x08022469   Thumb Code    84  main.o(i.board_poweron_delay)
    cal_crc16                                0x080224e5   Thumb Code    56  hk_common.o(i.cal_crc16)
    clust2sect                               0x08022645   Thumb Code    26  ff.o(i.clust2sect)
    cpu_online_check                         0x0802269d   Thumb Code    20  online_check.o(i.cpu_online_check)
    delay                                    0x080228a1   Thumb Code    12  emmc.o(i.delay)
    disable_rcu                              0x08022c6b   Thumb Code   172  main.o(i.disable_rcu)
    disk_initialize                          0x08022d19   Thumb Code   186  diskio.o(i.disk_initialize)
    disk_ioctl                               0x08022dfd   Thumb Code   194  diskio.o(i.disk_ioctl)
    disk_read                                0x08022ef5   Thumb Code   140  diskio.o(i.disk_read)
    disk_status                              0x08022f85   Thumb Code    36  diskio.o(i.disk_status)
    disk_write                               0x08022fa9   Thumb Code    96  diskio.o(i.disk_write)
    dma_channel_disable                      0x08023009   Thumb Code    32  gd32f4xx_dma.o(i.dma_channel_disable)
    dma_channel_enable                       0x08023029   Thumb Code    32  gd32f4xx_dma.o(i.dma_channel_enable)
    dma_channel_subperipheral_select         0x08023049   Thumb Code    38  gd32f4xx_dma.o(i.dma_channel_subperipheral_select)
    dma_deinit                               0x0802306f   Thumb Code   164  gd32f4xx_dma.o(i.dma_deinit)
    dma_flag_clear                           0x08023113   Thumb Code    62  gd32f4xx_dma.o(i.dma_flag_clear)
    dma_flag_get                             0x08023151   Thumb Code    76  gd32f4xx_dma.o(i.dma_flag_get)
    dma_flow_controller_config               0x0802319d   Thumb Code    64  gd32f4xx_dma.o(i.dma_flow_controller_config)
    dma_multi_data_mode_init                 0x080231dd   Thumb Code   352  gd32f4xx_dma.o(i.dma_multi_data_mode_init)
    f_close                                  0x080234a9   Thumb Code    32  ff.o(i.f_close)
    f_getfree                                0x080234c9   Thumb Code   258  ff.o(i.f_getfree)
    f_gets                                   0x080235cb   Thumb Code    82  ff.o(i.f_gets)
    f_lseek                                  0x0802361d   Thumb Code   410  ff.o(i.f_lseek)
    f_mkfs                                   0x080237b9   Thumb Code  1622  ff.o(i.f_mkfs)
    f_mount                                  0x08023e3d   Thumb Code    86  ff.o(i.f_mount)
    f_open                                   0x08023e99   Thumb Code   374  ff.o(i.f_open)
    f_read                                   0x0802400f   Thumb Code   464  ff.o(i.f_read)
    f_sync                                   0x080241df   Thumb Code   176  ff.o(i.f_sync)
    f_unlink                                 0x0802428f   Thumb Code   166  ff.o(i.f_unlink)
    f_write                                  0x08024335   Thumb Code   524  ff.o(i.f_write)
    fatfs_getfree                            0x08024541   Thumb Code   178  fatfs_user.o(i.fatfs_getfree)
    fatfs_init                               0x0802466d   Thumb Code    88  fatfs_user.o(i.fatfs_init)
    fatfs_print_data                         0x08024705   Thumb Code   294  fatfs_user.o(i.fatfs_print_data)
    fatfs_write_data                         0x08024899   Thumb Code   242  fatfs_user.o(i.fatfs_write_data)
    flash_erase_sector                       0x08024dd1   Thumb Code   130  fmc.o(i.flash_erase_sector)
    flash_read                               0x08024e53   Thumb Code    28  fmc.o(i.flash_read)
    flash_write                              0x08024e6f   Thumb Code    86  fmc.o(i.flash_write)
    flash_write_byte                         0x08024ec5   Thumb Code   104  fmc.o(i.flash_write_byte)
    fmc_byte_program                         0x08024f95   Thumb Code    76  gd32f4xx_fmc.o(i.fmc_byte_program)
    fmc_flag_clear                           0x08024fe5   Thumb Code     6  gd32f4xx_fmc.o(i.fmc_flag_clear)
    fmc_lock                                 0x08024ff1   Thumb Code    14  gd32f4xx_fmc.o(i.fmc_lock)
    fmc_ready_wait                           0x08025005   Thumb Code    32  gd32f4xx_fmc.o(i.fmc_ready_wait)
    fmc_sector_erase                         0x08025025   Thumb Code    90  gd32f4xx_fmc.o(i.fmc_sector_erase)
    fmc_state_get                            0x08025085   Thumb Code    70  gd32f4xx_fmc.o(i.fmc_state_get)
    fmc_unlock                               0x080250d1   Thumb Code    24  gd32f4xx_fmc.o(i.fmc_unlock)
    fmc_word_program                         0x080250f5   Thumb Code    80  gd32f4xx_fmc.o(i.fmc_word_program)
    fputc                                    0x080251d9   Thumb Code    32  serial.o(i.fputc)
    free                                     0x080251fd   Thumb Code    76  malloc.o(i.free)
    frexp                                    0x08025251   Thumb Code   118  frexp.o(i.frexp)
    fru_req_task                             0x080252dd   Thumb Code   318  ipmb_slave.o(i.fru_req_task)
    fru_state_check                          0x0802546d   Thumb Code    14  ipmb_slave.o(i.fru_state_check)
    getReqAddr                               0x08025a99   Thumb Code   196  ipmb.o(i.getReqAddr)
    get_fat                                  0x08025d29   Thumb Code   318  ff.o(i.get_fat)
    get_fattime                              0x08025e69   Thumb Code     4  diskio.o(i.get_fattime)
    gpio_af_set                              0x08026111   Thumb Code    94  gd32f4xx_gpio.o(i.gpio_af_set)
    gpio_bit_reset                           0x0802616f   Thumb Code     4  gd32f4xx_gpio.o(i.gpio_bit_reset)
    gpio_bit_set                             0x08026173   Thumb Code     4  gd32f4xx_gpio.o(i.gpio_bit_set)
    gpio_init                                0x08026219   Thumb Code   440  pin.o(i.gpio_init)
    gpio_input_bit_get                       0x080263e5   Thumb Code    16  gd32f4xx_gpio.o(i.gpio_input_bit_get)
    gpio_mode_set                            0x080263f5   Thumb Code    78  gd32f4xx_gpio.o(i.gpio_mode_set)
    gpio_output_options_set                  0x08026443   Thumb Code    66  gd32f4xx_gpio.o(i.gpio_output_options_set)
    gpio_spi_select_default                  0x08026485   Thumb Code    22  pin.o(i.gpio_spi_select_default)
    gpio_spi_select_upgrade                  0x080264a5   Thumb Code    22  pin.o(i.gpio_spi_select_upgrade)
    hk_adc_filter                            0x08026551   Thumb Code   254  hk_adc.o(i.hk_adc_filter)
    hk_adc_init                              0x080266a1   Thumb Code    34  hk_adc.o(i.hk_adc_init)
    hk_i2c_init                              0x08026969   Thumb Code    24  hk_i2c.o(i.hk_i2c_init)
    i2c_ack_config                           0x080269e1   Thumb Code    16  gd32f4xx_i2c.o(i.i2c_ack_config)
    i2c_clock_config                         0x080269f1   Thumb Code   216  gd32f4xx_i2c.o(i.i2c_clock_config)
    i2c_data_receive                         0x08026ad5   Thumb Code     8  gd32f4xx_i2c.o(i.i2c_data_receive)
    i2c_data_transmit                        0x08026add   Thumb Code     6  gd32f4xx_i2c.o(i.i2c_data_transmit)
    i2c_deinit                               0x08026ae5   Thumb Code    84  gd32f4xx_i2c.o(i.i2c_deinit)
    i2c_enable                               0x08026b3d   Thumb Code    10  gd32f4xx_i2c.o(i.i2c_enable)
    i2c_flag_clear                           0x08026b47   Thumb Code    40  gd32f4xx_i2c.o(i.i2c_flag_clear)
    i2c_flag_get                             0x08026b6f   Thumb Code    30  gd32f4xx_i2c.o(i.i2c_flag_get)
    i2c_master_addressing                    0x08026b8d   Thumb Code    20  gd32f4xx_i2c.o(i.i2c_master_addressing)
    i2c_master_initialize                    0x08026ba1   Thumb Code    64  hk_i2c.o(i.i2c_master_initialize)
    i2c_master_receive                       0x08026be5   Thumb Code   392  hk_i2c.o(i.i2c_master_receive)
    i2c_master_transmit                      0x08026dad   Thumb Code   422  hk_i2c.o(i.i2c_master_transmit)
    i2c_mode_addr_config                     0x08026f95   Thumb Code    28  gd32f4xx_i2c.o(i.i2c_mode_addr_config)
    i2c_slave_initialize                     0x08026fb1   Thumb Code    64  hk_i2c.o(i.i2c_slave_initialize)
    i2c_slave_receive                        0x08026ff5   Thumb Code   276  hk_i2c.o(i.i2c_slave_receive)
    i2c_start_on_bus                         0x08027145   Thumb Code    10  gd32f4xx_i2c.o(i.i2c_start_on_bus)
    i2c_stop_on_bus                          0x0802714f   Thumb Code    10  gd32f4xx_i2c.o(i.i2c_stop_on_bus)
    iic_9545_switch_channel                  0x08027159   Thumb Code   102  hk_sensor.o(i.iic_9545_switch_channel)
    ipmb_calc_checksum                       0x080271bf   Thumb Code    38  ipmb.o(i.ipmb_calc_checksum)
    ipmb_calc_rsp_temp_value                 0x080271e5   Thumb Code    20  ipmb.o(i.ipmb_calc_rsp_temp_value)
    ipmb_calc_rsp_voltage_value              0x080271f9   Thumb Code    24  ipmb.o(i.ipmb_calc_rsp_voltage_value)
    ipmb_checksum_check                      0x08027215   Thumb Code    82  ipmb.o(i.ipmb_checksum_check)
    ipmb_print_msg                           0x080272c9   Thumb Code    38  ipmb.o(i.ipmb_print_msg)
    ipmb_recv                                0x080272fd   Thumb Code    44  ipmb.o(i.ipmb_recv)
    ipmb_rsp_ipmb1_thread                    0x0802743d   Thumb Code    26  ipmb_slave.o(i.ipmb_rsp_ipmb1_thread)
    ipmb_rsp_ipmb2_thread                    0x08027479   Thumb Code    26  ipmb_slave.o(i.ipmb_rsp_ipmb2_thread)
    ipmb_send                                0x080274a9   Thumb Code    42  ipmb.o(i.ipmb_send)
    main                                     0x080274f9   Thumb Code   102  main.o(i.main)
    malloc                                   0x08027591   Thumb Code    92  malloc.o(i.malloc)
    msata1_online_check                      0x08027685   Thumb Code    20  online_check.o(i.msata1_online_check)
    msata2_online_check                      0x08027699   Thumb Code    20  online_check.o(i.msata2_online_check)
    mxm_online_check                         0x080277d9   Thumb Code    20  online_check.o(i.mxm_online_check)
    nvic_irq_enable                          0x080277ed   Thumb Code   186  gd32f4xx_misc.o(i.nvic_irq_enable)
    nvic_priority_group_set                  0x080278b1   Thumb Code    10  gd32f4xx_misc.o(i.nvic_priority_group_set)
    nvic_vector_table_set                    0x080278c5   Thumb Code    16  gd32f4xx_misc.o(i.nvic_vector_table_set)
    put_fat                                  0x0802891f   Thumb Code   392  ff.o(i.put_fat)
    pvPortMalloc                             0x08028aa9   Thumb Code   296  heap_4.o(i.pvPortMalloc)
    pvTaskIncrementMutexHeldCount            0x08028be5   Thumb Code    26  tasks.o(i.pvTaskIncrementMutexHeldCount)
    pxPortInitialiseStack                    0x08028c05   Thumb Code    38  port.o(i.pxPortInitialiseStack)
    rcu_clock_freq_get                       0x08028e99   Thumb Code   264  gd32f4xx_rcu.o(i.rcu_clock_freq_get)
    rcu_periph_clock_disable                 0x08028fe9   Thumb Code    32  gd32f4xx_rcu.o(i.rcu_periph_clock_disable)
    rcu_periph_clock_enable                  0x0802900d   Thumb Code    32  gd32f4xx_rcu.o(i.rcu_periph_clock_enable)
    rcu_periph_reset_disable                 0x08029031   Thumb Code    32  gd32f4xx_rcu.o(i.rcu_periph_reset_disable)
    rcu_periph_reset_enable                  0x08029055   Thumb Code    32  gd32f4xx_rcu.o(i.rcu_periph_reset_enable)
    read_lm75_temp                           0x08029079   Thumb Code   140  hk_sensor.o(i.read_lm75_temp)
    read_sensor_thread                       0x080291e1   Thumb Code    26  hk_sensor.o(i.read_sensor_thread)
    sd_block_read                            0x08029281   Thumb Code   618  emmc.o(i.sd_block_read)
    sd_block_write                           0x08029511   Thumb Code   874  emmc.o(i.sd_block_write)
    sd_bus_mode_config                       0x080298a1   Thumb Code   212  emmc.o(i.sd_bus_mode_config)
    sd_card_capacity_get                     0x08029999   Thumb Code   286  emmc.o(i.sd_card_capacity_get)
    sd_card_information_get                  0x08029ac1   Thumb Code   626  emmc.o(i.sd_card_information_get)
    sd_card_init                             0x08029d45   Thumb Code   230  emmc.o(i.sd_card_init)
    sd_card_select_deselect                  0x08029e3d   Thumb Code    38  emmc.o(i.sd_card_select_deselect)
    sd_cardstatus_get                        0x08029f1d   Thumb Code    66  emmc.o(i.sd_cardstatus_get)
    sd_init                                  0x08029f7d   Thumb Code    70  emmc.o(i.sd_init)
    sd_interrupts_process                    0x08029fc5   Thumb Code   262  emmc.o(i.sd_interrupts_process)
    sd_multiblocks_read                      0x0802a0d9   Thumb Code   722  emmc.o(i.sd_multiblocks_read)
    sd_multiblocks_write                     0x0802a3d1   Thumb Code   808  emmc.o(i.sd_multiblocks_write)
    sd_power_on                              0x0802a721   Thumb Code   192  emmc.o(i.sd_power_on)
    sd_transfer_mode_config                  0x0802a7e9   Thumb Code    20  emmc.o(i.sd_transfer_mode_config)
    sdio_bus_mode_set                        0x0802a801   Thumb Code    22  gd32f4xx_sdio.o(i.sdio_bus_mode_set)
    sdio_clock_config                        0x0802a81d   Thumb Code    44  gd32f4xx_sdio.o(i.sdio_clock_config)
    sdio_clock_enable                        0x0802a851   Thumb Code    14  gd32f4xx_sdio.o(i.sdio_clock_enable)
    sdio_command_index_get                   0x0802a865   Thumb Code     8  gd32f4xx_sdio.o(i.sdio_command_index_get)
    sdio_command_response_config             0x0802a871   Thumb Code    52  gd32f4xx_sdio.o(i.sdio_command_response_config)
    sdio_csm_enable                          0x0802a8a9   Thumb Code    14  gd32f4xx_sdio.o(i.sdio_csm_enable)
    sdio_data_config                         0x0802a8bd   Thumb Code    54  gd32f4xx_sdio.o(i.sdio_data_config)
    sdio_data_read                           0x0802a8f9   Thumb Code     6  gd32f4xx_sdio.o(i.sdio_data_read)
    sdio_data_transfer_config                0x0802a905   Thumb Code    24  gd32f4xx_sdio.o(i.sdio_data_transfer_config)
    sdio_data_write                          0x0802a921   Thumb Code     6  gd32f4xx_sdio.o(i.sdio_data_write)
    sdio_deinit                              0x0802a92d   Thumb Code    20  gd32f4xx_sdio.o(i.sdio_deinit)
    sdio_dma_disable                         0x0802a941   Thumb Code    14  gd32f4xx_sdio.o(i.sdio_dma_disable)
    sdio_dma_enable                          0x0802a955   Thumb Code    14  gd32f4xx_sdio.o(i.sdio_dma_enable)
    sdio_dsm_disable                         0x0802a969   Thumb Code    14  gd32f4xx_sdio.o(i.sdio_dsm_disable)
    sdio_dsm_enable                          0x0802a97d   Thumb Code    14  gd32f4xx_sdio.o(i.sdio_dsm_enable)
    sdio_flag_clear                          0x0802a991   Thumb Code     6  gd32f4xx_sdio.o(i.sdio_flag_clear)
    sdio_flag_get                            0x0802a99d   Thumb Code    16  gd32f4xx_sdio.o(i.sdio_flag_get)
    sdio_hardware_clock_disable              0x0802a9b1   Thumb Code    14  gd32f4xx_sdio.o(i.sdio_hardware_clock_disable)
    sdio_hardware_clock_enable               0x0802a9c5   Thumb Code    14  gd32f4xx_sdio.o(i.sdio_hardware_clock_enable)
    sdio_interrupt_disable                   0x0802a9d9   Thumb Code    12  gd32f4xx_sdio.o(i.sdio_interrupt_disable)
    sdio_interrupt_enable                    0x0802a9e9   Thumb Code    12  gd32f4xx_sdio.o(i.sdio_interrupt_enable)
    sdio_interrupt_flag_clear                0x0802a9f9   Thumb Code     6  gd32f4xx_sdio.o(i.sdio_interrupt_flag_clear)
    sdio_interrupt_flag_get                  0x0802aa05   Thumb Code    16  gd32f4xx_sdio.o(i.sdio_interrupt_flag_get)
    sdio_power_state_get                     0x0802aa19   Thumb Code     6  gd32f4xx_sdio.o(i.sdio_power_state_get)
    sdio_power_state_set                     0x0802aa25   Thumb Code     6  gd32f4xx_sdio.o(i.sdio_power_state_set)
    sdio_response_get                        0x0802aa31   Thumb Code    56  gd32f4xx_sdio.o(i.sdio_response_get)
    sdio_wait_type_set                       0x0802aa6d   Thumb Code    22  gd32f4xx_sdio.o(i.sdio_wait_type_set)
    spi_1_read                               0x0802ae89   Thumb Code    44  gd25qxx.o(i.spi_1_read)
    spi_1_send_byte                          0x0802aeb9   Thumb Code   110  gd25qxx.o(i.spi_1_send_byte)
    spi_1_write                              0x0802af31   Thumb Code    52  gd25qxx.o(i.spi_1_write)
    spi_enable                               0x0802af69   Thumb Code    10  gd32f4xx_spi.o(i.spi_enable)
    spi_flash_buffer_write                   0x0802af73   Thumb Code   290  gd25qxx.o(i.spi_flash_buffer_write)
    spi_flash_bulk_erase                     0x0802b095   Thumb Code    38  gd25qxx.o(i.spi_flash_bulk_erase)
    spi_flash_init                           0x0802b0c1   Thumb Code   354  gd25qxx.o(i.spi_flash_init)
    spi_flash_page_write                     0x0802b239   Thumb Code    86  gd25qxx.o(i.spi_flash_page_write)
    spi_flash_read_id                        0x0802b295   Thumb Code    78  gd25qxx.o(i.spi_flash_read_id)
    spi_flash_send_byte                      0x0802b2e9   Thumb Code   110  gd25qxx.o(i.spi_flash_send_byte)
    spi_flash_wait_for_eraes_end             0x0802b361   Thumb Code    62  gd25qxx.o(i.spi_flash_wait_for_eraes_end)
    spi_flash_wait_for_write_end             0x0802b3a9   Thumb Code    64  gd25qxx.o(i.spi_flash_wait_for_write_end)
    spi_flash_write_enable                   0x0802b3ed   Thumb Code    30  gd25qxx.o(i.spi_flash_write_enable)
    spi_i2s_data_receive                     0x0802b411   Thumb Code     8  gd32f4xx_spi.o(i.spi_i2s_data_receive)
    spi_i2s_data_transmit                    0x0802b419   Thumb Code     4  gd32f4xx_spi.o(i.spi_i2s_data_transmit)
    spi_i2s_flag_get                         0x0802b41d   Thumb Code    16  gd32f4xx_spi.o(i.spi_i2s_flag_get)
    spi_init                                 0x0802b42d   Thumb Code    50  gd32f4xx_spi.o(i.spi_init)
    str2int                                  0x0802b46f   Thumb Code   244  hk_common.o(i.str2int)
    upgrade_bios                             0x0802b809   Thumb Code   454  bmcupgrade.o(i.upgrade_bios)
    upgrade_bmc                              0x0802bb29   Thumb Code   368  bmcupgrade.o(i.upgrade_bmc)
    usart_baudrate_set                       0x0802bd79   Thumb Code   224  gd32f4xx_usart.o(i.usart_baudrate_set)
    usart_data_receive                       0x0802be61   Thumb Code    10  gd32f4xx_usart.o(i.usart_data_receive)
    usart_data_transmit                      0x0802be6b   Thumb Code     8  gd32f4xx_usart.o(i.usart_data_transmit)
    usart_deinit                             0x0802be75   Thumb Code   210  gd32f4xx_usart.o(i.usart_deinit)
    usart_enable                             0x0802bf51   Thumb Code    10  gd32f4xx_usart.o(i.usart_enable)
    usart_flag_get                           0x0802bf5b   Thumb Code    30  gd32f4xx_usart.o(i.usart_flag_get)
    usart_hardware_flow_cts_config           0x0802bf79   Thumb Code    16  gd32f4xx_usart.o(i.usart_hardware_flow_cts_config)
    usart_hardware_flow_rts_config           0x0802bf89   Thumb Code    16  gd32f4xx_usart.o(i.usart_hardware_flow_rts_config)
    usart_interrupt_enable                   0x0802bf99   Thumb Code    26  gd32f4xx_usart.o(i.usart_interrupt_enable)
    usart_interrupt_flag_clear               0x0802bfb3   Thumb Code    26  gd32f4xx_usart.o(i.usart_interrupt_flag_clear)
    usart_interrupt_flag_get                 0x0802bfcd   Thumb Code    56  gd32f4xx_usart.o(i.usart_interrupt_flag_get)
    usart_parity_config                      0x0802c005   Thumb Code    16  gd32f4xx_usart.o(i.usart_parity_config)
    usart_receive_config                     0x0802c015   Thumb Code    16  gd32f4xx_usart.o(i.usart_receive_config)
    usart_stop_bit_set                       0x0802c025   Thumb Code    16  gd32f4xx_usart.o(i.usart_stop_bit_set)
    usart_transmit_config                    0x0802c035   Thumb Code    16  gd32f4xx_usart.o(i.usart_transmit_config)
    usart_word_length_set                    0x0802c045   Thumb Code    16  gd32f4xx_usart.o(i.usart_word_length_set)
    uxListRemove                             0x0802c055   Thumb Code    40  list.o(i.uxListRemove)
    vListInitialise                          0x0802c07d   Thumb Code    26  list.o(i.vListInitialise)
    vListInitialiseItem                      0x0802c097   Thumb Code     6  list.o(i.vListInitialiseItem)
    vListInsert                              0x0802c09d   Thumb Code    52  list.o(i.vListInsert)
    vListInsertEnd                           0x0802c0d1   Thumb Code    24  list.o(i.vListInsertEnd)
    vPortEnterCritical                       0x0802c0e9   Thumb Code    76  port.o(i.vPortEnterCritical)
    vPortExitCritical                        0x0802c13d   Thumb Code    56  port.o(i.vPortExitCritical)
    vPortFree                                0x0802c179   Thumb Code   140  heap_4.o(i.vPortFree)
    vPortSetupTimerInterrupt                 0x0802c20d   Thumb Code    36  port.o(i.vPortSetupTimerInterrupt)
    vPortValidateInterruptPriority           0x0802c235   Thumb Code   106  port.o(i.vPortValidateInterruptPriority)
    vRegisterSampleCLICommands               0x0802c2ad   Thumb Code    40  sample-cli-commands.o(i.vRegisterSampleCLICommands)
    vSerialPutString                         0x0802c2ed   Thumb Code    38  serial.o(i.vSerialPutString)
    vTaskDelay                               0x0802c315   Thumb Code    82  tasks.o(i.vTaskDelay)
    vTaskDelete                              0x0802c371   Thumb Code   202  tasks.o(i.vTaskDelete)
    vTaskInternalSetTimeOutState             0x0802c465   Thumb Code    14  tasks.o(i.vTaskInternalSetTimeOutState)
    vTaskMissedYield                         0x0802c47d   Thumb Code     8  tasks.o(i.vTaskMissedYield)
    vTaskPlaceOnEventList                    0x0802c489   Thumb Code    52  tasks.o(i.vTaskPlaceOnEventList)
    vTaskPriorityDisinheritAfterTimeout      0x0802c4c1   Thumb Code   230  tasks.o(i.vTaskPriorityDisinheritAfterTimeout)
    vTaskStartScheduler                      0x0802c5b5   Thumb Code   108  tasks.o(i.vTaskStartScheduler)
    vTaskSuspendAll                          0x0802c63d   Thumb Code    12  tasks.o(i.vTaskSuspendAll)
    vTaskSwitchContext                       0x0802c64d   Thumb Code   118  tasks.o(i.vTaskSwitchContext)
    vUARTCommandConsoleStart                 0x0802c6d9   Thumb Code    64  uartcommandconsole.o(i.vUARTCommandConsoleStart)
    warn_level_func                          0x0802c759   Thumb Code   100  ipmb_slave.o(i.warn_level_func)
    wwdgt_thread                             0x0802c9a9   Thumb Code    24  hk_wdg.o(i.wwdgt_thread)
    xPortStartScheduler                      0x0802c9d1   Thumb Code   330  port.o(i.xPortStartScheduler)
    xQueueCreateMutex                        0x0802cb39   Thumb Code    34  queue.o(i.xQueueCreateMutex)
    xQueueGenericCreate                      0x0802cb5b   Thumb Code    90  queue.o(i.xQueueGenericCreate)
    xQueueGenericReset                       0x0802cbb5   Thumb Code   146  queue.o(i.xQueueGenericReset)
    xQueueGenericSend                        0x0802cc4d   Thumb Code   420  queue.o(i.xQueueGenericSend)
    xQueueGenericSendFromISR                 0x0802cdf5   Thumb Code   248  queue.o(i.xQueueGenericSendFromISR)
    xQueueReceive                            0x0802ceed   Thumb Code   356  queue.o(i.xQueueReceive)
    xQueueSemaphoreTake                      0x0802d055   Thumb Code   434  queue.o(i.xQueueSemaphoreTake)
    xSerialGetChar                           0x0802d20d   Thumb Code    30  serial.o(i.xSerialGetChar)
    xSerialPortInitMinimal                   0x0802d231   Thumb Code   262  serial.o(i.xSerialPortInitMinimal)
    xSerialPutChar                           0x0802d34d   Thumb Code    78  serial.o(i.xSerialPutChar)
    xTaskCheckForTimeOut                     0x0802d3a5   Thumb Code   132  tasks.o(i.xTaskCheckForTimeOut)
    xTaskCreate                              0x0802d431   Thumb Code    96  tasks.o(i.xTaskCreate)
    xTaskGetSchedulerState                   0x0802d491   Thumb Code    24  tasks.o(i.xTaskGetSchedulerState)
    xTaskIncrementTick                       0x0802d4b1   Thumb Code   282  tasks.o(i.xTaskIncrementTick)
    xTaskPriorityDisinherit                  0x0802d5f9   Thumb Code   188  tasks.o(i.xTaskPriorityDisinherit)
    xTaskPriorityInherit                     0x0802d6c1   Thumb Code   186  tasks.o(i.xTaskPriorityInherit)
    xTaskRemoveFromEventList                 0x0802d789   Thumb Code   128  tasks.o(i.xTaskRemoveFromEventList)
    xTaskResumeAll                           0x0802d821   Thumb Code   224  tasks.o(i.xTaskResumeAll)
    ymodem_file_recvive                      0x0802d925   Thumb Code   698  hk_ymodem.o(i.ymodem_file_recvive)
    ymodem_io_init                           0x0802dc45   Thumb Code    20  hk_ymodem.o(i.ymodem_io_init)
    ymodem_update_task                       0x0802dd45   Thumb Code   602  hk_ymodem.o(i.ymodem_update_task)
    ymodem_update_thread                     0x0802e121   Thumb Code    80  hk_ymodem.o(i.ymodem_update_thread)
    __ctype_table                            0x0802e398   Data         129  ctype_o.o(.constdata)
    Region$$Table$$Base                      0x0802e814   Number         0  anon$$obj.o(Region$$Table)
    Region$$Table$$Limit                     0x0802e834   Number         0  anon$$obj.o(Region$$Table)
    g_i2cbus_error_fg                        0x200000bc   Data           1  hk_i2c.o(.data)
    sd_scr                                   0x200000c0   Data           8  emmc.o(.data)
    g_ipmb_slave_addr                        0x20000100   Data           4  ipmb.o(.data)
    ipmb_master_addr                         0x20000104   Data           4  ipmb.o(.data)
    slot                                     0x20000108   Data           1  ipmb.o(.data)
    SDPath                                   0x20000198   Data           4  fatfs_user.o(.data)
    totalSize                                0x2000019c   Data           4  fatfs_user.o(.data)
    freeSize                                 0x200001a0   Data           4  fatfs_user.o(.data)
    ymodem_debug                             0x200001b8   Data           4  hk_ymodem.o(.data)
    g_ymodem_handle                          0x200001bc   Data           4  hk_ymodem.o(.data)
    g_sensor_list                            0x20000234   Data         832  hk_sensor.o(.data)
    dbg_level                                0x20000574   Data           4  hk_sensor.o(.data)
    pxCurrentTCB                             0x200006d8   Data           4  tasks.o(.data)
    SystemCoreClock                          0x2000074c   Data           4  system_gd32f4xx.o(.data)
    __stdout                                 0x20000750   Data           4  stdout.o(.data)
    __microlib_freelist                      0x20000754   Data           4  mvars.o(.data)
    __microlib_freelist_initialised          0x20000758   Data           4  mvars.o(.data)
    sd_cardinfo                              0x20000ae4   Data          80  diskio.o(.bss)
    g_adc_data                               0x20002bd4   Data          96  hk_sensor.o(.bss)
    __heap_base                              0x20009120   Data           0  startup_gd32f407_427.o(HEAP)
    __heap_limit                             0x20009520   Data           0  startup_gd32f407_427.o(HEAP)
    __initial_sp                             0x20009920   Data           0  startup_gd32f407_427.o(STACK)



==============================================================================

Memory Map of the image

  Image Entry point : 0x08020189

  Load Region LR_IROM1 (Base: 0x08020000, Size: 0x0000ef94, Max: 0x00030000, ABSOLUTE, COMPRESSED[0x0000e9d4])

    Execution Region ER_IROM1 (Exec base: 0x08020000, Load base: 0x08020000, Size: 0x0000e834, Max: 0x00030000, ABSOLUTE)

    Exec Addr    Load Addr    Size         Type   Attr      Idx    E Section Name        Object

    0x08020000   0x08020000   0x00000188   Data   RO         9329    RESET               startup_gd32f407_427.o
    0x08020188   0x08020188   0x00000000   Code   RO         9340  * .ARM.Collect$$$$00000000  mc_w.l(entry.o)
    0x08020188   0x08020188   0x00000004   Code   RO         9676    .ARM.Collect$$$$00000001  mc_w.l(entry2.o)
    0x0802018c   0x0802018c   0x00000004   Code   RO         9679    .ARM.Collect$$$$00000004  mc_w.l(entry5.o)
    0x08020190   0x08020190   0x00000000   Code   RO         9681    .ARM.Collect$$$$00000008  mc_w.l(entry7b.o)
    0x08020190   0x08020190   0x00000000   Code   RO         9683    .ARM.Collect$$$$0000000A  mc_w.l(entry8b.o)
    0x08020190   0x08020190   0x00000008   Code   RO         9684    .ARM.Collect$$$$0000000B  mc_w.l(entry9a.o)
    0x08020198   0x08020198   0x00000004   Code   RO         9691    .ARM.Collect$$$$0000000E  mc_w.l(entry12b.o)
    0x0802019c   0x0802019c   0x00000000   Code   RO         9686    .ARM.Collect$$$$0000000F  mc_w.l(entry10a.o)
    0x0802019c   0x0802019c   0x00000000   Code   RO         9688    .ARM.Collect$$$$00000011  mc_w.l(entry11a.o)
    0x0802019c   0x0802019c   0x00000004   Code   RO         9677    .ARM.Collect$$$$00002712  mc_w.l(entry2.o)
    0x080201a0   0x080201a0   0x000000be   Code   RO         3619    .emb_text           port.o
    0x0802025e   0x0802025e   0x00000002   PAD
    0x08020260   0x08020260   0x00000024   Code   RO         9330    .text               startup_gd32f407_427.o
    0x08020284   0x08020284   0x00000062   Code   RO         9343    .text               mc_w.l(uldiv.o)
    0x080202e6   0x080202e6   0x00000024   Code   RO         9345    .text               mc_w.l(memcpya.o)
    0x0802030a   0x0802030a   0x00000024   Code   RO         9349    .text               mc_w.l(memseta.o)
    0x0802032e   0x0802032e   0x00000018   Code   RO         9351    .text               mc_w.l(strcat.o)
    0x08020346   0x08020346   0x00000024   Code   RO         9353    .text               mc_w.l(strstr.o)
    0x0802036a   0x0802036a   0x00000018   Code   RO         9355    .text               mc_w.l(strncpy.o)
    0x08020382   0x08020382   0x0000000e   Code   RO         9357    .text               mc_w.l(strlen.o)
    0x08020390   0x08020390   0x00000028   Code   RO         9359    .text               mc_w.l(strncat.o)
    0x080203b8   0x080203b8   0x00000012   Code   RO         9361    .text               mc_w.l(strcpy.o)
    0x080203ca   0x080203ca   0x0000001e   Code   RO         9363    .text               mc_w.l(strncmp.o)
    0x080203e8   0x080203e8   0x0000014e   Code   RO         9664    .text               mf_w.l(dadd.o)
    0x08020536   0x08020536   0x000000e4   Code   RO         9666    .text               mf_w.l(dmul.o)
    0x0802061a   0x0802061a   0x000000de   Code   RO         9668    .text               mf_w.l(ddiv.o)
    0x080206f8   0x080206f8   0x0000003e   Code   RO         9670    .text               mf_w.l(dfixi.o)
    0x08020736   0x08020736   0x00000026   Code   RO         9672    .text               mf_w.l(f2d.o)
    0x0802075c   0x0802075c   0x00000038   Code   RO         9674    .text               mf_w.l(d2f.o)
    0x08020794   0x08020794   0x0000002c   Code   RO         9693    .text               mc_w.l(uidiv.o)
    0x080207c0   0x080207c0   0x0000001e   Code   RO         9695    .text               mc_w.l(llshl.o)
    0x080207de   0x080207de   0x00000020   Code   RO         9697    .text               mc_w.l(llushr.o)
    0x080207fe   0x080207fe   0x00000024   Code   RO         9699    .text               mc_w.l(llsshr.o)
    0x08020822   0x08020822   0x00000002   PAD
    0x08020824   0x08020824   0x00000008   Code   RO         9701    .text               mc_w.l(ctype_o.o)
    0x0802082c   0x0802082c   0x00000012   Code   RO         9723    .text               mc_w.l(isspace_o.o)
    0x0802083e   0x0802083e   0x0000001a   Code   RO         9740    .text               mc_w.l(strtof.o)
    0x08020858   0x08020858   0x00000000   Code   RO         9742    .text               mc_w.l(iusefp.o)
    0x08020858   0x08020858   0x0000006e   Code   RO         9743    .text               mf_w.l(fepilogue.o)
    0x080208c6   0x080208c6   0x000000ba   Code   RO         9745    .text               mf_w.l(depilogue.o)
    0x08020980   0x08020980   0x00000030   Code   RO         9747    .text               mf_w.l(dfixul.o)
    0x080209b0   0x080209b0   0x00000030   Code   RO         9749    .text               mf_w.l(cdrcmple.o)
    0x080209e0   0x080209e0   0x00000024   Code   RO         9759    .text               mc_w.l(init.o)
    0x08020a04   0x08020a04   0x0000009c   Code   RO         9763    .text               mc_w.l(strtod.o)
    0x08020aa0   0x08020aa0   0x00000360   Code   RO         9773    .text               mc_w.l(scanf_fp.o)
    0x08020e00   0x08020e00   0x00000040   Code   RO         9777    .text               mc_w.l(_sgetc.o)
    0x08020e40   0x08020e40   0x00000030   Code   RO         9779    .text               mf_w.l(cdcmple.o)
    0x08020e70   0x08020e70   0x00000004   Code   RO         9781    .text               mf_w.l(fpstat.o)
    0x08020e74   0x08020e74   0x00000018   Code   RO         9786    .text               mf_w.l(dfltul.o)
    0x08020e8c   0x08020e8c   0x0000005e   Code   RO         9796    .text               mc_w.l(__dclz77c.o)
    0x08020eea   0x08020eea   0x00000002   PAD
    0x08020eec   0x08020eec   0x00000038   Code   RO         2601    i.AppTaskCreate     main.o
    0x08020f24   0x08020f24   0x00000004   Code   RO         2541    i.BusFault_Handler  gd32f4xx_it.o
    0x08020f28   0x08020f28   0x00000032   Code   RO         1368    i.CalcChecksum      ipmb.o
    0x08020f5a   0x08020f5a   0x00000002   Code   RO         2542    i.DebugMon_Handler  gd32f4xx_it.o
    0x08020f5c   0x08020f5c   0x00000008   Code   RO         3696    i.FreeRTOS_CLIGetOutputBuffer  freertos_cli.o
    0x08020f64   0x08020f64   0x0000005c   Code   RO         3697    i.FreeRTOS_CLIGetParameter  freertos_cli.o
    0x08020fc0   0x08020fc0   0x000000d8   Code   RO         3698    i.FreeRTOS_CLIProcessCommand  freertos_cli.o
    0x08021098   0x08021098   0x00000064   Code   RO         3699    i.FreeRTOS_CLIRegisterCommand  freertos_cli.o
    0x080210fc   0x080210fc   0x00000004   Code   RO         2543    i.HardFault_Handler  gd32f4xx_it.o
    0x08021100   0x08021100   0x00000004   Code   RO         2544    i.MemManage_Handler  gd32f4xx_it.o
    0x08021104   0x08021104   0x00000002   Code   RO         2545    i.NMI_Handler       gd32f4xx_it.o
    0x08021106   0x08021106   0x00000002   PAD
    0x08021108   0x08021108   0x00000028   Code   RO         1264    i.NVIC_SystemReset  bmcupgrade.o
    0x08021130   0x08021130   0x00000008   Code   RO         2546    i.SDIO_IRQHandler   gd32f4xx_it.o
    0x08021138   0x08021138   0x00000034   Code   RO         3620    i.SysTick_Handler   port.o
    0x0802116c   0x0802116c   0x000000c8   Code   RO         9291    i.SystemInit        system_gd32f4xx.o
    0x08021234   0x08021234   0x0000005c   Code   RO          374    i.UART4_IRQHandler  serial.o
    0x08021290   0x08021290   0x00000004   Code   RO         2547    i.UsageFault_Handler  gd32f4xx_it.o
    0x08021294   0x08021294   0x00000020   Code   RO         9606    i.__0printf         mc_w.l(printfa.o)
    0x080212b4   0x080212b4   0x00000004   PAD
    0x080212b8   0x080212b8   0x000000f8   Code   RO         9751    i.__hardfp___mathlib_tofloat  m_wm.l(narrow.o)
    0x080213b0   0x080213b0   0x00000020   Code   RO         9334    i.__hardfp_strtof   m_wm.l(strtof.o)
    0x080213d0   0x080213d0   0x00000012   Code   RO         9752    i.__mathlib_narrow  m_wm.l(narrow.o)
    0x080213e2   0x080213e2   0x0000000e   Code   RO         9790    i.__scatterload_copy  mc_w.l(handlers.o)
    0x080213f0   0x080213f0   0x00000002   Code   RO         9791    i.__scatterload_null  mc_w.l(handlers.o)
    0x080213f2   0x080213f2   0x0000000e   Code   RO         9792    i.__scatterload_zeroinit  mc_w.l(handlers.o)
    0x08021400   0x08021400   0x0000000c   Code   RO         9733    i.__set_errno       mc_w.l(errno.o)
    0x0802140c   0x0802140c   0x00000184   Code   RO         9613    i._fp_digits        mc_w.l(printfa.o)
    0x08021590   0x08021590   0x0000000e   Code   RO         9775    i._is_digit         mc_w.l(scanf_fp.o)
    0x0802159e   0x0802159e   0x00000002   PAD
    0x080215a0   0x080215a0   0x000006b4   Code   RO         9614    i._printf_core      mc_w.l(printfa.o)
    0x08021c54   0x08021c54   0x00000024   Code   RO         9615    i._printf_post_padding  mc_w.l(printfa.o)
    0x08021c78   0x08021c78   0x0000002e   Code   RO         9616    i._printf_pre_padding  mc_w.l(printfa.o)
    0x08021ca6   0x08021ca6   0x0000002a   Code   RO         3804    i.adc_calibration_enable  gd32f4xx_adc.o
    0x08021cd0   0x08021cd0   0x00000060   Code   RO         3805    i.adc_channel_16_to_18  gd32f4xx_adc.o
    0x08021d30   0x08021d30   0x00000052   Code   RO         3806    i.adc_channel_length_config  gd32f4xx_adc.o
    0x08021d82   0x08021d82   0x00000002   PAD
    0x08021d84   0x08021d84   0x00000024   Code   RO         3807    i.adc_clock_config  gd32f4xx_adc.o
    0x08021da8   0x08021da8   0x00000016   Code   RO         3808    i.adc_data_alignment_config  gd32f4xx_adc.o
    0x08021dbe   0x08021dbe   0x00000014   Code   RO         3809    i.adc_deinit        gd32f4xx_adc.o
    0x08021dd2   0x08021dd2   0x00000012   Code   RO         3816    i.adc_enable        gd32f4xx_adc.o
    0x08021de4   0x08021de4   0x00000034   Code   RO         3818    i.adc_external_trigger_config  gd32f4xx_adc.o
    0x08021e18   0x08021e18   0x00000030   Code   RO         3819    i.adc_external_trigger_source_config  gd32f4xx_adc.o
    0x08021e48   0x08021e48   0x00000008   Code   RO         3820    i.adc_flag_clear    gd32f4xx_adc.o
    0x08021e50   0x08021e50   0x0000000e   Code   RO         3821    i.adc_flag_get      gd32f4xx_adc.o
    0x08021e5e   0x08021e5e   0x000000ac   Code   RO         3833    i.adc_regular_channel_config  gd32f4xx_adc.o
    0x08021f0a   0x08021f0a   0x00000008   Code   RO         3834    i.adc_regular_data_read  gd32f4xx_adc.o
    0x08021f12   0x08021f12   0x00000002   PAD
    0x08021f14   0x08021f14   0x000001e0   Code   RO         2336    i.adc_sample        hk_sensor.o
    0x080220f4   0x080220f4   0x00000024   Code   RO         3837    i.adc_software_trigger_enable  gd32f4xx_adc.o
    0x08022118   0x08022118   0x0000005a   Code   RO         3838    i.adc_special_function_config  gd32f4xx_adc.o
    0x08022172   0x08022172   0x00000002   PAD
    0x08022174   0x08022174   0x00000024   Code   RO         3843    i.adc_sync_mode_config  gd32f4xx_adc.o
    0x08022198   0x08022198   0x00000014   Code   RO         2443    i.alt1_online_check  online_check.o
    0x080221ac   0x080221ac   0x00000014   Code   RO         2444    i.alt2_online_check  online_check.o
    0x080221c0   0x080221c0   0x000001e4   Code   RO         1265    i.arm_update        bmcupgrade.o
    0x080223a4   0x080223a4   0x00000016   Code   RO          731    i.bc_cpu_power_off  basecpld.o
    0x080223ba   0x080223ba   0x00000016   Code   RO          732    i.bc_cpu_power_on   basecpld.o
    0x080223d0   0x080223d0   0x00000012   Code   RO          746    i.bc_read           basecpld.o
    0x080223e2   0x080223e2   0x00000010   Code   RO          747    i.bc_write          basecpld.o
    0x080223f2   0x080223f2   0x00000002   PAD
    0x080223f4   0x080223f4   0x00000074   Code   RO         1266    i.bios_update       bmcupgrade.o
    0x08022468   0x08022468   0x0000007c   Code   RO         2602    i.board_poweron_delay  main.o
    0x080224e4   0x080224e4   0x00000038   Code   RO         2145    i.cal_crc16         hk_common.o
    0x0802251c   0x0802251c   0x00000082   Code   RO         1267    i.char2uint         bmcupgrade.o
    0x0802259e   0x0802259e   0x00000002   PAD
    0x080225a0   0x080225a0   0x00000090   Code   RO         1718    i.check_fs          ff.o
    0x08022630   0x08022630   0x00000014   Code   RO         1719    i.chk_chr           ff.o
    0x08022644   0x08022644   0x0000001a   Code   RO         1720    i.clust2sect        ff.o
    0x0802265e   0x0802265e   0x00000002   PAD
    0x08022660   0x08022660   0x0000003c   Code   RO         1052    i.cmdsent_error_check  emmc.o
    0x0802269c   0x0802269c   0x00000014   Code   RO         2445    i.cpu_online_check  online_check.o
    0x080226b0   0x080226b0   0x000000d6   Code   RO         1721    i.create_chain      ff.o
    0x08022786   0x08022786   0x00000002   PAD
    0x08022788   0x08022788   0x00000118   Code   RO         1722    i.create_name       ff.o
    0x080228a0   0x080228a0   0x0000000c   Code   RO         1053    i.delay             emmc.o
    0x080228ac   0x080228ac   0x0000000c   Code   RO         1268    i.delay_1ms         bmcupgrade.o
    0x080228b8   0x080228b8   0x00000016   Code   RO         2192    i.delay_ms          hk_ymodem.o
    0x080228ce   0x080228ce   0x0000005c   Code   RO         1723    i.dir_alloc         ff.o
    0x0802292a   0x0802292a   0x0000005c   Code   RO         1724    i.dir_find          ff.o
    0x08022986   0x08022986   0x0000013a   Code   RO         1725    i.dir_next          ff.o
    0x08022ac0   0x08022ac0   0x00000072   Code   RO         1726    i.dir_read          ff.o
    0x08022b32   0x08022b32   0x0000003a   Code   RO         1727    i.dir_register      ff.o
    0x08022b6c   0x08022b6c   0x00000036   Code   RO         1728    i.dir_remove        ff.o
    0x08022ba2   0x08022ba2   0x000000c8   Code   RO         1729    i.dir_sdi           ff.o
    0x08022c6a   0x08022c6a   0x000000ac   Code   RO         2603    i.disable_rcu       main.o
    0x08022d16   0x08022d16   0x00000002   PAD
    0x08022d18   0x08022d18   0x000000e4   Code   RO         1560    i.disk_initialize   diskio.o
    0x08022dfc   0x08022dfc   0x000000f8   Code   RO         1561    i.disk_ioctl        diskio.o
    0x08022ef4   0x08022ef4   0x00000090   Code   RO         1562    i.disk_read         diskio.o
    0x08022f84   0x08022f84   0x00000024   Code   RO         1563    i.disk_status       diskio.o
    0x08022fa8   0x08022fa8   0x00000060   Code   RO         1564    i.disk_write        diskio.o
    0x08023008   0x08023008   0x00000020   Code   RO         4880    i.dma_channel_disable  gd32f4xx_dma.o
    0x08023028   0x08023028   0x00000020   Code   RO         4881    i.dma_channel_enable  gd32f4xx_dma.o
    0x08023048   0x08023048   0x00000026   Code   RO         4882    i.dma_channel_subperipheral_select  gd32f4xx_dma.o
    0x0802306e   0x0802306e   0x000000a4   Code   RO         4885    i.dma_deinit        gd32f4xx_dma.o
    0x08023112   0x08023112   0x0000003e   Code   RO         4887    i.dma_flag_clear    gd32f4xx_dma.o
    0x08023150   0x08023150   0x0000004c   Code   RO         4888    i.dma_flag_get      gd32f4xx_dma.o
    0x0802319c   0x0802319c   0x00000040   Code   RO         4889    i.dma_flow_controller_config  gd32f4xx_dma.o
    0x080231dc   0x080231dc   0x00000164   Code   RO         4898    i.dma_multi_data_mode_init  gd32f4xx_dma.o
    0x08023340   0x08023340   0x000000b4   Code   RO         1054    i.dma_receive_config  emmc.o
    0x080233f4   0x080233f4   0x000000b4   Code   RO         1055    i.dma_transfer_config  emmc.o
    0x080234a8   0x080234a8   0x00000020   Code   RO         1731    i.f_close           ff.o
    0x080234c8   0x080234c8   0x00000102   Code   RO         1733    i.f_getfree         ff.o
    0x080235ca   0x080235ca   0x00000052   Code   RO         1734    i.f_gets            ff.o
    0x0802361c   0x0802361c   0x0000019a   Code   RO         1735    i.f_lseek           ff.o
    0x080237b6   0x080237b6   0x00000002   PAD
    0x080237b8   0x080237b8   0x00000684   Code   RO         1737    i.f_mkfs            ff.o
    0x08023e3c   0x08023e3c   0x0000005c   Code   RO         1738    i.f_mount           ff.o
    0x08023e98   0x08023e98   0x00000176   Code   RO         1739    i.f_open            ff.o
    0x0802400e   0x0802400e   0x000001d0   Code   RO         1744    i.f_read            ff.o
    0x080241de   0x080241de   0x000000b0   Code   RO         1748    i.f_sync            ff.o
    0x0802428e   0x0802428e   0x000000a6   Code   RO         1750    i.f_unlink          ff.o
    0x08024334   0x08024334   0x0000020c   Code   RO         1752    i.f_write           ff.o
    0x08024540   0x08024540   0x0000012c   Code   RO         1621    i.fatfs_getfree     fatfs_user.o
    0x0802466c   0x0802466c   0x00000098   Code   RO         1622    i.fatfs_init        fatfs_user.o
    0x08024704   0x08024704   0x00000194   Code   RO         1624    i.fatfs_print_data  fatfs_user.o
    0x08024898   0x08024898   0x00000160   Code   RO         1629    i.fatfs_write_data  fatfs_user.o
    0x080249f8   0x080249f8   0x000003d8   Code   RO         1753    i.find_volume       ff.o
    0x08024dd0   0x08024dd0   0x00000082   Code   RO          523    i.flash_erase_sector  fmc.o
    0x08024e52   0x08024e52   0x0000001c   Code   RO          524    i.flash_read        fmc.o
    0x08024e6e   0x08024e6e   0x00000056   Code   RO          525    i.flash_write       fmc.o
    0x08024ec4   0x08024ec4   0x000000d0   Code   RO          526    i.flash_write_byte  fmc.o
    0x08024f94   0x08024f94   0x00000050   Code   RO         5985    i.fmc_byte_program  gd32f4xx_fmc.o
    0x08024fe4   0x08024fe4   0x0000000c   Code   RO         5986    i.fmc_flag_clear    gd32f4xx_fmc.o
    0x08024ff0   0x08024ff0   0x00000014   Code   RO         5993    i.fmc_lock          gd32f4xx_fmc.o
    0x08025004   0x08025004   0x00000020   Code   RO         5996    i.fmc_ready_wait    gd32f4xx_fmc.o
    0x08025024   0x08025024   0x00000060   Code   RO         5997    i.fmc_sector_erase  gd32f4xx_fmc.o
    0x08025084   0x08025084   0x0000004c   Code   RO         5998    i.fmc_state_get     gd32f4xx_fmc.o
    0x080250d0   0x080250d0   0x00000024   Code   RO         5999    i.fmc_unlock        gd32f4xx_fmc.o
    0x080250f4   0x080250f4   0x00000054   Code   RO         6000    i.fmc_word_program  gd32f4xx_fmc.o
    0x08025148   0x08025148   0x00000090   Code   RO         1754    i.follow_path       ff.o
    0x080251d8   0x080251d8   0x00000024   Code   RO          375    i.fputc             serial.o
    0x080251fc   0x080251fc   0x00000050   Code   RO         9634    i.free              mc_w.l(malloc.o)
    0x0802524c   0x0802524c   0x00000004   PAD
    0x08025250   0x08025250   0x0000008c   Code   RO         9767    i.frexp             m_wm.l(frexp.o)
    0x080252dc   0x080252dc   0x00000190   Code   RO         1438    i.fru_req_task      ipmb_slave.o
    0x0802546c   0x0802546c   0x0000000e   Code   RO         1439    i.fru_state_check   ipmb_slave.o
    0x0802547a   0x0802547a   0x00000002   PAD
    0x0802547c   0x0802547c   0x00000058   Code   RO         1440    i.getBoardStartDelay  ipmb_slave.o
    0x080254d4   0x080254d4   0x000000b0   Code   RO         1441    i.getDeviceID       ipmb_slave.o
    0x08025584   0x08025584   0x000004f8   Code   RO         1442    i.getDeviceSDR      ipmb_slave.o
    0x08025a7c   0x08025a7c   0x0000001c   Code   RO         1443    i.getFruStateSensorEventMsg  ipmb_slave.o
    0x08025a98   0x08025a98   0x000000f0   Code   RO         1369    i.getReqAddr        ipmb.o
    0x08025b88   0x08025b88   0x00000084   Code   RO          527    i.getSecNum         fmc.o
    0x08025c0c   0x08025c0c   0x0000011c   Code   RO         1444    i.getSensorReading  ipmb_slave.o
    0x08025d28   0x08025d28   0x0000013e   Code   RO         1755    i.get_fat           ff.o
    0x08025e66   0x08025e66   0x00000002   PAD
    0x08025e68   0x08025e68   0x00000008   Code   RO         1565    i.get_fattime       diskio.o
    0x08025e70   0x08025e70   0x0000004a   Code   RO         1757    i.get_ldnumber      ff.o
    0x08025eba   0x08025eba   0x00000002   PAD
    0x08025ebc   0x08025ebc   0x00000194   Code   RO         1269    i.get_upload_bmc_data  bmcupgrade.o
    0x08026050   0x08026050   0x000000c0   Code   RO         1270    i.get_upload_data   bmcupgrade.o
    0x08026110   0x08026110   0x0000005e   Code   RO         6275    i.gpio_af_set       gd32f4xx_gpio.o
    0x0802616e   0x0802616e   0x00000004   Code   RO         6276    i.gpio_bit_reset    gd32f4xx_gpio.o
    0x08026172   0x08026172   0x00000004   Code   RO         6277    i.gpio_bit_set      gd32f4xx_gpio.o
    0x08026176   0x08026176   0x00000002   PAD
    0x08026178   0x08026178   0x000000a0   Code   RO         1056    i.gpio_config       emmc.o
    0x08026218   0x08026218   0x000001cc   Code   RO         1004    i.gpio_init         pin.o
    0x080263e4   0x080263e4   0x00000010   Code   RO         6281    i.gpio_input_bit_get  gd32f4xx_gpio.o
    0x080263f4   0x080263f4   0x0000004e   Code   RO         6283    i.gpio_mode_set     gd32f4xx_gpio.o
    0x08026442   0x08026442   0x00000042   Code   RO         6285    i.gpio_output_options_set  gd32f4xx_gpio.o
    0x08026484   0x08026484   0x00000020   Code   RO         1005    i.gpio_spi_select_default  pin.o
    0x080264a4   0x080264a4   0x00000020   Code   RO         1006    i.gpio_spi_select_upgrade  pin.o
    0x080264c4   0x080264c4   0x00000038   Code   RO         2400    i.hk_adc_channel_sample  hk_adc.o
    0x080264fc   0x080264fc   0x00000054   Code   RO         2401    i.hk_adc_config     hk_adc.o
    0x08026550   0x08026550   0x000000fe   Code   RO         2402    i.hk_adc_filter     hk_adc.o
    0x0802664e   0x0802664e   0x00000002   PAD
    0x08026650   0x08026650   0x00000050   Code   RO         2403    i.hk_adc_gpio_config  hk_adc.o
    0x080266a0   0x080266a0   0x00000028   Code   RO         2404    i.hk_adc_init       hk_adc.o
    0x080266c8   0x080266c8   0x0000011c   Code   RO          929    i.hk_i2c_config     hk_i2c.o
    0x080267e4   0x080267e4   0x00000184   Code   RO          930    i.hk_i2c_gpio_config  hk_i2c.o
    0x08026968   0x08026968   0x00000018   Code   RO          931    i.hk_i2c_init       hk_i2c.o
    0x08026980   0x08026980   0x00000060   Code   RO          932    i.hk_i2c_rcu_config  hk_i2c.o
    0x080269e0   0x080269e0   0x00000010   Code   RO         6379    i.i2c_ack_config    gd32f4xx_i2c.o
    0x080269f0   0x080269f0   0x000000e4   Code   RO         6383    i.i2c_clock_config  gd32f4xx_i2c.o
    0x08026ad4   0x08026ad4   0x00000008   Code   RO         6384    i.i2c_data_receive  gd32f4xx_i2c.o
    0x08026adc   0x08026adc   0x00000006   Code   RO         6385    i.i2c_data_transmit  gd32f4xx_i2c.o
    0x08026ae2   0x08026ae2   0x00000002   PAD
    0x08026ae4   0x08026ae4   0x00000058   Code   RO         6386    i.i2c_deinit        gd32f4xx_i2c.o
    0x08026b3c   0x08026b3c   0x0000000a   Code   RO         6393    i.i2c_enable        gd32f4xx_i2c.o
    0x08026b46   0x08026b46   0x00000028   Code   RO         6394    i.i2c_flag_clear    gd32f4xx_i2c.o
    0x08026b6e   0x08026b6e   0x0000001e   Code   RO         6395    i.i2c_flag_get      gd32f4xx_i2c.o
    0x08026b8c   0x08026b8c   0x00000014   Code   RO         6400    i.i2c_master_addressing  gd32f4xx_i2c.o
    0x08026ba0   0x08026ba0   0x00000044   Code   RO          933    i.i2c_master_initialize  hk_i2c.o
    0x08026be4   0x08026be4   0x000001c8   Code   RO          934    i.i2c_master_receive  hk_i2c.o
    0x08026dac   0x08026dac   0x000001e8   Code   RO          935    i.i2c_master_transmit  hk_i2c.o
    0x08026f94   0x08026f94   0x0000001c   Code   RO         6401    i.i2c_mode_addr_config  gd32f4xx_i2c.o
    0x08026fb0   0x08026fb0   0x00000044   Code   RO          936    i.i2c_slave_initialize  hk_i2c.o
    0x08026ff4   0x08026ff4   0x00000150   Code   RO          937    i.i2c_slave_receive  hk_i2c.o
    0x08027144   0x08027144   0x0000000a   Code   RO         6414    i.i2c_start_on_bus  gd32f4xx_i2c.o
    0x0802714e   0x0802714e   0x0000000a   Code   RO         6415    i.i2c_stop_on_bus   gd32f4xx_i2c.o
    0x08027158   0x08027158   0x00000066   Code   RO         2337    i.iic_9545_switch_channel  hk_sensor.o
    0x080271be   0x080271be   0x00000026   Code   RO         1370    i.ipmb_calc_checksum  ipmb.o
    0x080271e4   0x080271e4   0x00000014   Code   RO         1371    i.ipmb_calc_rsp_temp_value  ipmb.o
    0x080271f8   0x080271f8   0x0000001c   Code   RO         1372    i.ipmb_calc_rsp_voltage_value  ipmb.o
    0x08027214   0x08027214   0x000000b4   Code   RO         1373    i.ipmb_checksum_check  ipmb.o
    0x080272c8   0x080272c8   0x00000034   Code   RO         1374    i.ipmb_print_msg    ipmb.o
    0x080272fc   0x080272fc   0x00000030   Code   RO         1375    i.ipmb_recv         ipmb.o
    0x0802732c   0x0802732c   0x00000104   Code   RO         1445    i.ipmb_rsp_func     ipmb_slave.o
    0x08027430   0x08027430   0x0000000c   Code   RO         1446    i.ipmb_rsp_ipmb1    ipmb_slave.o
    0x0802743c   0x0802743c   0x00000030   Code   RO         1447    i.ipmb_rsp_ipmb1_thread  ipmb_slave.o
    0x0802746c   0x0802746c   0x0000000c   Code   RO         1448    i.ipmb_rsp_ipmb2    ipmb_slave.o
    0x08027478   0x08027478   0x00000030   Code   RO         1449    i.ipmb_rsp_ipmb2_thread  ipmb_slave.o
    0x080274a8   0x080274a8   0x00000030   Code   RO         1376    i.ipmb_send         ipmb.o
    0x080274d8   0x080274d8   0x00000020   Code   RO         1758    i.ld_clust          ff.o
    0x080274f8   0x080274f8   0x00000098   Code   RO         2604    i.main              main.o
    0x08027590   0x08027590   0x0000006c   Code   RO         9635    i.malloc            mc_w.l(malloc.o)
    0x080275fc   0x080275fc   0x00000026   Code   RO         1759    i.mem_cmp           ff.o
    0x08027622   0x08027622   0x0000001a   Code   RO         1760    i.mem_cpy           ff.o
    0x0802763c   0x0802763c   0x00000014   Code   RO         1761    i.mem_set           ff.o
    0x08027650   0x08027650   0x00000034   Code   RO         1762    i.move_window       ff.o
    0x08027684   0x08027684   0x00000014   Code   RO         2446    i.msata1_online_check  online_check.o
    0x08027698   0x08027698   0x00000014   Code   RO         2447    i.msata2_online_check  online_check.o
    0x080276ac   0x080276ac   0x00000098   Code   RO         1450    i.msgPublic         ipmb_slave.o
    0x08027744   0x08027744   0x00000094   Code   RO         1451    i.msgReslove        ipmb_slave.o
    0x080277d8   0x080277d8   0x00000014   Code   RO         2448    i.mxm_online_check  online_check.o
    0x080277ec   0x080277ec   0x000000c4   Code   RO         6848    i.nvic_irq_enable   gd32f4xx_misc.o
    0x080278b0   0x080278b0   0x00000014   Code   RO         6849    i.nvic_priority_group_set  gd32f4xx_misc.o
    0x080278c4   0x080278c4   0x00000018   Code   RO         6850    i.nvic_vector_table_set  gd32f4xx_misc.o
    0x080278dc   0x080278dc   0x0000008c   Code   RO         1452    i.power_ops_check   ipmb_slave.o
    0x08027968   0x08027968   0x00000068   Code   RO         1274    i.printHexStruct    bmcupgrade.o
    0x080279d0   0x080279d0   0x00000098   Code   RO         3188    i.prvAddCurrentTaskToDelayedList  tasks.o
    0x08027a68   0x08027a68   0x000000b8   Code   RO         3189    i.prvAddNewTaskToReadyList  tasks.o
    0x08027b20   0x08027b20   0x00000048   Code   RO         3190    i.prvCheckTasksWaitingTermination  tasks.o
    0x08027b68   0x08027b68   0x0000002a   Code   RO         2829    i.prvCopyDataFromQueue  queue.o
    0x08027b92   0x08027b92   0x0000007e   Code   RO         2830    i.prvCopyDataToQueue  queue.o
    0x08027c10   0x08027c10   0x00000012   Code   RO         3191    i.prvDeleteTCB      tasks.o
    0x08027c22   0x08027c22   0x00000014   Code   RO         2831    i.prvGetDisinheritPriorityAfterTimeout  queue.o
    0x08027c36   0x08027c36   0x0000002e   Code   RO         3700    i.prvGetNumberOfParameters  freertos_cli.o
    0x08027c64   0x08027c64   0x0000007c   Code   RO         3567    i.prvHeapInit       heap_4.o
    0x08027ce0   0x08027ce0   0x0000004c   Code   RO         3701    i.prvHelpCommand    freertos_cli.o
    0x08027d2c   0x08027d2c   0x00000028   Code   RO         3192    i.prvIdleTask       tasks.o
    0x08027d54   0x08027d54   0x0000001e   Code   RO         2832    i.prvInitialiseMutex  queue.o
    0x08027d72   0x08027d72   0x0000002a   Code   RO         2833    i.prvInitialiseNewQueue  queue.o
    0x08027d9c   0x08027d9c   0x000000cc   Code   RO         3193    i.prvInitialiseNewTask  tasks.o
    0x08027e68   0x08027e68   0x00000068   Code   RO         3194    i.prvInitialiseTaskLists  tasks.o
    0x08027ed0   0x08027ed0   0x00000068   Code   RO         3568    i.prvInsertBlockIntoFreeList  heap_4.o
    0x08027f38   0x08027f38   0x0000001a   Code   RO         2834    i.prvIsQueueEmpty   queue.o
    0x08027f52   0x08027f52   0x0000001e   Code   RO         2835    i.prvIsQueueFull    queue.o
    0x08027f70   0x08027f70   0x00000038   Code   RO            9    i.prvPowerOffCommand  sample-cli-commands.o
    0x08027fa8   0x08027fa8   0x00000038   Code   RO           10    i.prvPowerOnCommand  sample-cli-commands.o
    0x08027fe0   0x08027fe0   0x00000378   Code   RO           12    i.prvReadSensorCommand  sample-cli-commands.o
    0x08028358   0x08028358   0x00000034   Code   RO         3196    i.prvResetNextTaskUnblockTime  tasks.o
    0x0802838c   0x0802838c   0x00000244   Code   RO           16    i.prvSensorWCommand  sample-cli-commands.o
    0x080285d0   0x080285d0   0x00000040   Code   RO         3621    i.prvTaskExitError  port.o
    0x08028610   0x08028610   0x00000154   Code   RO          474    i.prvUARTCommandConsoleTask  uartcommandconsole.o
    0x08028764   0x08028764   0x0000007e   Code   RO         2836    i.prvUnlockQueue    queue.o
    0x080287e2   0x080287e2   0x00000002   PAD
    0x080287e4   0x080287e4   0x00000124   Code   RO           22    i.prvVersionCommand  sample-cli-commands.o
    0x08028908   0x08028908   0x00000016   Code   RO           23    i.prvYmodemDownloadCommand  sample-cli-commands.o
    0x0802891e   0x0802891e   0x00000188   Code   RO         1763    i.put_fat           ff.o
    0x08028aa6   0x08028aa6   0x00000002   PAD
    0x08028aa8   0x08028aa8   0x0000013c   Code   RO         3569    i.pvPortMalloc      heap_4.o
    0x08028be4   0x08028be4   0x00000020   Code   RO         3201    i.pvTaskIncrementMutexHeldCount  tasks.o
    0x08028c04   0x08028c04   0x0000002c   Code   RO         3622    i.pxPortInitialiseStack  port.o
    0x08028c30   0x08028c30   0x00000084   Code   RO         1057    i.r1_error_check    emmc.o
    0x08028cb4   0x08028cb4   0x000000ae   Code   RO         1058    i.r1_error_type_check  emmc.o
    0x08028d62   0x08028d62   0x00000002   PAD
    0x08028d64   0x08028d64   0x00000050   Code   RO         1059    i.r2_error_check    emmc.o
    0x08028db4   0x08028db4   0x0000003c   Code   RO         1060    i.r3_error_check    emmc.o
    0x08028df0   0x08028df0   0x000000a8   Code   RO         1061    i.r6_error_check    emmc.o
    0x08028e98   0x08028e98   0x00000124   Code   RO         7053    i.rcu_clock_freq_get  gd32f4xx_rcu.o
    0x08028fbc   0x08028fbc   0x0000002c   Code   RO         1062    i.rcu_config        emmc.o
    0x08028fe8   0x08028fe8   0x00000024   Code   RO         7071    i.rcu_periph_clock_disable  gd32f4xx_rcu.o
    0x0802900c   0x0802900c   0x00000024   Code   RO         7072    i.rcu_periph_clock_enable  gd32f4xx_rcu.o
    0x08029030   0x08029030   0x00000024   Code   RO         7075    i.rcu_periph_reset_disable  gd32f4xx_rcu.o
    0x08029054   0x08029054   0x00000024   Code   RO         7076    i.rcu_periph_reset_enable  gd32f4xx_rcu.o
    0x08029078   0x08029078   0x000000d0   Code   RO         2338    i.read_lm75_temp    hk_sensor.o
    0x08029148   0x08029148   0x00000098   Code   RO         2339    i.read_sensor_task  hk_sensor.o
    0x080291e0   0x080291e0   0x00000034   Code   RO         2340    i.read_sensor_thread  hk_sensor.o
    0x08029214   0x08029214   0x0000006c   Code   RO         1765    i.remove_chain      ff.o
    0x08029280   0x08029280   0x00000290   Code   RO         1063    i.sd_block_read     emmc.o
    0x08029510   0x08029510   0x00000390   Code   RO         1064    i.sd_block_write    emmc.o
    0x080298a0   0x080298a0   0x000000dc   Code   RO         1065    i.sd_bus_mode_config  emmc.o
    0x0802997c   0x0802997c   0x0000001c   Code   RO         1066    i.sd_bus_width_config  emmc.o
    0x08029998   0x08029998   0x00000128   Code   RO         1067    i.sd_card_capacity_get  emmc.o
    0x08029ac0   0x08029ac0   0x00000284   Code   RO         1068    i.sd_card_information_get  emmc.o
    0x08029d44   0x08029d44   0x000000f8   Code   RO         1069    i.sd_card_init      emmc.o
    0x08029e3c   0x08029e3c   0x00000026   Code   RO         1070    i.sd_card_select_deselect  emmc.o
    0x08029e62   0x08029e62   0x00000002   PAD
    0x08029e64   0x08029e64   0x000000b8   Code   RO         1071    i.sd_card_state_get  emmc.o
    0x08029f1c   0x08029f1c   0x00000048   Code   RO         1072    i.sd_cardstatus_get  emmc.o
    0x08029f64   0x08029f64   0x00000018   Code   RO         1073    i.sd_datablocksize_get  emmc.o
    0x08029f7c   0x08029f7c   0x00000046   Code   RO         1075    i.sd_init           emmc.o
    0x08029fc2   0x08029fc2   0x00000002   PAD
    0x08029fc4   0x08029fc4   0x00000114   Code   RO         1076    i.sd_interrupts_process  emmc.o
    0x0802a0d8   0x0802a0d8   0x000002f8   Code   RO         1078    i.sd_multiblocks_read  emmc.o
    0x0802a3d0   0x0802a3d0   0x00000350   Code   RO         1079    i.sd_multiblocks_write  emmc.o
    0x0802a720   0x0802a720   0x000000c8   Code   RO         1081    i.sd_power_on       emmc.o
    0x0802a7e8   0x0802a7e8   0x00000018   Code   RO         1083    i.sd_transfer_mode_config  emmc.o
    0x0802a800   0x0802a800   0x0000001c   Code   RO         7606    i.sdio_bus_mode_set  gd32f4xx_sdio.o
    0x0802a81c   0x0802a81c   0x00000034   Code   RO         7613    i.sdio_clock_config  gd32f4xx_sdio.o
    0x0802a850   0x0802a850   0x00000014   Code   RO         7615    i.sdio_clock_enable  gd32f4xx_sdio.o
    0x0802a864   0x0802a864   0x0000000c   Code   RO         7616    i.sdio_command_index_get  gd32f4xx_sdio.o
    0x0802a870   0x0802a870   0x00000038   Code   RO         7617    i.sdio_command_response_config  gd32f4xx_sdio.o
    0x0802a8a8   0x0802a8a8   0x00000014   Code   RO         7619    i.sdio_csm_enable   gd32f4xx_sdio.o
    0x0802a8bc   0x0802a8bc   0x0000003c   Code   RO         7620    i.sdio_data_config  gd32f4xx_sdio.o
    0x0802a8f8   0x0802a8f8   0x0000000c   Code   RO         7622    i.sdio_data_read    gd32f4xx_sdio.o
    0x0802a904   0x0802a904   0x0000001c   Code   RO         7623    i.sdio_data_transfer_config  gd32f4xx_sdio.o
    0x0802a920   0x0802a920   0x0000000c   Code   RO         7624    i.sdio_data_write   gd32f4xx_sdio.o
    0x0802a92c   0x0802a92c   0x00000014   Code   RO         7625    i.sdio_deinit       gd32f4xx_sdio.o
    0x0802a940   0x0802a940   0x00000014   Code   RO         7626    i.sdio_dma_disable  gd32f4xx_sdio.o
    0x0802a954   0x0802a954   0x00000014   Code   RO         7627    i.sdio_dma_enable   gd32f4xx_sdio.o
    0x0802a968   0x0802a968   0x00000014   Code   RO         7628    i.sdio_dsm_disable  gd32f4xx_sdio.o
    0x0802a97c   0x0802a97c   0x00000014   Code   RO         7629    i.sdio_dsm_enable   gd32f4xx_sdio.o
    0x0802a990   0x0802a990   0x0000000c   Code   RO         7631    i.sdio_flag_clear   gd32f4xx_sdio.o
    0x0802a99c   0x0802a99c   0x00000014   Code   RO         7632    i.sdio_flag_get     gd32f4xx_sdio.o
    0x0802a9b0   0x0802a9b0   0x00000014   Code   RO         7633    i.sdio_hardware_clock_disable  gd32f4xx_sdio.o
    0x0802a9c4   0x0802a9c4   0x00000014   Code   RO         7634    i.sdio_hardware_clock_enable  gd32f4xx_sdio.o
    0x0802a9d8   0x0802a9d8   0x00000010   Code   RO         7635    i.sdio_interrupt_disable  gd32f4xx_sdio.o
    0x0802a9e8   0x0802a9e8   0x00000010   Code   RO         7636    i.sdio_interrupt_enable  gd32f4xx_sdio.o
    0x0802a9f8   0x0802a9f8   0x0000000c   Code   RO         7637    i.sdio_interrupt_flag_clear  gd32f4xx_sdio.o
    0x0802aa04   0x0802aa04   0x00000014   Code   RO         7638    i.sdio_interrupt_flag_get  gd32f4xx_sdio.o
    0x0802aa18   0x0802aa18   0x0000000c   Code   RO         7641    i.sdio_power_state_get  gd32f4xx_sdio.o
    0x0802aa24   0x0802aa24   0x0000000c   Code   RO         7642    i.sdio_power_state_set  gd32f4xx_sdio.o
    0x0802aa30   0x0802aa30   0x0000003c   Code   RO         7646    i.sdio_response_get  gd32f4xx_sdio.o
    0x0802aa6c   0x0802aa6c   0x0000001c   Code   RO         7651    i.sdio_wait_type_set  gd32f4xx_sdio.o
    0x0802aa88   0x0802aa88   0x00000224   Code   RO           24    i.sensorGetAlarmLevel  sample-cli-commands.o
    0x0802acac   0x0802acac   0x000000f8   Code   RO         2341    i.sensor_alarm_data_init  hk_sensor.o
    0x0802ada4   0x0802ada4   0x00000058   Code   RO         1453    i.setBoardStartDelay  ipmb_slave.o
    0x0802adfc   0x0802adfc   0x0000008c   Code   RO         1454    i.setFruActivation  ipmb_slave.o
    0x0802ae88   0x0802ae88   0x00000030   Code   RO          577    i.spi_1_read        gd25qxx.o
    0x0802aeb8   0x0802aeb8   0x00000078   Code   RO          578    i.spi_1_send_byte   gd25qxx.o
    0x0802af30   0x0802af30   0x00000038   Code   RO          579    i.spi_1_write       gd25qxx.o
    0x0802af68   0x0802af68   0x0000000a   Code   RO         7918    i.spi_enable        gd32f4xx_spi.o
    0x0802af72   0x0802af72   0x00000122   Code   RO          581    i.spi_flash_buffer_write  gd25qxx.o
    0x0802b094   0x0802b094   0x0000002c   Code   RO          582    i.spi_flash_bulk_erase  gd25qxx.o
    0x0802b0c0   0x0802b0c0   0x00000178   Code   RO          583    i.spi_flash_init    gd25qxx.o
    0x0802b238   0x0802b238   0x0000005c   Code   RO          584    i.spi_flash_page_write  gd25qxx.o
    0x0802b294   0x0802b294   0x00000054   Code   RO          586    i.spi_flash_read_id  gd25qxx.o
    0x0802b2e8   0x0802b2e8   0x00000078   Code   RO          588    i.spi_flash_send_byte  gd25qxx.o
    0x0802b360   0x0802b360   0x00000048   Code   RO          591    i.spi_flash_wait_for_eraes_end  gd25qxx.o
    0x0802b3a8   0x0802b3a8   0x00000044   Code   RO          592    i.spi_flash_wait_for_write_end  gd25qxx.o
    0x0802b3ec   0x0802b3ec   0x00000024   Code   RO          593    i.spi_flash_write_enable  gd25qxx.o
    0x0802b410   0x0802b410   0x00000008   Code   RO         7920    i.spi_i2s_data_receive  gd32f4xx_spi.o
    0x0802b418   0x0802b418   0x00000004   Code   RO         7921    i.spi_i2s_data_transmit  gd32f4xx_spi.o
    0x0802b41c   0x0802b41c   0x00000010   Code   RO         7923    i.spi_i2s_flag_get  gd32f4xx_spi.o
    0x0802b42c   0x0802b42c   0x00000032   Code   RO         7927    i.spi_init          gd32f4xx_spi.o
    0x0802b45e   0x0802b45e   0x00000010   Code   RO         1766    i.st_clust          ff.o
    0x0802b46e   0x0802b46e   0x000000f4   Code   RO         2149    i.str2int           hk_common.o
    0x0802b562   0x0802b562   0x000000c8   Code   RO         1767    i.sync_fs           ff.o
    0x0802b62a   0x0802b62a   0x00000052   Code   RO         1768    i.sync_window       ff.o
    0x0802b67c   0x0802b67c   0x000000fc   Code   RO         9292    i.system_clock_200m_25m_hxtal  system_gd32f4xx.o
    0x0802b778   0x0802b778   0x00000008   Code   RO         9293    i.system_clock_config  system_gd32f4xx.o
    0x0802b780   0x0802b780   0x00000034   Code   RO         2194    i.uart4_recv        hk_ymodem.o
    0x0802b7b4   0x0802b7b4   0x00000020   Code   RO         2195    i.uart4_send        hk_ymodem.o
    0x0802b7d4   0x0802b7d4   0x00000032   Code   RO         2150    i.update_crc16      hk_common.o
    0x0802b806   0x0802b806   0x00000002   PAD
    0x0802b808   0x0802b808   0x00000320   Code   RO         1275    i.upgrade_bios      bmcupgrade.o
    0x0802bb28   0x0802bb28   0x00000250   Code   RO         1276    i.upgrade_bmc       bmcupgrade.o
    0x0802bd78   0x0802bd78   0x000000e8   Code   RO         8891    i.usart_baudrate_set  gd32f4xx_usart.o
    0x0802be60   0x0802be60   0x0000000a   Code   RO         8895    i.usart_data_receive  gd32f4xx_usart.o
    0x0802be6a   0x0802be6a   0x00000008   Code   RO         8896    i.usart_data_transmit  gd32f4xx_usart.o
    0x0802be72   0x0802be72   0x00000002   PAD
    0x0802be74   0x0802be74   0x000000dc   Code   RO         8897    i.usart_deinit      gd32f4xx_usart.o
    0x0802bf50   0x0802bf50   0x0000000a   Code   RO         8901    i.usart_enable      gd32f4xx_usart.o
    0x0802bf5a   0x0802bf5a   0x0000001e   Code   RO         8903    i.usart_flag_get    gd32f4xx_usart.o
    0x0802bf78   0x0802bf78   0x00000010   Code   RO         8908    i.usart_hardware_flow_cts_config  gd32f4xx_usart.o
    0x0802bf88   0x0802bf88   0x00000010   Code   RO         8909    i.usart_hardware_flow_rts_config  gd32f4xx_usart.o
    0x0802bf98   0x0802bf98   0x0000001a   Code   RO         8911    i.usart_interrupt_enable  gd32f4xx_usart.o
    0x0802bfb2   0x0802bfb2   0x0000001a   Code   RO         8912    i.usart_interrupt_flag_clear  gd32f4xx_usart.o
    0x0802bfcc   0x0802bfcc   0x00000038   Code   RO         8913    i.usart_interrupt_flag_get  gd32f4xx_usart.o
    0x0802c004   0x0802c004   0x00000010   Code   RO         8926    i.usart_parity_config  gd32f4xx_usart.o
    0x0802c014   0x0802c014   0x00000010   Code   RO         8928    i.usart_receive_config  gd32f4xx_usart.o
    0x0802c024   0x0802c024   0x00000010   Code   RO         8939    i.usart_stop_bit_set  gd32f4xx_usart.o
    0x0802c034   0x0802c034   0x00000010   Code   RO         8943    i.usart_transmit_config  gd32f4xx_usart.o
    0x0802c044   0x0802c044   0x00000010   Code   RO         8944    i.usart_word_length_set  gd32f4xx_usart.o
    0x0802c054   0x0802c054   0x00000028   Code   RO         2792    i.uxListRemove      list.o
    0x0802c07c   0x0802c07c   0x0000001a   Code   RO         2793    i.vListInitialise   list.o
    0x0802c096   0x0802c096   0x00000006   Code   RO         2794    i.vListInitialiseItem  list.o
    0x0802c09c   0x0802c09c   0x00000034   Code   RO         2795    i.vListInsert       list.o
    0x0802c0d0   0x0802c0d0   0x00000018   Code   RO         2796    i.vListInsertEnd    list.o
    0x0802c0e8   0x0802c0e8   0x00000054   Code   RO         3624    i.vPortEnterCritical  port.o
    0x0802c13c   0x0802c13c   0x0000003c   Code   RO         3625    i.vPortExitCritical  port.o
    0x0802c178   0x0802c178   0x00000094   Code   RO         3570    i.vPortFree         heap_4.o
    0x0802c20c   0x0802c20c   0x00000028   Code   RO         3626    i.vPortSetupTimerInterrupt  port.o
    0x0802c234   0x0802c234   0x00000078   Code   RO         3627    i.vPortValidateInterruptPriority  port.o
    0x0802c2ac   0x0802c2ac   0x00000040   Code   RO           25    i.vRegisterSampleCLICommands  sample-cli-commands.o
    0x0802c2ec   0x0802c2ec   0x00000026   Code   RO          378    i.vSerialPutString  serial.o
    0x0802c312   0x0802c312   0x00000002   PAD
    0x0802c314   0x0802c314   0x0000005c   Code   RO         3210    i.vTaskDelay        tasks.o
    0x0802c370   0x0802c370   0x000000f4   Code   RO         3212    i.vTaskDelete       tasks.o
    0x0802c464   0x0802c464   0x00000018   Code   RO         3215    i.vTaskInternalSetTimeOutState  tasks.o
    0x0802c47c   0x0802c47c   0x0000000c   Code   RO         3217    i.vTaskMissedYield  tasks.o
    0x0802c488   0x0802c488   0x00000038   Code   RO         3219    i.vTaskPlaceOnEventList  tasks.o
    0x0802c4c0   0x0802c4c0   0x000000f4   Code   RO         3221    i.vTaskPriorityDisinheritAfterTimeout  tasks.o
    0x0802c5b4   0x0802c5b4   0x00000088   Code   RO         3227    i.vTaskStartScheduler  tasks.o
    0x0802c63c   0x0802c63c   0x00000010   Code   RO         3229    i.vTaskSuspendAll   tasks.o
    0x0802c64c   0x0802c64c   0x0000008c   Code   RO         3230    i.vTaskSwitchContext  tasks.o
    0x0802c6d8   0x0802c6d8   0x0000004c   Code   RO          476    i.vUARTCommandConsoleStart  uartcommandconsole.o
    0x0802c724   0x0802c724   0x00000032   Code   RO         1769    i.validate          ff.o
    0x0802c756   0x0802c756   0x00000002   PAD
    0x0802c758   0x0802c758   0x00000068   Code   RO         1455    i.warn_level_func   ipmb_slave.o
    0x0802c7c0   0x0802c7c0   0x000001b8   Code   RO         1277    i.write_update_flg  bmcupgrade.o
    0x0802c978   0x0802c978   0x00000030   Code   RO         2028    i.wwdgt_task        hk_wdg.o
    0x0802c9a8   0x0802c9a8   0x00000028   Code   RO         2029    i.wwdgt_thread      hk_wdg.o
    0x0802c9d0   0x0802c9d0   0x00000168   Code   RO         3628    i.xPortStartScheduler  port.o
    0x0802cb38   0x0802cb38   0x00000022   Code   RO         2847    i.xQueueCreateMutex  queue.o
    0x0802cb5a   0x0802cb5a   0x0000005a   Code   RO         2848    i.xQueueGenericCreate  queue.o
    0x0802cbb4   0x0802cbb4   0x00000098   Code   RO         2849    i.xQueueGenericReset  queue.o
    0x0802cc4c   0x0802cc4c   0x000001a8   Code   RO         2850    i.xQueueGenericSend  queue.o
    0x0802cdf4   0x0802cdf4   0x000000f8   Code   RO         2851    i.xQueueGenericSendFromISR  queue.o
    0x0802ceec   0x0802ceec   0x00000168   Code   RO         2858    i.xQueueReceive     queue.o
    0x0802d054   0x0802d054   0x000001b8   Code   RO         2860    i.xQueueSemaphoreTake  queue.o
    0x0802d20c   0x0802d20c   0x00000024   Code   RO          379    i.xSerialGetChar    serial.o
    0x0802d230   0x0802d230   0x0000011c   Code   RO          380    i.xSerialPortInitMinimal  serial.o
    0x0802d34c   0x0802d34c   0x00000058   Code   RO          381    i.xSerialPutChar    serial.o
    0x0802d3a4   0x0802d3a4   0x0000008c   Code   RO         3231    i.xTaskCheckForTimeOut  tasks.o
    0x0802d430   0x0802d430   0x00000060   Code   RO         3232    i.xTaskCreate       tasks.o
    0x0802d490   0x0802d490   0x00000020   Code   RO         3237    i.xTaskGetSchedulerState  tasks.o
    0x0802d4b0   0x0802d4b0   0x00000148   Code   RO         3240    i.xTaskIncrementTick  tasks.o
    0x0802d5f8   0x0802d5f8   0x000000c8   Code   RO         3243    i.xTaskPriorityDisinherit  tasks.o
    0x0802d6c0   0x0802d6c0   0x000000c8   Code   RO         3244    i.xTaskPriorityInherit  tasks.o
    0x0802d788   0x0802d788   0x00000098   Code   RO         3245    i.xTaskRemoveFromEventList  tasks.o
    0x0802d820   0x0802d820   0x00000104   Code   RO         3246    i.xTaskResumeAll    tasks.o
    0x0802d924   0x0802d924   0x00000304   Code   RO         2201    i.ymodem_file_recvive  hk_ymodem.o
    0x0802dc28   0x0802dc28   0x0000001c   Code   RO         2203    i.ymodem_getc       hk_ymodem.o
    0x0802dc44   0x0802dc44   0x00000024   Code   RO         2204    i.ymodem_io_init    hk_ymodem.o
    0x0802dc68   0x0802dc68   0x000000c2   Code   RO         2207    i.ymodem_pkt_receive  hk_ymodem.o
    0x0802dd2a   0x0802dd2a   0x00000002   PAD
    0x0802dd2c   0x0802dd2c   0x00000018   Code   RO         2211    i.ymodem_putc       hk_ymodem.o
    0x0802dd44   0x0802dd44   0x000003dc   Code   RO         2212    i.ymodem_update_task  hk_ymodem.o
    0x0802e120   0x0802e120   0x000000ac   Code   RO         2213    i.ymodem_update_thread  hk_ymodem.o
    0x0802e1cc   0x0802e1cc   0x000000a4   Data   RO           27    .constdata          sample-cli-commands.o
    0x0802e270   0x0802e270   0x0000000c   Data   RO          478    .constdata          uartcommandconsole.o
    0x0802e27c   0x0802e27c   0x0000005a   Data   RO          938    .constdata          hk_i2c.o
    0x0802e2d6   0x0802e2d6   0x0000000c   Data   RO         1279    .constdata          bmcupgrade.o
    0x0802e2e2   0x0802e2e2   0x00000042   Data   RO         1631    .constdata          fatfs_user.o
    0x0802e324   0x0802e324   0x0000002c   Data   RO         1771    .constdata          ff.o
    0x0802e350   0x0802e350   0x00000028   Data   RO         2215    .constdata          hk_ymodem.o
    0x0802e378   0x0802e378   0x0000000f   Data   RO         2343    .constdata          hk_sensor.o
    0x0802e387   0x0802e387   0x00000001   PAD
    0x0802e388   0x0802e388   0x00000010   Data   RO         3703    .constdata          freertos_cli.o
    0x0802e398   0x0802e398   0x00000081   Data   RO         9702    .constdata          mc_w.l(ctype_o.o)
    0x0802e419   0x0802e419   0x00000003   PAD
    0x0802e41c   0x0802e41c   0x00000004   Data   RO         9703    .constdata          mc_w.l(ctype_o.o)
    0x0802e420   0x0802e420   0x000001d6   Data   RO           28    .conststring        sample-cli-commands.o
    0x0802e5f6   0x0802e5f6   0x00000002   PAD
    0x0802e5f8   0x0802e5f8   0x000000a1   Data   RO          479    .conststring        uartcommandconsole.o
    0x0802e699   0x0802e699   0x00000003   PAD
    0x0802e69c   0x0802e69c   0x00000004   Data   RO         1632    .conststring        fatfs_user.o
    0x0802e6a0   0x0802e6a0   0x00000091   Data   RO         2216    .conststring        hk_ymodem.o
    0x0802e731   0x0802e731   0x00000003   PAD
    0x0802e734   0x0802e734   0x000000dd   Data   RO         3704    .conststring        freertos_cli.o
    0x0802e811   0x0802e811   0x00000003   PAD
    0x0802e814   0x0802e814   0x00000020   Data   RO         9788    Region$$Table       anon$$obj.o


    Execution Region RW_IRAM1 (Exec base: 0x20000000, Load base: 0x0802e834, Size: 0x00009920, Max: 0x00030000, ABSOLUTE, COMPRESSED[0x000001a0])

    Exec Addr    Load Addr    Size         Type   Attr      Idx    E Section Name        Object

    0x20000000   COMPRESSED   0x000000ac   Data   RW           29    .data               sample-cli-commands.o
    0x200000ac   COMPRESSED   0x00000008   Data   RW          382    .data               serial.o
    0x200000b4   COMPRESSED   0x00000008   Data   RW          480    .data               uartcommandconsole.o
    0x200000bc   COMPRESSED   0x00000001   Data   RW          939    .data               hk_i2c.o
    0x200000bd   COMPRESSED   0x00000003   PAD
    0x200000c0   COMPRESSED   0x00000024   Data   RW         1087    .data               emmc.o
    0x200000e4   COMPRESSED   0x0000000d   Data   RW         1280    .data               bmcupgrade.o
    0x200000f1   COMPRESSED   0x00000003   PAD
    0x200000f4   COMPRESSED   0x00000015   Data   RW         1377    .data               ipmb.o
    0x20000109   COMPRESSED   0x00000003   PAD
    0x2000010c   COMPRESSED   0x0000008c   Data   RW         1456    .data               ipmb_slave.o
    0x20000198   COMPRESSED   0x0000000c   Data   RW         1633    .data               fatfs_user.o
    0x200001a4   COMPRESSED   0x00000002   Data   RW         1772    .data               ff.o
    0x200001a6   COMPRESSED   0x00000002   PAD
    0x200001a8   COMPRESSED   0x00000020   Data   RW         2217    .data               hk_ymodem.o
    0x200001c8   COMPRESSED   0x00000428   Data   RW         2344    .data               hk_sensor.o
    0x200005f0   COMPRESSED   0x0000006c   Data   RW         2405    .data               hk_adc.o
    0x2000065c   COMPRESSED   0x0000007c   Data   RW         2605    .data               main.o
    0x200006d8   COMPRESSED   0x0000003c   Data   RW         3249    .data               tasks.o
    0x20000714   COMPRESSED   0x00000018   Data   RW         3575    .data               heap_4.o
    0x2000072c   COMPRESSED   0x0000000c   Data   RW         3629    .data               port.o
    0x20000738   COMPRESSED   0x00000014   Data   RW         3705    .data               freertos_cli.o
    0x2000074c   COMPRESSED   0x00000004   Data   RW         9294    .data               system_gd32f4xx.o
    0x20000750   COMPRESSED   0x00000004   Data   RW         9692    .data               mc_w.l(stdout.o)
    0x20000754   COMPRESSED   0x00000004   Data   RW         9729    .data               mc_w.l(mvars.o)
    0x20000758   COMPRESSED   0x00000004   Data   RW         9730    .data               mc_w.l(mvars.o)
    0x2000075c   COMPRESSED   0x00000004   Data   RW         9734    .data               mc_w.l(errno.o)
    0x20000760        -       0x00000010   Zero   RW           26    .bss                sample-cli-commands.o
    0x20000770        -       0x00000100   Zero   RW          477    .bss                uartcommandconsole.o
    0x20000870        -       0x00000020   Zero   RW         1086    .bss                emmc.o
    0x20000890        -       0x00000254   Zero   RW         1278    .bss                bmcupgrade.o
    0x20000ae4        -       0x00000050   Zero   RW         1566    .bss                diskio.o
    0x20000b34        -       0x00002054   Zero   RW         1630    .bss                fatfs_user.o
    0x20002b88        -       0x0000000c   Zero   RW         1770    .bss                ff.o
    0x20002b94        -       0x00000040   Zero   RW         2214    .bss                hk_ymodem.o
    0x20002bd4        -       0x00000060   Zero   RW         2342    .bss                hk_sensor.o
    0x20002c34        -       0x00000104   Zero   RW         3248    .bss                tasks.o
    0x20002d38        -       0x00006000   Zero   RW         3574    .bss                heap_4.o
    0x20008d38        -       0x000003e8   Zero   RW         3702    .bss                freertos_cli.o
    0x20009120        -       0x00000400   Zero   RW         9328    HEAP                startup_gd32f407_427.o
    0x20009520        -       0x00000400   Zero   RW         9327    STACK               startup_gd32f407_427.o


==============================================================================

Image component sizes


      Code (inc. data)   RO Data    RW Data    ZI Data      Debug   Object Name

        78          0          0          0          0       2010   basecpld.o
      3314       1178         12         13        596      37147   bmcupgrade.o
       760        104          0          0         80       6090   diskio.o
      6750        344          0         36         32      29380   emmc.o
         0          0          0          0          0       8084   event_groups.o
      1208        406         70         12       8276       7569   fatfs_user.o
      8390        116         44          2         12      35657   ff.o
       584        114          0          0          0       5507   fmc.o
       538         36        237         20       1000       5888   freertos_cli.o
      1406         88          0          0          0       8242   gd25qxx.o
       780         26          0          0          0      10588   gd32f4xx_adc.o
       824          4          0          0          0       6075   gd32f4xx_dma.o
       436         44          0          0          0       5103   gd32f4xx_fmc.o
       262          0          0          0          0       4349   gd32f4xx_gpio.o
       494         16          0          0          0       8029   gd32f4xx_i2c.o
        28          0          0          0          0       3003   gd32f4xx_it.o
       240         28          0          0          0       2112   gd32f4xx_misc.o
       436         44          0          0          0       4151   gd32f4xx_rcu.o
       648        142          0          0          0      16107   gd32f4xx_sdio.o
        88          0          0          0          0       3726   gd32f4xx_spi.o
       730         18          0          0          0      10816   gd32f4xx_usart.o
       692         62          0         24      24576       4663   heap_4.o
       514         20          0        108          0       3610   hk_adc.o
       350          0          0          0          0       3710   hk_common.o
      2208        368         90          1          0       7724   hk_i2c.o
      1242        198         15       1064         96       6617   hk_sensor.o
        88         20          0          0          0        907   hk_wdg.o
      2320        584        185         32         64       9834   hk_ymodem.o
       704        170          0         21          0       5868   ipmb.o
      3414        352          0        140          0      12156   ipmb_slave.o
       148          0          0          0          0       3446   list.o
       504         94          0        124          0       3867   main.o
       120          0          0          0          0       4570   online_check.o
       524         40          0          0          0       1480   pin.o
      1014         92          0         12          0      12285   port.o
      2190         20          0          0          0      18244   queue.o
      2506        610        634        172         16     106460   sample-cli-commands.o
       574         62          0          8          0      14273   serial.o
        36          8        392          0       2048        876   startup_gd32f407_427.o
       460         28          0          4          0       2695   system_gd32f4xx.o
      3230        412          0         60        260      27219   tasks.o
       416         38        173          8        256       2931   uartcommandconsole.o

    ----------------------------------------------------------------------
     51302       5886       1896       1872      37312     473068   Object Totals
         0          0         32          0          0          0   (incl. Generated)
        54          0         12         11          0          0   (incl. Padding)

    ----------------------------------------------------------------------

      Code (inc. data)   RO Data    RW Data    ZI Data      Debug   Library Member Name

       140         22          0          0          0        132   frexp.o
       266         16          0          0          0        308   narrow.o
        32          6          0          0          0        124   strtof.o
        94          0          0          0          0          0   __dclz77c.o
        64          0          0          0          0         84   _sgetc.o
         8          4        133          0          0         68   ctype_o.o
         0          0          0          0          0          0   entry.o
         0          0          0          0          0          0   entry10a.o
         0          0          0          0          0          0   entry11a.o
         4          0          0          0          0          0   entry12b.o
         8          4          0          0          0          0   entry2.o
         4          0          0          0          0          0   entry5.o
         0          0          0          0          0          0   entry7b.o
         0          0          0          0          0          0   entry8b.o
         8          4          0          0          0          0   entry9a.o
        12          6          0          4          0         68   errno.o
        30          0          0          0          0          0   handlers.o
        36          8          0          0          0         68   init.o
        18          0          0          0          0         76   isspace_o.o
         0          0          0          0          0          0   iusefp.o
        30          0          0          0          0         68   llshl.o
        36          0          0          0          0         68   llsshr.o
        32          0          0          0          0         68   llushr.o
       188         20          0          0          0        160   malloc.o
        36          0          0          0          0         68   memcpya.o
        36          0          0          0          0        108   memseta.o
         0          0          0          8          0          0   mvars.o
      2218         90          0          0          0        464   printfa.o
       878         12          0          0          0        216   scanf_fp.o
         0          0          0          4          0          0   stdout.o
        24          0          0          0          0         68   strcat.o
        18          0          0          0          0         68   strcpy.o
        14          0          0          0          0         68   strlen.o
        40          0          0          0          0         76   strncat.o
        30          0          0          0          0         80   strncmp.o
        24          0          0          0          0         76   strncpy.o
        36          0          0          0          0         80   strstr.o
       156         12          0          0          0        120   strtod.o
        26          0          0          0          0         80   strtof.o
        44          0          0          0          0         80   uidiv.o
        98          0          0          0          0         92   uldiv.o
        48          0          0          0          0         68   cdcmple.o
        48          0          0          0          0         68   cdrcmple.o
        56          0          0          0          0         88   d2f.o
       334          0          0          0          0        148   dadd.o
       222          0          0          0          0        100   ddiv.o
       186          0          0          0          0        176   depilogue.o
        62          0          0          0          0         80   dfixi.o
        48          0          0          0          0         68   dfixul.o
        24          0          0          0          0         76   dfltul.o
       228          0          0          0          0         96   dmul.o
        38          0          0          0          0         68   f2d.o
       110          0          0          0          0        168   fepilogue.o
         4          0          0          0          0         68   fpstat.o

    ----------------------------------------------------------------------
      6110        212        136         16          0       4308   Library Totals
        14          8          3          0          0          0   (incl. Padding)

    ----------------------------------------------------------------------

      Code (inc. data)   RO Data    RW Data    ZI Data      Debug   Library Name

       438         44          0          0          0        564   m_wm.l
      4250        160        133         16          0       2472   mc_w.l
      1408          0          0          0          0       1272   mf_w.l

    ----------------------------------------------------------------------
      6110        212        136         16          0       4308   Library Totals

    ----------------------------------------------------------------------

==============================================================================


      Code (inc. data)   RO Data    RW Data    ZI Data      Debug   

     57412       6098       2032       1888      37312     438132   Grand Totals
     57412       6098       2032        416      37312     438132   ELF Image Totals (compressed)
     57412       6098       2032        416          0          0   ROM Totals

==============================================================================

    Total RO  Size (Code + RO Data)                59444 (  58.05kB)
    Total RW  Size (RW Data + ZI Data)             39200 (  38.28kB)
    Total ROM Size (Code + RO Data + RW Data)      59860 (  58.46kB)

==============================================================================

