<html>
<body>
<pre>
<h1>µVision Build Log</h1>
<h2>Tool Versions:</h2>
IDE-Version: ¦ÌVision V5.14.0.0
Copyright (C) 2015 ARM Ltd and ARM Germany GmbH. All rights reserved.
License Information: 1 Microsoft, Microsoft, LIC=21EUH-WBBE2-ADVKK-ZIEKN-U0XQR-0TNX8
 
Tool Versions:
Toolchain:       MDK-ARM Standard  Version: 5.14.0.0
Toolchain Path:  E:\Keil_v5\ARM\ARMCC\Bin
C Compiler:      Armcc.exe V5.05 update 1 (build 106)
Assembler:       Armasm.exe V5.05 update 1 (build 106)
Linker/Locator:  ArmLink.exe V5.05 update 1 (build 106)
Library Manager: ArmAr.exe V5.05 update 1 (build 106)
Hex Converter:   FromElf.exe V5.05 update 1 (build 106)
CPU DLL:         SARMCM3.DLL V5.14.0.0
Dialog DLL:      DCM.DLL V1.13.1.0
Target DLL:      Segger\JL2CM3.dll V2.88.0.0
Dialog DLL:      TCM.DLL V1.14.4.0
 
<h2>Project:</h2>
D:\Desktop\hjl\01-BMC-CODE-V6.0-FOR-LS\MDK\GD32450Z_EVAL.uvprojx
Project File Date:  07/04/2023

<h2>Output:</h2>
Rebuild target 'GD32F427ZKT6_APP'
compiling Sample-CLI-commands.c...
compiling serial.c...
compiling UARTCommandConsole.c...
compiling fmc.c...
compiling gd25qxx.c...
compiling basecpld.c...
compiling bootload.c...
compiling biosupgrade.c...
compiling hk_sys_warn.c...
compiling hk_i2c.c...
compiling pin.c...
compiling emmc.c...
compiling bmcupgrade.c...
compiling ipmb.c...
compiling ipmb_slave.c...
compiling diskio.c...
compiling fatfs_user.c...
compiling ff.c...
compiling hk_wdg.c...
compiling common.c...
compiling download.c...
compiling ymodem.c...
compiling hk_common.c...
compiling hk_ymodem.c...
compiling hk_sensor.c...
compiling hk_adc.c...
compiling online_check.c...
compiling gd32f4xx_it.c...
compiling main.c...
compiling systick.c...
compiling croutine.c...
compiling event_groups.c...
compiling list.c...
compiling queue.c...
compiling stream_buffer.c...
compiling tasks.c...
compiling timers.c...
compiling heap_4.c...
compiling port.c...
compiling FreeRTOS_CLI.c...
compiling gd32f450z_eval.c...
compiling gd32f4xx_adc.c...
compiling gd32f4xx_can.c...
compiling gd32f4xx_crc.c...
compiling gd32f4xx_ctc.c...
compiling gd32f4xx_dac.c...
compiling gd32f4xx_dbg.c...
compiling gd32f4xx_dci.c...
compiling gd32f4xx_dma.c...
compiling gd32f4xx_enet.c...
compiling gd32f4xx_exmc.c...
compiling gd32f4xx_exti.c...
compiling gd32f4xx_fmc.c...
compiling gd32f4xx_fwdgt.c...
compiling gd32f4xx_gpio.c...
compiling gd32f4xx_i2c.c...
compiling gd32f4xx_ipa.c...
compiling gd32f4xx_iref.c...
compiling gd32f4xx_misc.c...
compiling gd32f4xx_pmu.c...
compiling gd32f4xx_rcu.c...
compiling gd32f4xx_rtc.c...
compiling gd32f4xx_sdio.c...
compiling gd32f4xx_spi.c...
compiling gd32f4xx_syscfg.c...
compiling gd32f4xx_timer.c...
compiling gd32f4xx_tli.c...
compiling gd32f4xx_trng.c...
compiling gd32f4xx_usart.c...
compiling gd32f4xx_wwdgt.c...
compiling system_gd32f4xx.c...
assembling startup_gd32f407_427.s...
linking...
Program Size: Code=56868 RO-data=2032 RW-data=1884 ZI-data=37316  
FromELF: creating hex file...
".\output\app\LaiSi_APP.axf" - 0 Error(s), 0 Warning(s).

<h2>Collection of Component include folders:</h2>
  D:\Desktop\hjl\01-BMC-CODE-V6.0-FOR-LS\MDK\RTE
  E:\Keil_v5\ARM\PACK\GigaDevice\GD32F4xx_DFP\3.0.0

<h2>Collection of Component Files used:</h2>
</pre>
</body>
</html>
